Component: Arm Compiler for Embedded 6.23 Tool: armlink [5f102400]

==============================================================================

Section Cross References

    startup_stm32f103xb.o(STACK) refers (Special) to heapauxi.o(.text) for __use_two_region_memory
    startup_stm32f103xb.o(HEAP) refers (Special) to heapauxi.o(.text) for __use_two_region_memory
    startup_stm32f103xb.o(RESET) refers (Special) to heapauxi.o(.text) for __use_two_region_memory
    startup_stm32f103xb.o(RESET) refers to startup_stm32f103xb.o(STACK) for __initial_sp
    startup_stm32f103xb.o(RESET) refers to startup_stm32f103xb.o(.text) for Reset_Handler
    startup_stm32f103xb.o(RESET) refers to stm32f1xx_it.o(.text.NMI_Handler) for NMI_Handler
    startup_stm32f103xb.o(RESET) refers to stm32f1xx_it.o(.text.HardFault_Handler) for HardFault_Handler
    startup_stm32f103xb.o(RESET) refers to stm32f1xx_it.o(.text.MemManage_Handler) for MemManage_Handler
    startup_stm32f103xb.o(RESET) refers to stm32f1xx_it.o(.text.BusFault_Handler) for BusFault_Handler
    startup_stm32f103xb.o(RESET) refers to stm32f1xx_it.o(.text.UsageFault_Handler) for UsageFault_Handler
    startup_stm32f103xb.o(RESET) refers to port.o(.text.SVC_Handler) for SVC_Handler
    startup_stm32f103xb.o(RESET) refers to stm32f1xx_it.o(.text.DebugMon_Handler) for DebugMon_Handler
    startup_stm32f103xb.o(RESET) refers to port.o(.text.PendSV_Handler) for PendSV_Handler
    startup_stm32f103xb.o(RESET) refers to port.o(.text.SysTick_Handler) for SysTick_Handler
    startup_stm32f103xb.o(RESET) refers to stm32f1xx_it.o(.text.TIM4_IRQHandler) for TIM4_IRQHandler
    startup_stm32f103xb.o(.text) refers (Special) to heapauxi.o(.text) for __use_two_region_memory
    startup_stm32f103xb.o(.text) refers to system_stm32f1xx.o(.text.SystemInit) for SystemInit
    startup_stm32f103xb.o(.text) refers to __main.o(!!!main) for __main
    startup_stm32f103xb.o(.text) refers to startup_stm32f103xb.o(HEAP) for Heap_Mem
    startup_stm32f103xb.o(.text) refers to startup_stm32f103xb.o(STACK) for Stack_Mem
    main.o(.text.mPrint) refers to main.o(.bss..L_MergedGlobals) for .L_MergedGlobals
    main.o(.text.mPrint) refers to vsnprintf.o(.text) for vsnprintf
    main.o(.text.mPrint) refers to main.o(.bss.huart1) for huart1
    main.o(.text.mPrint) refers to stm32f1xx_hal_uart.o(.text.HAL_UART_Transmit) for HAL_UART_Transmit
    main.o(.ARM.exidx.text.mPrint) refers to main.o(.text.mPrint) for [Anonymous Symbol]
    main.o(.text.main) refers to stm32f1xx_hal.o(.text.HAL_Init) for HAL_Init
    main.o(.text.main) refers to stm32f1xx_hal_rcc.o(.text.HAL_RCC_OscConfig) for HAL_RCC_OscConfig
    main.o(.text.main) refers to stm32f1xx_hal_rcc.o(.text.HAL_RCC_ClockConfig) for HAL_RCC_ClockConfig
    main.o(.text.main) refers to main.o(.bss.huart1) for huart1
    main.o(.text.main) refers to stm32f1xx_hal_uart.o(.text.HAL_UART_Init) for HAL_UART_Init
    main.o(.text.main) refers to cmsis_os.o(.text.osThreadCreate) for osThreadCreate
    main.o(.text.main) refers to main.o(.bss..L_MergedGlobals) for .L_MergedGlobals
    main.o(.text.main) refers to cmsis_os.o(.text.osKernelStart) for osKernelStart
    main.o(.text.main) refers to main.o(.rodata.str1.1) for [Anonymous Symbol]
    main.o(.text.main) refers to main.o(.text.StartTask01) for StartTask01
    main.o(.text.main) refers to main.o(.text.StartTask02) for StartTask02
    main.o(.ARM.exidx.text.main) refers to main.o(.text.main) for [Anonymous Symbol]
    main.o(.text.SystemClock_Config) refers to stm32f1xx_hal_rcc.o(.text.HAL_RCC_OscConfig) for HAL_RCC_OscConfig
    main.o(.text.SystemClock_Config) refers to stm32f1xx_hal_rcc.o(.text.HAL_RCC_ClockConfig) for HAL_RCC_ClockConfig
    main.o(.ARM.exidx.text.SystemClock_Config) refers to main.o(.text.SystemClock_Config) for [Anonymous Symbol]
    main.o(.text.StartTask01) refers to event_groups.o(.text.xEventGroupCreate) for xEventGroupCreate
    main.o(.text.StartTask01) refers to main.o(.bss..L_MergedGlobals) for .L_MergedGlobals
    main.o(.text.StartTask01) refers to cmsis_os.o(.text.osDelay) for osDelay
    main.o(.text.StartTask01) refers to main.o(.text.mPrint) for mPrint
    main.o(.text.StartTask01) refers to event_groups.o(.text.xEventGroupWaitBits) for xEventGroupWaitBits
    main.o(.ARM.exidx.text.StartTask01) refers to main.o(.text.StartTask01) for [Anonymous Symbol]
    main.o(.text.StartTask02) refers to main.o(.bss..L_MergedGlobals) for .L_MergedGlobals
    main.o(.text.StartTask02) refers to main.o(.text.mPrint) for mPrint
    main.o(.text.StartTask02) refers to event_groups.o(.text.xEventGroupSetBits) for xEventGroupSetBits
    main.o(.text.StartTask02) refers to cmsis_os.o(.text.osDelay) for osDelay
    main.o(.ARM.exidx.text.StartTask02) refers to main.o(.text.StartTask02) for [Anonymous Symbol]
    main.o(.ARM.exidx.text.Error_Handler) refers to main.o(.text.Error_Handler) for [Anonymous Symbol]
[...]
    [Anonymous Symbol]                       0x080015f4   Section        0  stm32f1xx_hal.o(.text.HAL_Init)
    [Anonymous Symbol]                       0x0800161c   Section        0  stm32f1xx_hal_timebase_tim.o(.text.HAL_InitTick)
    [Anonymous Symbol]                       0x080016d0   Section        0  stm32f1xx_hal_msp.o(.text.HAL_MspInit)
    [Anonymous Symbol]                       0x08001720   Section        0  stm32f1xx_hal_cortex.o(.text.HAL_NVIC_EnableIRQ)
    [Anonymous Symbol]                       0x08001744   Section        0  stm32f1xx_hal_cortex.o(.text.HAL_NVIC_SetPriority)
    [Anonymous Symbol]                       0x0800179c   Section        0  stm32f1xx_hal_cortex.o(.text.HAL_NVIC_SetPriorityGrouping)
    [Anonymous Symbol]                       0x080017bc   Section        0  stm32f1xx_hal_rcc.o(.text.HAL_RCC_ClockConfig)
    [Anonymous Symbol]                       0x08001978   Section        0  stm32f1xx_hal_rcc.o(.text.HAL_RCC_GetClockConfig)
    [Anonymous Symbol]                       0x080019bc   Section        0  stm32f1xx_hal_rcc.o(.text.HAL_RCC_GetPCLK1Freq)
    [Anonymous Symbol]                       0x080019e4   Section        0  stm32f1xx_hal_rcc.o(.text.HAL_RCC_GetPCLK2Freq)
    [Anonymous Symbol]                       0x08001a0c   Section        0  stm32f1xx_hal_rcc.o(.text.HAL_RCC_OscConfig)
    [Anonymous Symbol]                       0x08001e0c   Section        0  stm32f1xx_hal_tim_ex.o(.text.HAL_TIMEx_BreakCallback)
    [Anonymous Symbol]                       0x08001e10   Section        0  stm32f1xx_hal_tim_ex.o(.text.HAL_TIMEx_CommutCallback)
    [Anonymous Symbol]                       0x08001e14   Section        0  stm32f1xx_hal_tim.o(.text.HAL_TIM_Base_Init)
    [Anonymous Symbol]                       0x08001f10   Section        0  stm32f1xx_hal_tim.o(.text.HAL_TIM_Base_MspInit)
    [Anonymous Symbol]                       0x08001f14   Section        0  stm32f1xx_hal_tim.o(.text.HAL_TIM_Base_Start_IT)
    [Anonymous Symbol]                       0x08001f84   Section        0  stm32f1xx_hal_tim.o(.text.HAL_TIM_IC_CaptureCallback)
    [Anonymous Symbol]                       0x08001f88   Section        0  stm32f1xx_hal_tim.o(.text.HAL_TIM_IRQHandler)
    [Anonymous Symbol]                       0x080020d8   Section        0  stm32f1xx_hal_tim.o(.text.HAL_TIM_OC_DelayElapsedCallback)
    [Anonymous Symbol]                       0x080020dc   Section        0  stm32f1xx_hal_tim.o(.text.HAL_TIM_PWM_PulseFinishedCallback)
    [Anonymous Symbol]                       0x080020e0   Section        0  main.o(.text.HAL_TIM_PeriodElapsedCallback)
    [Anonymous Symbol]                       0x080020f4   Section        0  stm32f1xx_hal_tim.o(.text.HAL_TIM_TriggerCallback)
    [Anonymous Symbol]                       0x080020f8   Section        0  stm32f1xx_hal_uart.o(.text.HAL_UART_Init)
    [Anonymous Symbol]                       0x080021dc   Section        0  stm32f1xx_hal_msp.o(.text.HAL_UART_MspInit)
    [Anonymous Symbol]                       0x0800225c   Section        0  stm32f1xx_hal_uart.o(.text.HAL_UART_Transmit)
    [Anonymous Symbol]                       0x080023f0   Section        0  stm32f1xx_it.o(.text.HardFault_Handler)
    [Anonymous Symbol]                       0x080023f4   Section        0  stm32f1xx_it.o(.text.MemManage_Handler)
    [Anonymous Symbol]                       0x080023f8   Section        0  stm32f1xx_it.o(.text.NMI_Handler)
    [Anonymous Symbol]                       0x080023fc   Section        0  port.o(.text.PendSV_Handler)
    [Anonymous Symbol]                       0x08002440   Section        0  port.o(.text.SVC_Handler)
    [Anonymous Symbol]                       0x08002464   Section        0  main.o(.text.StartTask01)
    [Anonymous Symbol]                       0x08002504   Section        0  main.o(.text.StartTask02)
    [Anonymous Symbol]                       0x08002568   Section        0  port.o(.text.SysTick_Handler)
    [Anonymous Symbol]                       0x08002598   Section        0  system_stm32f1xx.o(.text.SystemInit)
    [Anonymous Symbol]                       0x0800259c   Section        0  stm32f1xx_it.o(.text.TIM4_IRQHandler)
    [Anonymous Symbol]                       0x080025a8   Section        0  stm32f1xx_it.o(.text.UsageFault_Handler)
    [Anonymous Symbol]                       0x080025ac   Section        0  main.o(.text.mPrint)
    [Anonymous Symbol]                       0x080025f0   Section        0  main.o(.text.main)
    [Anonymous Symbol]                       0x08002744   Section        0  cmsis_os.o(.text.osDelay)
    [Anonymous Symbol]                       0x08002754   Section        0  cmsis_os.o(.text.osKernelStart)
    [Anonymous Symbol]                       0x08002760   Section        0  cmsis_os.o(.text.osThreadCreate)
    prvAddCurrentTaskToDelayedList           0x080027bd   Thumb Code   134  tasks.o(.text.prvAddCurrentTaskToDelayedList)
    [Anonymous Symbol]                       0x080027bc   Section        0  tasks.o(.text.prvAddCurrentTaskToDelayedList)
    prvAddNewTaskToReadyList                 0x08002845   Thumb Code   252  tasks.o(.text.prvAddNewTaskToReadyList)
    [Anonymous Symbol]                       0x08002844   Section        0  tasks.o(.text.prvAddNewTaskToReadyList)
    prvIdleTask                              0x08002941   Thumb Code   134  tasks.o(.text.prvIdleTask)
    [Anonymous Symbol]                       0x08002940   Section        0  tasks.o(.text.prvIdleTask)
    prvInitialiseNewTask                     0x080029c9   Thumb Code   244  tasks.o(.text.prvInitialiseNewTask)
    [Anonymous Symbol]                       0x080029c8   Section        0  tasks.o(.text.prvInitialiseNewTask)
    prvPortStartFirstTask                    0x08002abd   Thumb Code    32  port.o(.text.prvPortStartFirstTask)
    [Anonymous Symbol]                       0x08002abc   Section        0  port.o(.text.prvPortStartFirstTask)
    prvTaskExitError                         0x08002add   Thumb Code    62  port.o(.text.prvTaskExitError)
    [Anonymous Symbol]                       0x08002adc   Section        0  port.o(.text.prvTaskExitError)
    [Anonymous Symbol]                       0x08002b1c   Section        0  heap_4.o(.text.pvPortMalloc)
    [Anonymous Symbol]                       0x08002d04   Section        0  port.o(.text.pxPortInitialiseStack)
    [Anonymous Symbol]                       0x08002d24   Section        0  list.o(.text.uxListRemove)
    [Anonymous Symbol]                       0x08002d48   Section        0  tasks.o(.text.uxTaskResetEventItemValue)
    [Anonymous Symbol]                       0x08002d64   Section        0  freertos.o(.text.vApplicationGetIdleTaskMemory)
    [Anonymous Symbol]                       0x08002d80   Section        0  list.o(.text.vListInitialise)
    [Anonymous Symbol]                       0x08002d98   Section        0  list.o(.text.vListInitialiseItem)
    [Anonymous Symbol]                       0x08002da0   Section        0  list.o(.text.vListInsert)
    [Anonymous Symbol]                       0x08002e08   Section        0  list.o(.text.vListInsertEnd)
    [Anonymous Symbol]                       0x08002e24   Section        0  port.o(.text.vPortEnterCritical)
    [Anonymous Symbol]                       0x08002e6c   Section        0  port.o(.text.vPortExitCritical)
    [Anonymous Symbol]                       0x08002e9c   Section        0  heap_4.o(.text.vPortFree)
    [Anonymous Symbol]                       0x08002f7c   Section        0  port.o(.text.vPortSetupTimerInterrupt)
    [Anonymous Symbol]                       0x08002fb0   Section        0  tasks.o(.text.vTaskDelay)
    [Anonymous Symbol]                       0x08003050   Section        0  tasks.o(.text.vTaskPlaceOnUnorderedEventList)
    [Anonymous Symbol]                       0x080030a8   Section        0  tasks.o(.text.vTaskRemoveFromUnorderedEventList)
    [Anonymous Symbol]                       0x0800312c   Section        0  tasks.o(.text.vTaskStartScheduler)
    [Anonymous Symbol]                       0x080031f8   Section        0  tasks.o(.text.vTaskSuspendAll)
    __tagsym$$used.0                         0x08003208   Number         0  tasks.o(.text.vTaskSwitchContext)
    [Anonymous Symbol]                       0x08003208   Section        0  tasks.o(.text.vTaskSwitchContext)
    [Anonymous Symbol]                       0x08003278   Section        0  event_groups.o(.text.xEventGroupCreate)
    [Anonymous Symbol]                       0x0800329c   Section        0  event_groups.o(.text.xEventGroupSetBits)
    [Anonymous Symbol]                       0x08003338   Section        0  event_groups.o(.text.xEventGroupWaitBits)
    [Anonymous Symbol]                       0x08003478   Section        0  port.o(.text.xPortStartScheduler)
    [Anonymous Symbol]                       0x080035e0   Section        0  tasks.o(.text.xTaskCreate)
    [Anonymous Symbol]                       0x08003640   Section        0  tasks.o(.text.xTaskCreateStatic)
    [Anonymous Symbol]                       0x080036b8   Section        0  tasks.o(.text.xTaskGetSchedulerState)
    [Anonymous Symbol]                       0x080036d8   Section        0  tasks.o(.text.xTaskIncrementTick)
    [Anonymous Symbol]                       0x080037e0   Section        0  tasks.o(.text.xTaskResumeAll)
    CL$$btod_d2e                             0x080038ca   Section       62  btod.o(CL$$btod_d2e)
    CL$$btod_d2e_denorm_low                  0x08003908   Section       70  btod.o(CL$$btod_d2e_denorm_low)
    CL$$btod_d2e_norm_op1                    0x0800394e   Section       96  btod.o(CL$$btod_d2e_norm_op1)
    CL$$btod_div_common                      0x080039b0   Section      824  btod.o(CL$$btod_div_common)
    CL$$btod_e2e                             0x08003ce8   Section      220  btod.o(CL$$btod_e2e)
    CL$$btod_ediv                            0x08003dc4   Section       42  btod.o(CL$$btod_ediv)
    CL$$btod_emul                            0x08003dee   Section       42  btod.o(CL$$btod_emul)
    CL$$btod_mult_common                     0x08003e18   Section      580  btod.o(CL$$btod_mult_common)
    i.__ARM_fpclassify                       0x0800405c   Section        0  fpclassify.o(i.__ARM_fpclassify)
    i._is_digit                              0x08004084   Section        0  __printf_wp.o(i._is_digit)
    locale$$code                             0x08004094   Section       44  lc_numeric_c.o(locale$$code)
    locale$$code                             0x080040c0   Section       44  lc_ctype_c.o(locale$$code)
    x$fpl$printf1                            0x080040ec   Section        4  printf1.o(x$fpl$printf1)
    x$fpl$printf2                            0x080040f0   Section        4  printf2.o(x$fpl$printf2)
    initial_mbstate                          0x080040f4   Data           8  _printf_wctomb.o(.constdata)
    .constdata                               0x080040f4   Section        8  _printf_wctomb.o(.constdata)
    x$fpl$usenofp                            0x080040f4   Section        0  usenofp.o(x$fpl$usenofp)
    uc_hextab                                0x080040fc   Data          20  _printf_hex_int_ll_ptr.o(.constdata)
    .constdata                               0x080040fc   Section       40  _printf_hex_int_ll_ptr.o(.constdata)
    lc_hextab                                0x08004110   Data          20  _printf_hex_int_ll_ptr.o(.constdata)
    maptable                                 0x08004124   Data          17  __printf_flags_ss_wp.o(.constdata)
    .constdata                               0x08004124   Section       17  __printf_flags_ss_wp.o(.constdata)
    lc_hextab                                0x08004135   Data          19  _printf_fp_hex.o(.constdata)
    .constdata                               0x08004135   Section       38  _printf_fp_hex.o(.constdata)
    uc_hextab                                0x08004148   Data          19  _printf_fp_hex.o(.constdata)
    tenpwrs_x                                0x0800415c   Data          60  bigflt0.o(.constdata)
    .constdata                               0x0800415c   Section      148  bigflt0.o(.constdata)
    tenpwrs_i                                0x08004198   Data          64  bigflt0.o(.constdata)
    HAL_RCC_GetSysClockFreq.aPredivFactorTable 0x08004208   Data           2  stm32f1xx_hal_rcc.o(.rodata.HAL_RCC_GetSysClockFreq.aPredivFactorTable)
    [Anonymous Symbol]                       0x08004208   Section        0  stm32f1xx_hal_rcc.o(.rodata.HAL_RCC_GetSysClockFreq.aPredivFactorTable)
    HAL_RCC_GetSysClockFreq.aPLLMULFactorTable 0x0800420a   Data          16  stm32f1xx_hal_rcc.o(.rodata.cst16)
    [Anonymous Symbol]                       0x0800420a   Section        0  stm32f1xx_hal_rcc.o(.rodata.cst16)
    [Anonymous Symbol]                       0x0800421a   Section        0  main.o(.rodata.str1.1)
    locale$$data                             0x08004248   Section       28  lc_numeric_c.o(locale$$data)
    __lcnum_c_name                           0x0800424c   Data           2  lc_numeric_c.o(locale$$data)
    __lcnum_c_start                          0x08004254   Data           0  lc_numeric_c.o(locale$$data)
    __lcnum_c_point                          0x08004260   Data           0  lc_numeric_c.o(locale$$data)
    __lcnum_c_thousands                      0x08004262   Data           0  lc_numeric_c.o(locale$$data)
    __lcnum_c_grouping                       0x08004263   Data           0  lc_numeric_c.o(locale$$data)
    __lcnum_c_end                            0x08004264   Data           0  lc_numeric_c.o(locale$$data)
    locale$$data                             0x08004264   Section      272  lc_ctype_c.o(locale$$data)
    __lcctype_c_name                         0x08004268   Data           2  lc_ctype_c.o(locale$$data)
    __lcctype_c_start                        0x08004270   Data           0  lc_ctype_c.o(locale$$data)
    __lcctype_c_end                          0x08004374   Data           0  lc_ctype_c.o(locale$$data)
    .L_MergedGlobals                         0x20000000   Data           8  stm32f1xx_hal.o(.data..L_MergedGlobals)
    [Anonymous Symbol]                       0x20000000   Section        0  stm32f1xx_hal.o(.data..L_MergedGlobals)
    uxCriticalNesting                        0x2000000c   Data           4  port.o(.data.uxCriticalNesting)
    [Anonymous Symbol]                       0x2000000c   Section        0  port.o(.data.uxCriticalNesting)
    .bss                                     0x20000010   Section       96  libspace.o(.bss)
    .L_MergedGlobals                         0x20000070   Data          60  main.o(.bss..L_MergedGlobals)
    [Anonymous Symbol]                       0x20000070   Section        0  main.o(.bss..L_MergedGlobals)
    .L_MergedGlobals                         0x200000ac   Data         120  tasks.o(.bss..L_MergedGlobals)
    [Anonymous Symbol]                       0x200000ac   Section        0  tasks.o(.bss..L_MergedGlobals)
    uxTopReadyPriority                       0x200000b0   Data           4  tasks.o(.bss..L_MergedGlobals)
    uxTaskNumber                             0x200000b4   Data           4  tasks.o(.bss..L_MergedGlobals)
    uxDeletedTasksWaitingCleanUp             0x200000b8   Data           4  tasks.o(.bss..L_MergedGlobals)
    uxCurrentNumberOfTasks                   0x200000bc   Data           4  tasks.o(.bss..L_MergedGlobals)
    xSchedulerRunning                        0x200000c0   Data           4  tasks.o(.bss..L_MergedGlobals)
    uxSchedulerSuspended                     0x200000c4   Data           4  tasks.o(.bss..L_MergedGlobals)
    pxDelayedTaskList                        0x200000c8   Data           4  tasks.o(.bss..L_MergedGlobals)
    pxOverflowDelayedTaskList                0x200000cc   Data           4  tasks.o(.bss..L_MergedGlobals)
    xIdleTaskHandle                          0x200000d0   Data           4  tasks.o(.bss..L_MergedGlobals)
    xNextTaskUnblockTime                     0x200000d4   Data           4  tasks.o(.bss..L_MergedGlobals)
    xTickCount                               0x200000d8   Data           4  tasks.o(.bss..L_MergedGlobals)
    xYieldPending                            0x200000dc   Data           4  tasks.o(.bss..L_MergedGlobals)
    xPendedTicks                             0x200000e0   Data           4  tasks.o(.bss..L_MergedGlobals)
    xNumOfOverflows                          0x200000e4   Data           4  tasks.o(.bss..L_MergedGlobals)
    xTasksWaitingTermination                 0x200000e8   Data          20  tasks.o(.bss..L_MergedGlobals)
    xSuspendedTaskList                       0x200000fc   Data          20  tasks.o(.bss..L_MergedGlobals)
    xPendingReadyList                        0x20000110   Data          20  tasks.o(.bss..L_MergedGlobals)
    .L_MergedGlobals                         0x20000124   Data          32  heap_4.o(.bss..L_MergedGlobals)
    xBlockAllocatedBit                       0x20000124   Data           1  heap_4.o(.bss..L_MergedGlobals)
    [Anonymous Symbol]                       0x20000124   Section        0  heap_4.o(.bss..L_MergedGlobals)
    pxEnd                                    0x20000128   Data           4  heap_4.o(.bss..L_MergedGlobals)
    xFreeBytesRemaining                      0x2000012c   Data           4  heap_4.o(.bss..L_MergedGlobals)
    xMinimumEverFreeBytesRemaining           0x20000130   Data           4  heap_4.o(.bss..L_MergedGlobals)
    xNumberOfSuccessfulAllocations           0x20000134   Data           4  heap_4.o(.bss..L_MergedGlobals)
    xNumberOfSuccessfulFrees                 0x20000138   Data           4  heap_4.o(.bss..L_MergedGlobals)
    xStart                                   0x2000013c   Data           8  heap_4.o(.bss..L_MergedGlobals)
    .L_MergedGlobals                         0x20000144   Data           8  port.o(.bss..L_MergedGlobals)
    ucMaxSysCallPriority                     0x20000144   Data           1  port.o(.bss..L_MergedGlobals)
    [Anonymous Symbol]                       0x20000144   Section        0  port.o(.bss..L_MergedGlobals)
    ulMaxPRIGROUPValue                       0x20000148   Data           4  port.o(.bss..L_MergedGlobals)
    .L_MergedGlobals.2                       0x2000014c   Data          40  tasks.o(.bss..L_MergedGlobals.2)
    xDelayedTaskList1                        0x2000014c   Data          20  tasks.o(.bss..L_MergedGlobals.2)
    [Anonymous Symbol]                       0x2000014c   Section        0  tasks.o(.bss..L_MergedGlobals.2)
    xDelayedTaskList2                        0x20000160   Data          20  tasks.o(.bss..L_MergedGlobals.2)
    pxReadyTasksLists                        0x20000204   Data         140  tasks.o(.bss.pxReadyTasksLists)
    [Anonymous Symbol]                       0x20000204   Section        0  tasks.o(.bss.pxReadyTasksLists)
    ucHeap                                   0x20000290   Data        3072  heap_4.o(.bss.ucHeap)
    [Anonymous Symbol]                       0x20000290   Section        0  heap_4.o(.bss.ucHeap)
    xIdleStack                               0x20000e94   Data         512  freertos.o(.bss.xIdleStack)
    [Anonymous Symbol]                       0x20000e94   Section        0  freertos.o(.bss.xIdleStack)
    xIdleTaskTCBBuffer                       0x20001094   Data          84  freertos.o(.bss.xIdleTaskTCBBuffer)
    [Anonymous Symbol]                       0x20001094   Section        0  freertos.o(.bss.xIdleTaskTCBBuffer)
    Heap_Mem                                 0x200010e8   Data         512  startup_stm32f103xb.o(HEAP)
    HEAP                                     0x200010e8   Section      512  startup_stm32f103xb.o(HEAP)
    Stack_Mem                                0x200012e8   Data        1024  startup_stm32f103xb.o(STACK)
    STACK                                    0x200012e8   Section     1024  startup_stm32f103xb.o(STACK)
    __initial_sp                             0x200016e8   Data           0  startup_stm32f103xb.o(STACK)

    Global Symbols

    Symbol Name                              Value     Ov Type        Size  Object(Section)

    BuildAttributes$$THM_ISAv4$P$D$K$B$S$PE$A:L22UL41UL21$X:L11$S22US41US21$IEEE1$IW$~IW$USESV6$~STKCKD$USESV7$~SHL$OTIME$ROPI$IEEEJ$EBA8$UX$STANDARDLIB$REQ8$PRES8$EABIv2 0x00000000   Number         0  anon$$obj.o ABSOLUTE
    __fp_init_empty                          0x00000000   Number         0  fpinit_empty.o ABSOLUTE
    _printf_flags                            0x00000000   Number         0  printf_stubs.o ABSOLUTE
    _printf_return_value                     0x00000000   Number         0  printf_stubs.o ABSOLUTE
    _printf_sizespec                         0x00000000   Number         0  printf_stubs.o ABSOLUTE
    _printf_widthprec                        0x00000000   Number         0  printf_stubs.o ABSOLUTE
    __ARM_exceptions_init                     - Undefined Weak Reference
    __alloca_initialize                       - Undefined Weak Reference
    __arm_preinit_                            - Undefined Weak Reference
    __arm_relocate_pie_                       - Undefined Weak Reference
    __cpp_initialize__aeabi_                  - Undefined Weak Reference
    __cxa_finalize                            - Undefined Weak Reference
    __sigvec_lookup                           - Undefined Weak Reference
    _atexit_init                              - Undefined Weak Reference
    _call_atexit_fns                          - Undefined Weak Reference
    _clock_init                               - Undefined Weak Reference
    _fp_trap_init                             - Undefined Weak Reference
    _fp_trap_shutdown                         - Undefined Weak Reference
    _get_lc_collate                           - Undefined Weak Reference
    _get_lc_monetary                          - Undefined Weak Reference
    _get_lc_time                              - Undefined Weak Reference
    _getenv_init                              - Undefined Weak Reference
    _handle_redirection                       - Undefined Weak Reference
    _init_alloc                               - Undefined Weak Reference
    _init_user_alloc                          - Undefined Weak Reference
    _initio                                   - Undefined Weak Reference
    _printf_mbtowc                            - Undefined Weak Reference
    _printf_wc                                - Undefined Weak Reference
    _rand_init                                - Undefined Weak Reference
    _signal_finish                            - Undefined Weak Reference
    _signal_init                              - Undefined Weak Reference
    _terminate_alloc                          - Undefined Weak Reference
    _terminate_user_alloc                     - Undefined Weak Reference
    _terminateio                              - Undefined Weak Reference
    __Vectors_Size                           0x000000ec   Number         0  startup_stm32f103xb.o ABSOLUTE
    __Vectors                                0x08000000   Data           4  startup_stm32f103xb.o(RESET)
    __Vectors_End                            0x080000ec   Data           0  startup_stm32f103xb.o(RESET)
    __main                                   0x080000ed   Thumb Code     8  __main.o(!!!main)
    __scatterload                            0x080000f5   Thumb Code     0  __scatter.o(!!!scatter)
    __scatterload_rt2                        0x080000f5   Thumb Code    84  __scatter.o(!!!scatter)
    __scatterload_rt2_thumb_only             0x080000f5   Thumb Code     0  __scatter.o(!!!scatter)
    __scatterload_loop                       0x080000ff   Thumb Code     0  __scatter.o(!!!scatter)
    __scatterload_copy                       0x08000151   Thumb Code    26  __scatter_copy.o(!!handler_copy)
    __scatterload_null                       0x0800016d   Thumb Code     2  __scatter.o(!!handler_null)
    __scatterload_zeroinit                   0x08000171   Thumb Code    28  __scatter_zi.o(!!handler_zi)
    _printf_n                                0x0800018d   Thumb Code     0  _printf_n.o(.ARM.Collect$$_printf_percent$$00000001)
    _printf_percent                          0x0800018d   Thumb Code     0  _printf_percent.o(.ARM.Collect$$_printf_percent$$00000000)
    _printf_p                                0x08000193   Thumb Code     0  _printf_p.o(.ARM.Collect$$_printf_percent$$00000002)
    _printf_f                                0x08000199   Thumb Code     0  _printf_f.o(.ARM.Collect$$_printf_percent$$00000003)
    _printf_e                                0x0800019f   Thumb Code     0  _printf_e.o(.ARM.Collect$$_printf_percent$$00000004)
    _printf_g                                0x080001a5   Thumb Code     0  _printf_g.o(.ARM.Collect$$_printf_percent$$00000005)
    _printf_a                                0x080001ab   Thumb Code     0  _printf_a.o(.ARM.Collect$$_printf_percent$$00000006)
    _printf_ll                               0x080001b1   Thumb Code     0  _printf_ll.o(.ARM.Collect$$_printf_percent$$00000007)
    _printf_i                                0x080001bb   Thumb Code     0  _printf_i.o(.ARM.Collect$$_printf_percent$$00000008)
    _printf_d                                0x080001c1   Thumb Code     0  _printf_d.o(.ARM.Collect$$_printf_percent$$00000009)
    _printf_u                                0x080001c7   Thumb Code     0  _printf_u.o(.ARM.Collect$$_printf_percent$$0000000A)
    _printf_o                                0x080001cd   Thumb Code     0  _printf_o.o(.ARM.Collect$$_printf_percent$$0000000B)
    _printf_x                                0x080001d3   Thumb Code     0  _printf_x.o(.ARM.Collect$$_printf_percent$$0000000C)
    _printf_lli                              0x080001d9   Thumb Code     0  _printf_lli.o(.ARM.Collect$$_printf_percent$$0000000D)
    _printf_lld                              0x080001df   Thumb Code     0  _printf_lld.o(.ARM.Collect$$_printf_percent$$0000000E)
    _printf_llu                              0x080001e5   Thumb Code     0  _printf_llu.o(.ARM.Collect$$_printf_percent$$0000000F)
    _printf_llo                              0x080001eb   Thumb Code     0  _printf_llo.o(.ARM.Collect$$_printf_percent$$00000010)
    _printf_llx                              0x080001f1   Thumb Code     0  _printf_llx.o(.ARM.Collect$$_printf_percent$$00000011)
    _printf_l                                0x080001f7   Thumb Code     0  _printf_l.o(.ARM.Collect$$_printf_percent$$00000012)
    _printf_c                                0x08000201   Thumb Code     0  _printf_c.o(.ARM.Collect$$_printf_percent$$00000013)
    _printf_s                                0x08000207   Thumb Code     0  _printf_s.o(.ARM.Collect$$_printf_percent$$00000014)
    _printf_lc                               0x0800020d   Thumb Code     0  _printf_lc.o(.ARM.Collect$$_printf_percent$$00000015)
    _printf_ls                               0x08000213   Thumb Code     0  _printf_ls.o(.ARM.Collect$$_printf_percent$$00000016)
    _printf_percent_end                      0x08000219   Thumb Code     0  _printf_percent_end.o(.ARM.Collect$$_printf_percent$$00000017)
    __rt_lib_init                            0x0800021d   Thumb Code     0  libinit.o(.ARM.Collect$$libinit$$00000000)
    __rt_lib_init_fp_1                       0x0800021f   Thumb Code     0  libinit2.o(.ARM.Collect$$libinit$$00000002)
    __rt_lib_init_heap_1                     0x0800021f   Thumb Code     0  libinit2.o(.ARM.Collect$$libinit$$0000000C)
    __rt_lib_init_lc_common                  0x0800021f   Thumb Code     0  libinit2.o(.ARM.Collect$$libinit$$00000011)
    __rt_lib_init_preinit_1                  0x0800021f   Thumb Code     0  libinit2.o(.ARM.Collect$$libinit$$00000006)
    __rt_lib_init_rand_1                     0x0800021f   Thumb Code     0  libinit2.o(.ARM.Collect$$libinit$$00000010)
    __rt_lib_init_relocate_pie_1             0x0800021f   Thumb Code     0  libinit2.o(.ARM.Collect$$libinit$$00000004)
    __rt_lib_init_user_alloc_1               0x0800021f   Thumb Code     0  libinit2.o(.ARM.Collect$$libinit$$0000000E)
    __rt_lib_init_lc_collate_1               0x08000225   Thumb Code     0  libinit2.o(.ARM.Collect$$libinit$$00000013)
    __rt_lib_init_lc_ctype_2                 0x08000225   Thumb Code     0  libinit2.o(.ARM.Collect$$libinit$$00000014)
    __rt_lib_init_lc_ctype_1                 0x08000231   Thumb Code     0  libinit2.o(.ARM.Collect$$libinit$$00000015)
    __rt_lib_init_lc_monetary_1              0x08000231   Thumb Code     0  libinit2.o(.ARM.Collect$$libinit$$00000017)
    __rt_lib_init_lc_numeric_2               0x08000231   Thumb Code     0  libinit2.o(.ARM.Collect$$libinit$$00000018)
    __rt_lib_init_alloca_1                   0x0800023b   Thumb Code     0  libinit2.o(.ARM.Collect$$libinit$$00000030)
    __rt_lib_init_argv_1                     0x0800023b   Thumb Code     0  libinit2.o(.ARM.Collect$$libinit$$0000002E)
    __rt_lib_init_atexit_1                   0x0800023b   Thumb Code     0  libinit2.o(.ARM.Collect$$libinit$$0000001D)
    __rt_lib_init_clock_1                    0x0800023b   Thumb Code     0  libinit2.o(.ARM.Collect$$libinit$$00000023)
    __rt_lib_init_cpp_1                      0x0800023b   Thumb Code     0  libinit2.o(.ARM.Collect$$libinit$$00000034)
    __rt_lib_init_exceptions_1               0x0800023b   Thumb Code     0  libinit2.o(.ARM.Collect$$libinit$$00000032)
    __rt_lib_init_fp_trap_1                  0x0800023b   Thumb Code     0  libinit2.o(.ARM.Collect$$libinit$$00000021)
    __rt_lib_init_getenv_1                   0x0800023b   Thumb Code     0  libinit2.o(.ARM.Collect$$libinit$$00000025)
    __rt_lib_init_lc_numeric_1               0x0800023b   Thumb Code     0  libinit2.o(.ARM.Collect$$libinit$$00000019)
    __rt_lib_init_lc_time_1                  0x0800023b   Thumb Code     0  libinit2.o(.ARM.Collect$$libinit$$0000001B)
    __rt_lib_init_return                     0x0800023b   Thumb Code     0  libinit2.o(.ARM.Collect$$libinit$$00000035)
    __rt_lib_init_signal_1                   0x0800023b   Thumb Code     0  libinit2.o(.ARM.Collect$$libinit$$0000001F)
    __rt_lib_init_stdio_1                    0x0800023b   Thumb Code     0  libinit2.o(.ARM.Collect$$libinit$$00000027)
    __rt_lib_shutdown                        0x0800023d   Thumb Code     0  libshutdown.o(.ARM.Collect$$libshutdown$$00000000)
    __rt_lib_shutdown_cpp_1                  0x0800023f   Thumb Code     0  libshutdown2.o(.ARM.Collect$$libshutdown$$00000002)
    __rt_lib_shutdown_fp_trap_1              0x0800023f   Thumb Code     0  libshutdown2.o(.ARM.Collect$$libshutdown$$00000007)
    __rt_lib_shutdown_heap_1                 0x0800023f   Thumb Code     0  libshutdown2.o(.ARM.Collect$$libshutdown$$0000000F)
    __rt_lib_shutdown_return                 0x0800023f   Thumb Code     0  libshutdown2.o(.ARM.Collect$$libshutdown$$00000010)
    __rt_lib_shutdown_signal_1               0x0800023f   Thumb Code     0  libshutdown2.o(.ARM.Collect$$libshutdown$$0000000A)
    __rt_lib_shutdown_stdio_1                0x0800023f   Thumb Code     0  libshutdown2.o(.ARM.Collect$$libshutdown$$00000004)
    __rt_lib_shutdown_user_alloc_1           0x0800023f   Thumb Code     0  libshutdown2.o(.ARM.Collect$$libshutdown$$0000000C)
    __rt_entry                               0x08000241   Thumb Code     0  __rtentry.o(.ARM.Collect$$rtentry$$00000000)
    __rt_entry_presh_1                       0x08000241   Thumb Code     0  __rtentry2.o(.ARM.Collect$$rtentry$$00000002)
    __rt_entry_sh                            0x08000241   Thumb Code     0  __rtentry4.o(.ARM.Collect$$rtentry$$00000004)
    __rt_entry_li                            0x08000247   Thumb Code     0  __rtentry2.o(.ARM.Collect$$rtentry$$0000000A)
    __rt_entry_postsh_1                      0x08000247   Thumb Code     0  __rtentry2.o(.ARM.Collect$$rtentry$$00000009)
    __rt_entry_main                          0x0800024b   Thumb Code     0  __rtentry2.o(.ARM.Collect$$rtentry$$0000000D)
    __rt_entry_postli_1                      0x0800024b   Thumb Code     0  __rtentry2.o(.ARM.Collect$$rtentry$$0000000C)
    __rt_exit                                0x08000253   Thumb Code     0  rtexit.o(.ARM.Collect$$rtexit$$00000000)
    __rt_exit_ls                             0x08000255   Thumb Code     0  rtexit2.o(.ARM.Collect$$rtexit$$00000003)
    __rt_exit_prels_1                        0x08000255   Thumb Code     0  rtexit2.o(.ARM.Collect$$rtexit$$00000002)
    __rt_exit_exit                           0x08000259   Thumb Code     0  rtexit2.o(.ARM.Collect$$rtexit$$00000004)
    Reset_Handler                            0x08000261   Thumb Code     8  startup_stm32f103xb.o(.text)
    ADC1_2_IRQHandler                        0x0800027b   Thumb Code     0  startup_stm32f103xb.o(.text)
    CAN1_RX1_IRQHandler                      0x0800027b   Thumb Code     0  startup_stm32f103xb.o(.text)
    CAN1_SCE_IRQHandler                      0x0800027b   Thumb Code     0  startup_stm32f103xb.o(.text)
    DMA1_Channel1_IRQHandler                 0x0800027b   Thumb Code     0  startup_stm32f103xb.o(.text)
    DMA1_Channel2_IRQHandler                 0x0800027b   Thumb Code     0  startup_stm32f103xb.o(.text)
    DMA1_Channel3_IRQHandler                 0x0800027b   Thumb Code     0  startup_stm32f103xb.o(.text)
    DMA1_Channel4_IRQHandler                 0x0800027b   Thumb Code     0  startup_stm32f103xb.o(.text)
    DMA1_Channel5_IRQHandler                 0x0800027b   Thumb Code     0  startup_stm32f103xb.o(.text)
    DMA1_Channel6_IRQHandler                 0x0800027b   Thumb Code     0  startup_stm32f103xb.o(.text)
    DMA1_Channel7_IRQHandler                 0x0800027b   Thumb Code     0  startup_stm32f103xb.o(.text)
    EXTI0_IRQHandler                         0x0800027b   Thumb Code     0  startup_stm32f103xb.o(.text)
    EXTI15_10_IRQHandler                     0x0800027b   Thumb Code     0  startup_stm32f103xb.o(.text)
    EXTI1_IRQHandler                         0x0800027b   Thumb Code     0  startup_stm32f103xb.o(.text)
    EXTI2_IRQHandler                         0x0800027b   Thumb Code     0  startup_stm32f103xb.o(.text)
    EXTI3_IRQHandler                         0x0800027b   Thumb Code     0  startup_stm32f103xb.o(.text)
    EXTI4_IRQHandler                         0x0800027b   Thumb Code     0  startup_stm32f103xb.o(.text)
    EXTI9_5_IRQHandler                       0x0800027b   Thumb Code     0  startup_stm32f103xb.o(.text)
    FLASH_IRQHandler                         0x0800027b   Thumb Code     0  startup_stm32f103xb.o(.text)
    I2C1_ER_IRQHandler                       0x0800027b   Thumb Code     0  startup_stm32f103xb.o(.text)
    I2C1_EV_IRQHandler                       0x0800027b   Thumb Code     0  startup_stm32f103xb.o(.text)
    I2C2_ER_IRQHandler                       0x0800027b   Thumb Code     0  startup_stm32f103xb.o(.text)
    I2C2_EV_IRQHandler                       0x0800027b   Thumb Code     0  startup_stm32f103xb.o(.text)
    PVD_IRQHandler                           0x0800027b   Thumb Code     0  startup_stm32f103xb.o(.text)
    RCC_IRQHandler                           0x0800027b   Thumb Code     0  startup_stm32f103xb.o(.text)
    RTC_Alarm_IRQHandler                     0x0800027b   Thumb Code     0  startup_stm32f103xb.o(.text)
    RTC_IRQHandler                           0x0800027b   Thumb Code     0  startup_stm32f103xb.o(.text)
    SPI1_IRQHandler                          0x0800027b   Thumb Code     0  startup_stm32f103xb.o(.text)
    SPI2_IRQHandler                          0x0800027b   Thumb Code     0  startup_stm32f103xb.o(.text)
    TAMPER_IRQHandler                        0x0800027b   Thumb Code     0  startup_stm32f103xb.o(.text)
    TIM1_BRK_IRQHandler                      0x0800027b   Thumb Code     0  startup_stm32f103xb.o(.text)
    TIM1_CC_IRQHandler                       0x0800027b   Thumb Code     0  startup_stm32f103xb.o(.text)
    TIM1_TRG_COM_IRQHandler                  0x0800027b   Thumb Code     0  startup_stm32f103xb.o(.text)
    TIM1_UP_IRQHandler                       0x0800027b   Thumb Code     0  startup_stm32f103xb.o(.text)
    TIM2_IRQHandler                          0x0800027b   Thumb Code     0  startup_stm32f103xb.o(.text)
    TIM3_IRQHandler                          0x0800027b   Thumb Code     0  startup_stm32f103xb.o(.text)
    USART1_IRQHandler                        0x0800027b   Thumb Code     0  startup_stm32f103xb.o(.text)
    USART2_IRQHandler                        0x0800027b   Thumb Code     0  startup_stm32f103xb.o(.text)
    USART3_IRQHandler                        0x0800027b   Thumb Code     0  startup_stm32f103xb.o(.text)
    USBWakeUp_IRQHandler                     0x0800027b   Thumb Code     0  startup_stm32f103xb.o(.text)
    USB_HP_CAN1_TX_IRQHandler                0x0800027b   Thumb Code     0  startup_stm32f103xb.o(.text)
    USB_LP_CAN1_RX0_IRQHandler               0x0800027b   Thumb Code     0  startup_stm32f103xb.o(.text)
    WWDG_IRQHandler                          0x0800027b   Thumb Code     0  startup_stm32f103xb.o(.text)
    __user_initial_stackheap                 0x0800027d   Thumb Code     0  startup_stm32f103xb.o(.text)
    vsnprintf                                0x080002a1   Thumb Code    56  vsnprintf.o(.text)
    __use_two_region_memory                  0x080002dd   Thumb Code     2  heapauxi.o(.text)
    __rt_heap_escrow$2region                 0x080002df   Thumb Code     2  heapauxi.o(.text)
    __rt_heap_expand$2region                 0x080002e1   Thumb Code     2  heapauxi.o(.text)
    _printf_pre_padding                      0x080002e3   Thumb Code    44  _printf_pad.o(.text)
    _printf_post_padding                     0x0800030f   Thumb Code    34  _printf_pad.o(.text)
    _printf_truncate_signed                  0x08000331   Thumb Code    18  _printf_truncate.o(.text)
    _printf_truncate_unsigned                0x08000343   Thumb Code    18  _printf_truncate.o(.text)
    _printf_str                              0x08000355   Thumb Code    82  _printf_str.o(.text)
    _printf_int_dec                          0x080003a9   Thumb Code   104  _printf_dec.o(.text)
    _printf_charcount                        0x08000421   Thumb Code    40  _printf_charcount.o(.text)
    _printf_char_common                      0x08000453   Thumb Code    32  _printf_char_common.o(.text)
    _snputc                                  0x08000479   Thumb Code    16  _snputc.o(.text)
    _printf_wctomb                           0x08000489   Thumb Code   182  _printf_wctomb.o(.text)
    _printf_longlong_dec                     0x08000545   Thumb Code   108  _printf_longlong_dec.o(.text)
    _printf_longlong_oct                     0x080005c1   Thumb Code    68  _printf_oct_int_ll.o(.text)
    _printf_int_oct                          0x08000605   Thumb Code    24  _printf_oct_int_ll.o(.text)
    _printf_ll_oct                           0x0800061d   Thumb Code    12  _printf_oct_int_ll.o(.text)
    _printf_longlong_hex                     0x08000631   Thumb Code    86  _printf_hex_int_ll_ptr.o(.text)
    _printf_int_hex                          0x08000687   Thumb Code    28  _printf_hex_int_ll_ptr.o(.text)
    _printf_ll_hex                           0x080006a3   Thumb Code    12  _printf_hex_int_ll_ptr.o(.text)
    _printf_hex_ptr                          0x080006af   Thumb Code    18  _printf_hex_int_ll_ptr.o(.text)
    __printf                                 0x080006c5   Thumb Code   388  __printf_flags_ss_wp.o(.text)
    _ll_udiv10                               0x0800084d   Thumb Code   138  lludiv10.o(.text)
    _printf_int_common                       0x080008d7   Thumb Code   178  _printf_intcommon.o(.text)
    _printf_fp_dec_real                      0x08000b39   Thumb Code   620  _printf_fp_dec.o(.text)
    _printf_fp_hex_real                      0x08000da5   Thumb Code   756  _printf_fp_hex.o(.text)
    _printf_cs_common                        0x080010a1   Thumb Code    20  _printf_char.o(.text)
    _printf_char                             0x080010b5   Thumb Code    16  _printf_char.o(.text)
    _printf_string                           0x080010c5   Thumb Code     8  _printf_char.o(.text)
    _printf_lcs_common                       0x080010cd   Thumb Code    20  _printf_wchar.o(.text)
    _printf_wchar                            0x080010e1   Thumb Code    16  _printf_wchar.o(.text)
    _printf_wstring                          0x080010f1   Thumb Code     8  _printf_wchar.o(.text)
    _c16rtomb                                0x080010f9   Thumb Code    72  _c16rtomb.o(.text)
    _wcrtomb                                 0x080010f9   Thumb Code     0  _c16rtomb.o(.text)
    __user_setup_stackheap                   0x08001141   Thumb Code    74  sys_stackheap_outer.o(.text)
    __rt_ctype_table                         0x0800118d   Thumb Code    16  rt_ctype_table.o(.text)
    __rt_locale                              0x0800119d   Thumb Code     8  rt_locale_intlibspace.o(.text)
    _printf_fp_infnan                        0x080011a5   Thumb Code   112  _printf_fp_infnan.o(.text)
    _btod_etento                             0x08001225   Thumb Code   224  bigflt0.o(.text)
    exit                                     0x08001309   Thumb Code    18  exit.o(.text)
    __user_libspace                          0x0800131d   Thumb Code     8  libspace.o(.text)
    __user_perproc_libspace                  0x0800131d   Thumb Code     0  libspace.o(.text)
    __user_perthread_libspace                0x0800131d   Thumb Code     0  libspace.o(.text)
    strcmp                                   0x08001325   Thumb Code   128  strcmpv7m.o(.text)
    _sys_exit                                0x080013a5   Thumb Code     8  sys_exit.o(.text)
    __I$use$semihosting                      0x080013b1   Thumb Code     0  use_no_semi.o(.text)
    __use_no_semihosting_swi                 0x080013b1   Thumb Code     2  use_no_semi.o(.text)
    __semihosting_library_function           0x080013b3   Thumb Code     0  indicate_semi.o(.text)
    BusFault_Handler                         0x080013b5   Thumb Code     2  stm32f1xx_it.o(.text.BusFault_Handler)
    DebugMon_Handler                         0x080013b9   Thumb Code     2  stm32f1xx_it.o(.text.DebugMon_Handler)
    HAL_GPIO_Init                            0x080013bd   Thumb Code   526  stm32f1xx_hal_gpio.o(.text.HAL_GPIO_Init)
    HAL_GetTick                              0x080015cd   Thumb Code    12  stm32f1xx_hal.o(.text.HAL_GetTick)
    HAL_IncTick                              0x080015d9   Thumb Code    26  stm32f1xx_hal.o(.text.HAL_IncTick)
    HAL_Init                                 0x080015f5   Thumb Code    38  stm32f1xx_hal.o(.text.HAL_Init)
    HAL_InitTick                             0x0800161d   Thumb Code   178  stm32f1xx_hal_timebase_tim.o(.text.HAL_InitTick)
    HAL_MspInit                              0x080016d1   Thumb Code    80  stm32f1xx_hal_msp.o(.text.HAL_MspInit)
    HAL_NVIC_EnableIRQ                       0x08001721   Thumb Code    34  stm32f1xx_hal_cortex.o(.text.HAL_NVIC_EnableIRQ)
    HAL_NVIC_SetPriority                     0x08001745   Thumb Code    86  stm32f1xx_hal_cortex.o(.text.HAL_NVIC_SetPriority)
    HAL_NVIC_SetPriorityGrouping             0x0800179d   Thumb Code    32  stm32f1xx_hal_cortex.o(.text.HAL_NVIC_SetPriorityGrouping)
    HAL_RCC_ClockConfig                      0x080017bd   Thumb Code   442  stm32f1xx_hal_rcc.o(.text.HAL_RCC_ClockConfig)
    HAL_RCC_GetClockConfig                   0x08001979   Thumb Code    66  stm32f1xx_hal_rcc.o(.text.HAL_RCC_GetClockConfig)
    HAL_RCC_GetPCLK1Freq                     0x080019bd   Thumb Code    38  stm32f1xx_hal_rcc.o(.text.HAL_RCC_GetPCLK1Freq)
    HAL_RCC_GetPCLK2Freq                     0x080019e5   Thumb Code    38  stm32f1xx_hal_rcc.o(.text.HAL_RCC_GetPCLK2Freq)
    HAL_RCC_OscConfig                        0x08001a0d   Thumb Code  1024  stm32f1xx_hal_rcc.o(.text.HAL_RCC_OscConfig)
    HAL_TIMEx_BreakCallback                  0x08001e0d   Thumb Code     2  stm32f1xx_hal_tim_ex.o(.text.HAL_TIMEx_BreakCallback)
    HAL_TIMEx_CommutCallback                 0x08001e11   Thumb Code     2  stm32f1xx_hal_tim_ex.o(.text.HAL_TIMEx_CommutCallback)
    HAL_TIM_Base_Init                        0x08001e15   Thumb Code   250  stm32f1xx_hal_tim.o(.text.HAL_TIM_Base_Init)
    HAL_TIM_Base_MspInit                     0x08001f11   Thumb Code     2  stm32f1xx_hal_tim.o(.text.HAL_TIM_Base_MspInit)
    HAL_TIM_Base_Start_IT                    0x08001f15   Thumb Code   110  stm32f1xx_hal_tim.o(.text.HAL_TIM_Base_Start_IT)
    HAL_TIM_IC_CaptureCallback               0x08001f85   Thumb Code     2  stm32f1xx_hal_tim.o(.text.HAL_TIM_IC_CaptureCallback)
    HAL_TIM_IRQHandler                       0x08001f89   Thumb Code   334  stm32f1xx_hal_tim.o(.text.HAL_TIM_IRQHandler)
    HAL_TIM_OC_DelayElapsedCallback          0x080020d9   Thumb Code     2  stm32f1xx_hal_tim.o(.text.HAL_TIM_OC_DelayElapsedCallback)
    HAL_TIM_PWM_PulseFinishedCallback        0x080020dd   Thumb Code     2  stm32f1xx_hal_tim.o(.text.HAL_TIM_PWM_PulseFinishedCallback)
    HAL_TIM_PeriodElapsedCallback            0x080020e1   Thumb Code    20  main.o(.text.HAL_TIM_PeriodElapsedCallback)
    HAL_TIM_TriggerCallback                  0x080020f5   Thumb Code     2  stm32f1xx_hal_tim.o(.text.HAL_TIM_TriggerCallback)
    HAL_UART_Init                            0x080020f9   Thumb Code   226  stm32f1xx_hal_uart.o(.text.HAL_UART_Init)
    HAL_UART_MspInit                         0x080021dd   Thumb Code   126  stm32f1xx_hal_msp.o(.text.HAL_UART_MspInit)
    HAL_UART_Transmit                        0x0800225d   Thumb Code   402  stm32f1xx_hal_uart.o(.text.HAL_UART_Transmit)
    HardFault_Handler                        0x080023f1   Thumb Code     2  stm32f1xx_it.o(.text.HardFault_Handler)
    MemManage_Handler                        0x080023f5   Thumb Code     2  stm32f1xx_it.o(.text.MemManage_Handler)
    NMI_Handler                              0x080023f9   Thumb Code     2  stm32f1xx_it.o(.text.NMI_Handler)
    PendSV_Handler                           0x080023fd   Thumb Code    68  port.o(.text.PendSV_Handler)
    SVC_Handler                              0x08002441   Thumb Code    36  port.o(.text.SVC_Handler)
    StartTask01                              0x08002465   Thumb Code   104  main.o(.text.StartTask01)
    StartTask02                              0x08002505   Thumb Code    68  main.o(.text.StartTask02)
    SysTick_Handler                          0x08002569   Thumb Code    46  port.o(.text.SysTick_Handler)
    SystemInit                               0x08002599   Thumb Code     2  system_stm32f1xx.o(.text.SystemInit)
    TIM4_IRQHandler                          0x0800259d   Thumb Code    12  stm32f1xx_it.o(.text.TIM4_IRQHandler)
    UsageFault_Handler                       0x080025a9   Thumb Code     2  stm32f1xx_it.o(.text.UsageFault_Handler)
    mPrint                                   0x080025ad   Thumb Code    68  main.o(.text.mPrint)
    main                                     0x080025f1   Thumb Code   284  main.o(.text.main)
    osDelay                                  0x08002745   Thumb Code    16  cmsis_os.o(.text.osDelay)
    osKernelStart                            0x08002755   Thumb Code    10  cmsis_os.o(.text.osKernelStart)
    osThreadCreate                           0x08002761   Thumb Code    92  cmsis_os.o(.text.osThreadCreate)
    pvPortMalloc                             0x08002b1d   Thumb Code   488  heap_4.o(.text.pvPortMalloc)
    pxPortInitialiseStack                    0x08002d05   Thumb Code    32  port.o(.text.pxPortInitialiseStack)
    uxListRemove                             0x08002d25   Thumb Code    34  list.o(.text.uxListRemove)
    uxTaskResetEventItemValue                0x08002d49   Thumb Code    26  tasks.o(.text.uxTaskResetEventItemValue)
    vApplicationGetIdleTaskMemory            0x08002d65   Thumb Code    26  freertos.o(.text.vApplicationGetIdleTaskMemory)
    vListInitialise                          0x08002d81   Thumb Code    22  list.o(.text.vListInitialise)
    vListInitialiseItem                      0x08002d99   Thumb Code     6  list.o(.text.vListInitialiseItem)
    vListInsert                              0x08002da1   Thumb Code   102  list.o(.text.vListInsert)
    vListInsertEnd                           0x08002e09   Thumb Code    26  list.o(.text.vListInsertEnd)
    vPortEnterCritical                       0x08002e25   Thumb Code    70  port.o(.text.vPortEnterCritical)
    vPortExitCritical                        0x08002e6d   Thumb Code    46  port.o(.text.vPortExitCritical)
    vPortFree                                0x08002e9d   Thumb Code   222  heap_4.o(.text.vPortFree)
    vPortSetupTimerInterrupt                 0x08002f7d   Thumb Code    52  port.o(.text.vPortSetupTimerInterrupt)
    vTaskDelay                               0x08002fb1   Thumb Code   158  tasks.o(.text.vTaskDelay)
    vTaskPlaceOnUnorderedEventList           0x08003051   Thumb Code    86  tasks.o(.text.vTaskPlaceOnUnorderedEventList)
    vTaskRemoveFromUnorderedEventList        0x080030a9   Thumb Code   130  tasks.o(.text.vTaskRemoveFromUnorderedEventList)
    vTaskStartScheduler                      0x0800312d   Thumb Code   196  tasks.o(.text.vTaskStartScheduler)
    vTaskSuspendAll                          0x080031f9   Thumb Code    16  tasks.o(.text.vTaskSuspendAll)
    vTaskSwitchContext                       0x08003209   Thumb Code   110  tasks.o(.text.vTaskSwitchContext)
    xEventGroupCreate                        0x08003279   Thumb Code    34  event_groups.o(.text.xEventGroupCreate)
    xEventGroupSetBits                       0x0800329d   Thumb Code   154  event_groups.o(.text.xEventGroupSetBits)
    xEventGroupWaitBits                      0x08003339   Thumb Code   320  event_groups.o(.text.xEventGroupWaitBits)
    xPortStartScheduler                      0x08003479   Thumb Code   358  port.o(.text.xPortStartScheduler)
    xTaskCreate                              0x080035e1   Thumb Code    96  tasks.o(.text.xTaskCreate)
    xTaskCreateStatic                        0x08003641   Thumb Code   118  tasks.o(.text.xTaskCreateStatic)
    xTaskGetSchedulerState                   0x080036b9   Thumb Code    30  tasks.o(.text.xTaskGetSchedulerState)
    xTaskIncrementTick                       0x080036d9   Thumb Code   262  tasks.o(.text.xTaskIncrementTick)
    xTaskResumeAll                           0x080037e1   Thumb Code   234  tasks.o(.text.xTaskResumeAll)
    _btod_d2e                                0x080038cb   Thumb Code    62  btod.o(CL$$btod_d2e)
    _d2e_denorm_low                          0x08003909   Thumb Code    70  btod.o(CL$$btod_d2e_denorm_low)
    _d2e_norm_op1                            0x0800394f   Thumb Code    96  btod.o(CL$$btod_d2e_norm_op1)
    __btod_div_common                        0x080039b1   Thumb Code   696  btod.o(CL$$btod_div_common)
    _e2e                                     0x08003ce9   Thumb Code   220  btod.o(CL$$btod_e2e)
    _btod_ediv                               0x08003dc5   Thumb Code    42  btod.o(CL$$btod_ediv)
    _btod_emul                               0x08003def   Thumb Code    42  btod.o(CL$$btod_emul)
    __btod_mult_common                       0x08003e19   Thumb Code   580  btod.o(CL$$btod_mult_common)
    __ARM_fpclassify                         0x0800405d   Thumb Code    40  fpclassify.o(i.__ARM_fpclassify)
    _is_digit                                0x08004085   Thumb Code    14  __printf_wp.o(i._is_digit)
    _get_lc_numeric                          0x08004095   Thumb Code    44  lc_numeric_c.o(locale$$code)
    _get_lc_ctype                            0x080040c1   Thumb Code    44  lc_ctype_c.o(locale$$code)
    _printf_fp_dec                           0x080040ed   Thumb Code     4  printf1.o(x$fpl$printf1)
    _printf_fp_hex                           0x080040f1   Thumb Code     4  printf2.o(x$fpl$printf2)
    __I$use$fp                               0x080040f4   Number         0  usenofp.o(x$fpl$usenofp)
    AHBPrescTable                            0x080041f0   Data          16  system_stm32f1xx.o(.rodata.AHBPrescTable)
    APBPrescTable                            0x08004200   Data           8  system_stm32f1xx.o(.rodata.APBPrescTable)
    Region$$Table$$Base                      0x08004228   Number         0  anon$$obj.o(Region$$Table)
    Region$$Table$$Limit                     0x08004248   Number         0  anon$$obj.o(Region$$Table)
    __ctype                                  0x08004271   Data           0  lc_ctype_c.o(locale$$data)
    uwTickFreq                               0x20000000   Data           1  stm32f1xx_hal.o(.data..L_MergedGlobals)
    uwTickPrio                               0x20000004   Data           4  stm32f1xx_hal.o(.data..L_MergedGlobals)
    SystemCoreClock                          0x20000008   Data           4  system_stm32f1xx.o(.data.SystemCoreClock)
    __libspace_start                         0x20000010   Data          96  libspace.o(.bss)
    __temporary_stack_top$libspace           0x20000070   Data           0  libspace.o(.bss)
    cnt                                      0x20000070   Data           2  main.o(.bss..L_MergedGlobals)
    test                                     0x20000072   Data           2  main.o(.bss..L_MergedGlobals)
    Task01Handle                             0x20000074   Data           4  main.o(.bss..L_MergedGlobals)
    Task02Handle                             0x20000078   Data           4  main.o(.bss..L_MergedGlobals)
    eventGroupHandle                         0x2000007c   Data           4  main.o(.bss..L_MergedGlobals)
    EventB                                   0x20000080   Data           4  main.o(.bss..L_MergedGlobals)
    buff                                     0x20000084   Data          40  main.o(.bss..L_MergedGlobals)
    pxCurrentTCB                             0x200000ac   Data           4  tasks.o(.bss..L_MergedGlobals)
    htim4                                    0x20000174   Data          72  stm32f1xx_hal_timebase_tim.o(.bss.htim4)
    huart1                                   0x200001bc   Data          72  main.o(.bss.huart1)
    uwTick                                   0x20000e90   Data           4  stm32f1xx_hal.o(.bss.uwTick)



==============================================================================

Memory Map of the image

  Image Entry point : 0x080000ed

  Load Region LR_IROM1 (Base: 0x08000000, Size: 0x00004388, Max: 0x00010000, ABSOLUTE)

    Execution Region ER_IROM1 (Exec base: 0x08000000, Load base: 0x08000000, Size: 0x00004374, Max: 0x00010000, ABSOLUTE)

    Exec Addr    Load Addr    Size         Type   Attr      Idx    E Section Name        Object

    0x08000000   0x08000000   0x000000ec   Data   RO            3    RESET               startup_stm32f103xb.o
    0x080000ec   0x080000ec   0x00000008   Code   RO         1336  * !!!main             c_w.l(__main.o)
    0x080000f4   0x080000f4   0x0000005c   Code   RO         1679    !!!scatter          c_w.l(__scatter.o)
    0x08000150   0x08000150   0x0000001a   Code   RO         1683    !!handler_copy      c_w.l(__scatter_copy.o)
    0x0800016a   0x0800016a   0x00000002   PAD
    0x0800016c   0x0800016c   0x00000002   Code   RO         1680    !!handler_null      c_w.l(__scatter.o)
    0x0800016e   0x0800016e   0x00000002   PAD
    0x08000170   0x08000170   0x0000001c   Code   RO         1685    !!handler_zi        c_w.l(__scatter_zi.o)
    0x0800018c   0x0800018c   0x00000000   Code   RO         1420    .ARM.Collect$$_printf_percent$$00000000  c_w.l(_printf_percent.o)
    0x0800018c   0x0800018c   0x00000006   Code   RO         1409    .ARM.Collect$$_printf_percent$$00000001  c_w.l(_printf_n.o)
    0x08000192   0x08000192   0x00000006   Code   RO         1411    .ARM.Collect$$_printf_percent$$00000002  c_w.l(_printf_p.o)
    0x08000198   0x08000198   0x00000006   Code   RO         1416    .ARM.Collect$$_printf_percent$$00000003  c_w.l(_printf_f.o)
    0x0800019e   0x0800019e   0x00000006   Code   RO         1417    .ARM.Collect$$_printf_percent$$00000004  c_w.l(_printf_e.o)
    0x080001a4   0x080001a4   0x00000006   Code   RO         1418    .ARM.Collect$$_printf_percent$$00000005  c_w.l(_printf_g.o)
    0x080001aa   0x080001aa   0x00000006   Code   RO         1419    .ARM.Collect$$_printf_percent$$00000006  c_w.l(_printf_a.o)
    0x080001b0   0x080001b0   0x0000000a   Code   RO         1424    .ARM.Collect$$_printf_percent$$00000007  c_w.l(_printf_ll.o)
    0x080001ba   0x080001ba   0x00000006   Code   RO         1413    .ARM.Collect$$_printf_percent$$00000008  c_w.l(_printf_i.o)
    0x080001c0   0x080001c0   0x00000006   Code   RO         1414    .ARM.Collect$$_printf_percent$$00000009  c_w.l(_printf_d.o)
    0x080001c6   0x080001c6   0x00000006   Code   RO         1415    .ARM.Collect$$_printf_percent$$0000000A  c_w.l(_printf_u.o)
    0x080001cc   0x080001cc   0x00000006   Code   RO         1412    .ARM.Collect$$_printf_percent$$0000000B  c_w.l(_printf_o.o)
    0x080001d2   0x080001d2   0x00000006   Code   RO         1410    .ARM.Collect$$_printf_percent$$0000000C  c_w.l(_printf_x.o)
    0x080001d8   0x080001d8   0x00000006   Code   RO         1421    .ARM.Collect$$_printf_percent$$0000000D  c_w.l(_printf_lli.o)
    0x080001de   0x080001de   0x00000006   Code   RO         1422    .ARM.Collect$$_printf_percent$$0000000E  c_w.l(_printf_lld.o)
    0x080001e4   0x080001e4   0x00000006   Code   RO         1423    .ARM.Collect$$_printf_percent$$0000000F  c_w.l(_printf_llu.o)
    0x080001ea   0x080001ea   0x00000006   Code   RO         1428    .ARM.Collect$$_printf_percent$$00000010  c_w.l(_printf_llo.o)
    0x080001f0   0x080001f0   0x00000006   Code   RO         1429    .ARM.Collect$$_printf_percent$$00000011  c_w.l(_printf_llx.o)
    0x080001f6   0x080001f6   0x0000000a   Code   RO         1425    .ARM.Collect$$_printf_percent$$00000012  c_w.l(_printf_l.o)
    0x08000200   0x08000200   0x00000006   Code   RO         1407    .ARM.Collect$$_printf_percent$$00000013  c_w.l(_printf_c.o)
    0x08000206   0x08000206   0x00000006   Code   RO         1408    .ARM.Collect$$_printf_percent$$00000014  c_w.l(_printf_s.o)
    0x0800020c   0x0800020c   0x00000006   Code   RO         1426    .ARM.Collect$$_printf_percent$$00000015  c_w.l(_printf_lc.o)
    0x08000212   0x08000212   0x00000006   Code   RO         1427    .ARM.Collect$$_printf_percent$$00000016  c_w.l(_printf_ls.o)
    0x08000218   0x08000218   0x00000004   Code   RO         1474    .ARM.Collect$$_printf_percent$$00000017  c_w.l(_printf_percent_end.o)
    0x0800021c   0x0800021c   0x00000002   Code   RO         1527    .ARM.Collect$$libinit$$00000000  c_w.l(libinit.o)
    0x0800021e   0x0800021e   0x00000000   Code   RO         1546    .ARM.Collect$$libinit$$00000002  c_w.l(libinit2.o)
    0x0800021e   0x0800021e   0x00000000   Code   RO         1548    .ARM.Collect$$libinit$$00000004  c_w.l(libinit2.o)
    0x0800021e   0x0800021e   0x00000000   Code   RO         1550    .ARM.Collect$$libinit$$00000006  c_w.l(libinit2.o)
    0x0800021e   0x0800021e   0x00000000   Code   RO         1553    .ARM.Collect$$libinit$$0000000C  c_w.l(libinit2.o)
    0x0800021e   0x0800021e   0x00000000   Code   RO         1555    .ARM.Collect$$libinit$$0000000E  c_w.l(libinit2.o)
    0x0800021e   0x0800021e   0x00000000   Code   RO         1557    .ARM.Collect$$libinit$$00000010  c_w.l(libinit2.o)
    0x0800021e   0x0800021e   0x00000006   Code   RO         1558    .ARM.Collect$$libinit$$00000011  c_w.l(libinit2.o)
    0x08000224   0x08000224   0x00000000   Code   RO         1560    .ARM.Collect$$libinit$$00000013  c_w.l(libinit2.o)
    0x08000224   0x08000224   0x0000000c   Code   RO         1561    .ARM.Collect$$libinit$$00000014  c_w.l(libinit2.o)
    0x08000230   0x08000230   0x00000000   Code   RO         1562    .ARM.Collect$$libinit$$00000015  c_w.l(libinit2.o)
    0x08000230   0x08000230   0x00000000   Code   RO         1564    .ARM.Collect$$libinit$$00000017  c_w.l(libinit2.o)
    0x08000230   0x08000230   0x0000000a   Code   RO         1565    .ARM.Collect$$libinit$$00000018  c_w.l(libinit2.o)
    0x0800023a   0x0800023a   0x00000000   Code   RO         1566    .ARM.Collect$$libinit$$00000019  c_w.l(libinit2.o)
    0x0800023a   0x0800023a   0x00000000   Code   RO         1568    .ARM.Collect$$libinit$$0000001B  c_w.l(libinit2.o)
    0x0800023a   0x0800023a   0x00000000   Code   RO         1570    .ARM.Collect$$libinit$$0000001D  c_w.l(libinit2.o)
    0x0800023a   0x0800023a   0x00000000   Code   RO         1572    .ARM.Collect$$libinit$$0000001F  c_w.l(libinit2.o)
    0x0800023a   0x0800023a   0x00000000   Code   RO         1574    .ARM.Collect$$libinit$$00000021  c_w.l(libinit2.o)
    0x0800023a   0x0800023a   0x00000000   Code   RO         1576    .ARM.Collect$$libinit$$00000023  c_w.l(libinit2.o)
    0x0800023a   0x0800023a   0x00000000   Code   RO         1578    .ARM.Collect$$libinit$$00000025  c_w.l(libinit2.o)
    0x0800023a   0x0800023a   0x00000000   Code   RO         1580    .ARM.Collect$$libinit$$00000027  c_w.l(libinit2.o)
    0x0800023a   0x0800023a   0x00000000   Code   RO         1584    .ARM.Collect$$libinit$$0000002E  c_w.l(libinit2.o)
    0x0800023a   0x0800023a   0x00000000   Code   RO         1586    .ARM.Collect$$libinit$$00000030  c_w.l(libinit2.o)
    0x0800023a   0x0800023a   0x00000000   Code   RO         1588    .ARM.Collect$$libinit$$00000032  c_w.l(libinit2.o)
    0x0800023a   0x0800023a   0x00000000   Code   RO         1590    .ARM.Collect$$libinit$$00000034  c_w.l(libinit2.o)
    0x0800023a   0x0800023a   0x00000002   Code   RO         1591    .ARM.Collect$$libinit$$00000035  c_w.l(libinit2.o)
    0x0800023c   0x0800023c   0x00000002   Code   RO         1615    .ARM.Collect$$libshutdown$$00000000  c_w.l(libshutdown.o)
    0x0800023e   0x0800023e   0x00000000   Code   RO         1630    .ARM.Collect$$libshutdown$$00000002  c_w.l(libshutdown2.o)
    0x0800023e   0x0800023e   0x00000000   Code   RO         1632    .ARM.Collect$$libshutdown$$00000004  c_w.l(libshutdown2.o)
    0x0800023e   0x0800023e   0x00000000   Code   RO         1635    .ARM.Collect$$libshutdown$$00000007  c_w.l(libshutdown2.o)
    0x0800023e   0x0800023e   0x00000000   Code   RO         1638    .ARM.Collect$$libshutdown$$0000000A  c_w.l(libshutdown2.o)
    0x0800023e   0x0800023e   0x00000000   Code   RO         1640    .ARM.Collect$$libshutdown$$0000000C  c_w.l(libshutdown2.o)
    0x0800023e   0x0800023e   0x00000000   Code   RO         1643    .ARM.Collect$$libshutdown$$0000000F  c_w.l(libshutdown2.o)
    0x0800023e   0x0800023e   0x00000002   Code   RO         1644    .ARM.Collect$$libshutdown$$00000010  c_w.l(libshutdown2.o)
    0x08000240   0x08000240   0x00000000   Code   RO         1338    .ARM.Collect$$rtentry$$00000000  c_w.l(__rtentry.o)
    0x08000240   0x08000240   0x00000000   Code   RO         1443    .ARM.Collect$$rtentry$$00000002  c_w.l(__rtentry2.o)
    0x08000240   0x08000240   0x00000006   Code   RO         1455    .ARM.Collect$$rtentry$$00000004  c_w.l(__rtentry4.o)
    0x08000246   0x08000246   0x00000000   Code   RO         1445    .ARM.Collect$$rtentry$$00000009  c_w.l(__rtentry2.o)
    0x08000246   0x08000246   0x00000004   Code   RO         1446    .ARM.Collect$$rtentry$$0000000A  c_w.l(__rtentry2.o)
    0x0800024a   0x0800024a   0x00000000   Code   RO         1448    .ARM.Collect$$rtentry$$0000000C  c_w.l(__rtentry2.o)
    0x0800024a   0x0800024a   0x00000008   Code   RO         1449    .ARM.Collect$$rtentry$$0000000D  c_w.l(__rtentry2.o)
    0x08000252   0x08000252   0x00000002   Code   RO         1536    .ARM.Collect$$rtexit$$00000000  c_w.l(rtexit.o)
    0x08000254   0x08000254   0x00000000   Code   RO         1593    .ARM.Collect$$rtexit$$00000002  c_w.l(rtexit2.o)
    0x08000254   0x08000254   0x00000004   Code   RO         1594    .ARM.Collect$$rtexit$$00000003  c_w.l(rtexit2.o)
    0x08000258   0x08000258   0x00000006   Code   RO         1595    .ARM.Collect$$rtexit$$00000004  c_w.l(rtexit2.o)
    0x0800025e   0x0800025e   0x00000002   PAD
    0x08000260   0x08000260   0x00000040   Code   RO            4    .text               startup_stm32f103xb.o
    0x080002a0   0x080002a0   0x0000003c   Code   RO         1328    .text               c_w.l(vsnprintf.o)
    0x080002dc   0x080002dc   0x00000006   Code   RO         1334    .text               c_w.l(heapauxi.o)
    0x080002e2   0x080002e2   0x0000004e   Code   RO         1341    .text               c_w.l(_printf_pad.o)
    0x08000330   0x08000330   0x00000024   Code   RO         1343    .text               c_w.l(_printf_truncate.o)
    0x08000354   0x08000354   0x00000052   Code   RO         1345    .text               c_w.l(_printf_str.o)
    0x080003a6   0x080003a6   0x00000002   PAD
    0x080003a8   0x080003a8   0x00000078   Code   RO         1347    .text               c_w.l(_printf_dec.o)
    0x08000420   0x08000420   0x00000028   Code   RO         1349    .text               c_w.l(_printf_charcount.o)
    0x08000448   0x08000448   0x00000030   Code   RO         1351    .text               c_w.l(_printf_char_common.o)
    0x08000478   0x08000478   0x00000010   Code   RO         1353    .text               c_w.l(_snputc.o)
    0x08000488   0x08000488   0x000000bc   Code   RO         1355    .text               c_w.l(_printf_wctomb.o)
    0x08000544   0x08000544   0x0000007c   Code   RO         1358    .text               c_w.l(_printf_longlong_dec.o)
    0x080005c0   0x080005c0   0x00000070   Code   RO         1364    .text               c_w.l(_printf_oct_int_ll.o)
    0x08000630   0x08000630   0x00000094   Code   RO         1384    .text               c_w.l(_printf_hex_int_ll_ptr.o)
    0x080006c4   0x080006c4   0x00000188   Code   RO         1404    .text               c_w.l(__printf_flags_ss_wp.o)
    0x0800084c   0x0800084c   0x0000008a   Code   RO         1457    .text               c_w.l(lludiv10.o)
    0x080008d6   0x080008d6   0x000000b2   Code   RO         1459    .text               c_w.l(_printf_intcommon.o)
    0x08000988   0x08000988   0x0000041c   Code   RO         1461    .text               c_w.l(_printf_fp_dec.o)
    0x08000da4   0x08000da4   0x000002fc   Code   RO         1465    .text               c_w.l(_printf_fp_hex.o)
    0x080010a0   0x080010a0   0x0000002c   Code   RO         1470    .text               c_w.l(_printf_char.o)
    0x080010cc   0x080010cc   0x0000002c   Code   RO         1472    .text               c_w.l(_printf_wchar.o)
    0x080010f8   0x080010f8   0x00000048   Code   RO         1475    .text               c_w.l(_c16rtomb.o)
    0x08001140   0x08001140   0x0000004a   Code   RO         1479    .text               c_w.l(sys_stackheap_outer.o)
    0x0800118a   0x0800118a   0x00000002   PAD
    0x0800118c   0x0800118c   0x00000010   Code   RO         1481    .text               c_w.l(rt_ctype_table.o)
    0x0800119c   0x0800119c   0x00000008   Code   RO         1486    .text               c_w.l(rt_locale_intlibspace.o)
    0x080011a4   0x080011a4   0x00000080   Code   RO         1488    .text               c_w.l(_printf_fp_infnan.o)
    0x08001224   0x08001224   0x000000e4   Code   RO         1490    .text               c_w.l(bigflt0.o)
    0x08001308   0x08001308   0x00000012   Code   RO         1520    .text               c_w.l(exit.o)
    0x0800131a   0x0800131a   0x00000002   PAD
    0x0800131c   0x0800131c   0x00000008   Code   RO         1533    .text               c_w.l(libspace.o)
    0x08001324   0x08001324   0x00000080   Code   RO         1543    .text               c_w.l(strcmpv7m.o)
    0x080013a4   0x080013a4   0x0000000c   Code   RO         1605    .text               c_w.l(sys_exit.o)
    0x080013b0   0x080013b0   0x00000002   Code   RO         1620    .text               c_w.l(use_no_semi.o)
    0x080013b2   0x080013b2   0x00000000   Code   RO         1622    .text               c_w.l(indicate_semi.o)
    0x080013b2   0x080013b2   0x00000002   PAD
    0x080013b4   0x080013b4   0x00000002   Code   RO           56    .text.BusFault_Handler  stm32f1xx_it.o
    0x080013b6   0x080013b6   0x00000002   PAD
    0x080013b8   0x080013b8   0x00000002   Code   RO           60    .text.DebugMon_Handler  stm32f1xx_it.o
    0x080013ba   0x080013ba   0x00000002   PAD
    0x080013bc   0x080013bc   0x0000020e   Code   RO          226    .text.HAL_GPIO_Init  stm32f1xx_hal_gpio.o
    0x080015ca   0x080015ca   0x00000002   PAD
    0x080015cc   0x080015cc   0x0000000c   Code   RO          126    .text.HAL_GetTick   stm32f1xx_hal.o
    0x080015d8   0x080015d8   0x0000001a   Code   RO          124    .text.HAL_IncTick   stm32f1xx_hal.o
    0x080015f2   0x080015f2   0x00000002   PAD
    0x080015f4   0x080015f4   0x00000026   Code   RO          114    .text.HAL_Init      stm32f1xx_hal.o
    0x0800161a   0x0800161a   0x00000002   PAD
    0x0800161c   0x0800161c   0x000000b2   Code   RO           85    .text.HAL_InitTick  stm32f1xx_hal_timebase_tim.o
    0x080016ce   0x080016ce   0x00000002   PAD
    0x080016d0   0x080016d0   0x00000050   Code   RO           71    .text.HAL_MspInit   stm32f1xx_hal_msp.o
    0x08001720   0x08001720   0x00000022   Code   RO          286    .text.HAL_NVIC_EnableIRQ  stm32f1xx_hal_cortex.o
    0x08001742   0x08001742   0x00000002   PAD
    0x08001744   0x08001744   0x00000056   Code   RO          284    .text.HAL_NVIC_SetPriority  stm32f1xx_hal_cortex.o
    0x0800179a   0x0800179a   0x00000002   PAD
    0x0800179c   0x0800179c   0x00000020   Code   RO          282    .text.HAL_NVIC_SetPriorityGrouping  stm32f1xx_hal_cortex.o
    0x080017bc   0x080017bc   0x000001ba   Code   RO          178    .text.HAL_RCC_ClockConfig  stm32f1xx_hal_rcc.o
    0x08001976   0x08001976   0x00000002   PAD
    0x08001978   0x08001978   0x00000042   Code   RO          196    .text.HAL_RCC_GetClockConfig  stm32f1xx_hal_rcc.o
    0x080019ba   0x080019ba   0x00000002   PAD
    0x080019bc   0x080019bc   0x00000026   Code   RO          190    .text.HAL_RCC_GetPCLK1Freq  stm32f1xx_hal_rcc.o
    0x080019e2   0x080019e2   0x00000002   PAD
    0x080019e4   0x080019e4   0x00000026   Code   RO          192    .text.HAL_RCC_GetPCLK2Freq  stm32f1xx_hal_rcc.o
    0x08001a0a   0x08001a0a   0x00000002   PAD
    0x08001a0c   0x08001a0c   0x00000400   Code   RO          176    .text.HAL_RCC_OscConfig  stm32f1xx_hal_rcc.o
    0x08001e0c   0x08001e0c   0x00000002   Code   RO          752    .text.HAL_TIMEx_BreakCallback  stm32f1xx_hal_tim_ex.o
    0x08001e0e   0x08001e0e   0x00000002   PAD
    0x08001e10   0x08001e10   0x00000002   Code   RO          748    .text.HAL_TIMEx_CommutCallback  stm32f1xx_hal_tim_ex.o
    0x08001e12   0x08001e12   0x00000002   PAD
    0x08001e14   0x08001e14   0x000000fa   Code   RO          447    .text.HAL_TIM_Base_Init  stm32f1xx_hal_tim.o
    0x08001f0e   0x08001f0e   0x00000002   PAD
    0x08001f10   0x08001f10   0x00000002   Code   RO          449    .text.HAL_TIM_Base_MspInit  stm32f1xx_hal_tim.o
    0x08001f12   0x08001f12   0x00000002   PAD
    0x08001f14   0x08001f14   0x0000006e   Code   RO          461    .text.HAL_TIM_Base_Start_IT  stm32f1xx_hal_tim.o
    0x08001f82   0x08001f82   0x00000002   PAD
    0x08001f84   0x08001f84   0x00000002   Code   RO          583    .text.HAL_TIM_IC_CaptureCallback  stm32f1xx_hal_tim.o
    0x08001f86   0x08001f86   0x00000002   PAD
    0x08001f88   0x08001f88   0x0000014e   Code   RO          581    .text.HAL_TIM_IRQHandler  stm32f1xx_hal_tim.o
    0x080020d6   0x080020d6   0x00000002   PAD
    0x080020d8   0x080020d8   0x00000002   Code   RO          585    .text.HAL_TIM_OC_DelayElapsedCallback  stm32f1xx_hal_tim.o
    0x080020da   0x080020da   0x00000002   PAD
    0x080020dc   0x080020dc   0x00000002   Code   RO          587    .text.HAL_TIM_PWM_PulseFinishedCallback  stm32f1xx_hal_tim.o
    0x080020de   0x080020de   0x00000002   PAD
    0x080020e0   0x080020e0   0x00000014   Code   RO           23    .text.HAL_TIM_PeriodElapsedCallback  main.o
    0x080020f4   0x080020f4   0x00000002   Code   RO          591    .text.HAL_TIM_TriggerCallback  stm32f1xx_hal_tim.o
    0x080020f6   0x080020f6   0x00000002   PAD
    0x080020f8   0x080020f8   0x000000e2   Code   RO          766    .text.HAL_UART_Init  stm32f1xx_hal_uart.o
    0x080021da   0x080021da   0x00000002   PAD
    0x080021dc   0x080021dc   0x0000007e   Code   RO           73    .text.HAL_UART_MspInit  stm32f1xx_hal_msp.o
    0x0800225a   0x0800225a   0x00000002   PAD
    0x0800225c   0x0800225c   0x00000192   Code   RO          780    .text.HAL_UART_Transmit  stm32f1xx_hal_uart.o
    0x080023ee   0x080023ee   0x00000002   PAD
    0x080023f0   0x080023f0   0x00000002   Code   RO           52    .text.HardFault_Handler  stm32f1xx_it.o
    0x080023f2   0x080023f2   0x00000002   PAD
    0x080023f4   0x080023f4   0x00000002   Code   RO           54    .text.MemManage_Handler  stm32f1xx_it.o
    0x080023f6   0x080023f6   0x00000002   PAD
    0x080023f8   0x080023f8   0x00000002   Code   RO           50    .text.NMI_Handler   stm32f1xx_it.o
    0x080023fa   0x080023fa   0x00000002   PAD
    0x080023fc   0x080023fc   0x00000044   Code   RO         1311    .text.PendSV_Handler  port.o
    0x08002440   0x08002440   0x00000024   Code   RO         1297    .text.SVC_Handler   port.o
    0x08002464   0x08002464   0x000000a0   Code   RO           17    .text.StartTask01   main.o
    0x08002504   0x08002504   0x00000064   Code   RO           19    .text.StartTask02   main.o
    0x08002568   0x08002568   0x0000002e   Code   RO         1313    .text.SysTick_Handler  port.o
    0x08002596   0x08002596   0x00000002   PAD
    0x08002598   0x08002598   0x00000002   Code   RO          886    .text.SystemInit    system_stm32f1xx.o
    0x0800259a   0x0800259a   0x00000002   PAD
    0x0800259c   0x0800259c   0x0000000c   Code   RO           62    .text.TIM4_IRQHandler  stm32f1xx_it.o
    0x080025a8   0x080025a8   0x00000002   Code   RO           58    .text.UsageFault_Handler  stm32f1xx_it.o
    0x080025aa   0x080025aa   0x00000002   PAD
    0x080025ac   0x080025ac   0x00000044   Code   RO           11    .text.mPrint        main.o
    0x080025f0   0x080025f0   0x00000154   Code   RO           13    .text.main          main.o
    0x08002744   0x08002744   0x00000010   Code   RO         1171    .text.osDelay       cmsis_os.o
    0x08002754   0x08002754   0x0000000a   Code   RO         1153    .text.osKernelStart  cmsis_os.o
    0x0800275e   0x0800275e   0x00000002   PAD
    0x08002760   0x08002760   0x0000005c   Code   RO         1159    .text.osThreadCreate  cmsis_os.o
    0x080027bc   0x080027bc   0x00000086   Code   RO         1059    .text.prvAddCurrentTaskToDelayedList  tasks.o
    0x08002842   0x08002842   0x00000002   PAD
    0x08002844   0x08002844   0x000000fc   Code   RO         1049    .text.prvAddNewTaskToReadyList  tasks.o
    0x08002940   0x08002940   0x00000086   Code   RO         1081    .text.prvIdleTask   tasks.o
    0x080029c6   0x080029c6   0x00000002   PAD
    0x080029c8   0x080029c8   0x000000f4   Code   RO         1047    .text.prvInitialiseNewTask  tasks.o
    0x08002abc   0x08002abc   0x00000020   Code   RO         1303    .text.prvPortStartFirstTask  port.o
    0x08002adc   0x08002adc   0x0000003e   Code   RO         1295    .text.prvTaskExitError  port.o
    0x08002b1a   0x08002b1a   0x00000002   PAD
    0x08002b1c   0x08002b1c   0x000001e8   Code   RO         1271    .text.pvPortMalloc  heap_4.o
    0x08002d04   0x08002d04   0x00000020   Code   RO         1293    .text.pxPortInitialiseStack  port.o
    0x08002d24   0x08002d24   0x00000022   Code   RO          938    .text.uxListRemove  list.o
    0x08002d46   0x08002d46   0x00000002   PAD
    0x08002d48   0x08002d48   0x0000001a   Code   RO         1123    .text.uxTaskResetEventItemValue  tasks.o
    0x08002d62   0x08002d62   0x00000002   PAD
    0x08002d64   0x08002d64   0x0000001a   Code   RO           39    .text.vApplicationGetIdleTaskMemory  freertos.o
    0x08002d7e   0x08002d7e   0x00000002   PAD
    0x08002d80   0x08002d80   0x00000016   Code   RO          930    .text.vListInitialise  list.o
    0x08002d96   0x08002d96   0x00000002   PAD
    0x08002d98   0x08002d98   0x00000006   Code   RO          932    .text.vListInitialiseItem  list.o
    0x08002d9e   0x08002d9e   0x00000002   PAD
    0x08002da0   0x08002da0   0x00000066   Code   RO          936    .text.vListInsert   list.o
    0x08002e06   0x08002e06   0x00000002   PAD
    0x08002e08   0x08002e08   0x0000001a   Code   RO          934    .text.vListInsertEnd  list.o
    0x08002e22   0x08002e22   0x00000002   PAD
    0x08002e24   0x08002e24   0x00000046   Code   RO         1307    .text.vPortEnterCritical  port.o
    0x08002e6a   0x08002e6a   0x00000002   PAD
    0x08002e6c   0x08002e6c   0x0000002e   Code   RO         1309    .text.vPortExitCritical  port.o
    0x08002e9a   0x08002e9a   0x00000002   PAD
    0x08002e9c   0x08002e9c   0x000000de   Code   RO         1273    .text.vPortFree     heap_4.o
    0x08002f7a   0x08002f7a   0x00000002   PAD
    0x08002f7c   0x08002f7c   0x00000034   Code   RO         1301    .text.vPortSetupTimerInterrupt  port.o
    0x08002fb0   0x08002fb0   0x0000009e   Code   RO         1055    .text.vTaskDelay    tasks.o
    0x0800304e   0x0800304e   0x00000002   PAD
    0x08003050   0x08003050   0x00000056   Code   RO         1099    .text.vTaskPlaceOnUnorderedEventList  tasks.o
    0x080030a6   0x080030a6   0x00000002   PAD
    0x080030a8   0x080030a8   0x00000082   Code   RO         1103    .text.vTaskRemoveFromUnorderedEventList  tasks.o
    0x0800312a   0x0800312a   0x00000002   PAD
    0x0800312c   0x0800312c   0x000000cc   Code   RO         1079    .text.vTaskStartScheduler  tasks.o
    0x080031f8   0x080031f8   0x00000010   Code   RO         1057    .text.vTaskSuspendAll  tasks.o
    0x08003208   0x08003208   0x0000006e   Code   RO         1073    .text.vTaskSwitchContext  tasks.o
    0x08003276   0x08003276   0x00000002   PAD
    0x08003278   0x08003278   0x00000022   Code   RO          904    .text.xEventGroupCreate  event_groups.o
    0x0800329a   0x0800329a   0x00000002   PAD
    0x0800329c   0x0800329c   0x0000009a   Code   RO          908    .text.xEventGroupSetBits  event_groups.o
    0x08003336   0x08003336   0x00000002   PAD
    0x08003338   0x08003338   0x00000140   Code   RO          910    .text.xEventGroupWaitBits  event_groups.o
    0x08003478   0x08003478   0x00000166   Code   RO         1299    .text.xPortStartScheduler  port.o
    0x080035de   0x080035de   0x00000002   PAD
    0x080035e0   0x080035e0   0x00000060   Code   RO         1051    .text.xTaskCreate   tasks.o
    0x08003640   0x08003640   0x00000076   Code   RO         1045    .text.xTaskCreateStatic  tasks.o
    0x080036b6   0x080036b6   0x00000002   PAD
    0x080036b8   0x080036b8   0x0000001e   Code   RO         1115    .text.xTaskGetSchedulerState  tasks.o
    0x080036d6   0x080036d6   0x00000002   PAD
    0x080036d8   0x080036d8   0x00000106   Code   RO         1085    .text.xTaskIncrementTick  tasks.o
    0x080037de   0x080037de   0x00000002   PAD
    0x080037e0   0x080037e0   0x000000ea   Code   RO         1061    .text.xTaskResumeAll  tasks.o
    0x080038ca   0x080038ca   0x0000003e   Code   RO         1493    CL$$btod_d2e        c_w.l(btod.o)
    0x08003908   0x08003908   0x00000046   Code   RO         1495    CL$$btod_d2e_denorm_low  c_w.l(btod.o)
    0x0800394e   0x0800394e   0x00000060   Code   RO         1494    CL$$btod_d2e_norm_op1  c_w.l(btod.o)
    0x080039ae   0x080039ae   0x00000002   PAD
    0x080039b0   0x080039b0   0x00000338   Code   RO         1503    CL$$btod_div_common  c_w.l(btod.o)
    0x08003ce8   0x08003ce8   0x000000dc   Code   RO         1500    CL$$btod_e2e        c_w.l(btod.o)
    0x08003dc4   0x08003dc4   0x0000002a   Code   RO         1497    CL$$btod_ediv       c_w.l(btod.o)
    0x08003dee   0x08003dee   0x0000002a   Code   RO         1496    CL$$btod_emul       c_w.l(btod.o)
    0x08003e18   0x08003e18   0x00000244   Code   RO         1502    CL$$btod_mult_common  c_w.l(btod.o)
    0x0800405c   0x0800405c   0x00000028   Code   RO         1531    i.__ARM_fpclassify  m_ws.l(fpclassify.o)
    0x08004084   0x08004084   0x0000000e   Code   RO         1397    i._is_digit         c_w.l(__printf_wp.o)
    0x08004092   0x08004092   0x00000002   PAD
    0x08004094   0x08004094   0x0000002c   Code   RO         1518    locale$$code        c_w.l(lc_numeric_c.o)
    0x080040c0   0x080040c0   0x0000002c   Code   RO         1541    locale$$code        c_w.l(lc_ctype_c.o)
    0x080040ec   0x080040ec   0x00000004   Code   RO         1434    x$fpl$printf1       fz_ws.l(printf1.o)
    0x080040f0   0x080040f0   0x00000004   Code   RO         1436    x$fpl$printf2       fz_ws.l(printf2.o)
    0x080040f4   0x080040f4   0x00000000   Code   RO         1530    x$fpl$usenofp       fz_ws.l(usenofp.o)
    0x080040f4   0x080040f4   0x00000008   Data   RO         1356    .constdata          c_w.l(_printf_wctomb.o)
    0x080040fc   0x080040fc   0x00000028   Data   RO         1385    .constdata          c_w.l(_printf_hex_int_ll_ptr.o)
    0x08004124   0x08004124   0x00000011   Data   RO         1405    .constdata          c_w.l(__printf_flags_ss_wp.o)
    0x08004135   0x08004135   0x00000026   Data   RO         1466    .constdata          c_w.l(_printf_fp_hex.o)
    0x0800415b   0x0800415b   0x00000001   PAD
    0x0800415c   0x0800415c   0x00000094   Data   RO         1491    .constdata          c_w.l(bigflt0.o)
    0x080041f0   0x080041f0   0x00000010   Data   RO          891    .rodata.AHBPrescTable  system_stm32f1xx.o
    0x08004200   0x08004200   0x00000008   Data   RO          892    .rodata.APBPrescTable  system_stm32f1xx.o
    0x08004208   0x08004208   0x00000002   Data   RO          203    .rodata.HAL_RCC_GetSysClockFreq.aPredivFactorTable  stm32f1xx_hal_rcc.o
    0x0800420a   0x0800420a   0x00000010   Data   RO          202    .rodata.cst16       stm32f1xx_hal_rcc.o
    0x0800421a   0x0800421a   0x0000000e   Data   RO           26    .rodata.str1.1      main.o
    0x08004228   0x08004228   0x00000020   Data   RO         1678    Region$$Table       anon$$obj.o
    0x08004248   0x08004248   0x0000001c   Data   RO         1517    locale$$data        c_w.l(lc_numeric_c.o)
    0x08004264   0x08004264   0x00000110   Data   RO         1540    locale$$data        c_w.l(lc_ctype_c.o)


    Execution Region RW_IRAM1 (Exec base: 0x20000000, Load base: 0x08004378, Size: 0x000016e8, Max: 0x00005000, ABSOLUTE)

    Exec Addr    Load Addr    Size         Type   Attr      Idx    E Section Name        Object

    0x20000000   0x08004378   0x00000008   Data   RW          165    .data..L_MergedGlobals  stm32f1xx_hal.o
    0x20000008   0x08004380   0x00000004   Data   RW          890    .data.SystemCoreClock  system_stm32f1xx.o
    0x2000000c   0x08004384   0x00000004   Data   RW         1317    .data.uxCriticalNesting  port.o
    0x20000010        -       0x00000060   Zero   RW         1534    .bss                c_w.l(libspace.o)
    0x20000070        -       0x0000003c   Zero   RW           30    .bss..L_MergedGlobals  main.o
    0x200000ac        -       0x00000078   Zero   RW         1142    .bss..L_MergedGlobals  tasks.o
    0x20000124        -       0x00000020   Zero   RW         1284    .bss..L_MergedGlobals  heap_4.o
    0x20000144        -       0x00000008   Zero   RW         1318    .bss..L_MergedGlobals  port.o
    0x2000014c        -       0x00000028   Zero   RW         1143    .bss..L_MergedGlobals.2  tasks.o
    0x20000174        -       0x00000048   Zero   RW           91    .bss.htim4          stm32f1xx_hal_timebase_tim.o
    0x200001bc        -       0x00000048   Zero   RW           25    .bss.huart1         main.o
    0x20000204        -       0x0000008c   Zero   RW         1141    .bss.pxReadyTasksLists  tasks.o
    0x20000290        -       0x00000c00   Zero   RW         1283    .bss.ucHeap         heap_4.o
    0x20000e90        -       0x00000004   Zero   RW          164    .bss.uwTick         stm32f1xx_hal.o
    0x20000e94        -       0x00000200   Zero   RW           42    .bss.xIdleStack     freertos.o
    0x20001094        -       0x00000054   Zero   RW           41    .bss.xIdleTaskTCBBuffer  freertos.o
    0x200010e8        -       0x00000200   Zero   RW            2    HEAP                startup_stm32f103xb.o
    0x200012e8        -       0x00000400   Zero   RW            1    STACK               startup_stm32f103xb.o


==============================================================================

Image component sizes


      Code (inc. data)   RO Data    RW Data    ZI Data      Debug   Object Name

       118          0          0          0          0      25892   cmsis_os.o
       508          0          0          0          0      10378   event_groups.o
        26          0          0          0        596       1629   freertos.o
       710          0          0          0       3104       5889   heap_4.o
       190          0          0          0          0       2361   list.o
       688        144         14          0        132      10772   main.o
       802         12          0          4          8       4414   port.o
        64         26        236          0       1536        772   startup_stm32f103xb.o
        76          0          0          8          4       5760   stm32f1xx_hal.o
       152          0          0          0          0       8415   stm32f1xx_hal_cortex.o
       526         22          0          0          0       4757   stm32f1xx_hal_gpio.o
       206          0          0          0          0       5582   stm32f1xx_hal_msp.o
      1608          0         18          0          0       8068   stm32f1xx_hal_rcc.o
       704          0          0          0          0      58572   stm32f1xx_hal_tim.o
         4          0          0          0          0      21213   stm32f1xx_hal_tim_ex.o
       178          0          0          0         72       5849   stm32f1xx_hal_timebase_tim.o
       628          0          0          0          0      33153   stm32f1xx_hal_uart.o
        24          0          0          0          0       3980   stm32f1xx_it.o
         2          0         24          4          0       1579   system_stm32f1xx.o
      2234          8          0          0        300      30106   tasks.o

    ----------------------------------------------------------------------
      9558        212        324         16       5752     249141   Object Totals
         0          0         32          0          0          0   (incl. Generated)
       110          0          0          0          0          0   (incl. Padding)

    ----------------------------------------------------------------------

      Code (inc. data)   RO Data    RW Data    ZI Data      Debug   Library Member Name

         8          0          0          0          0         68   __main.o
       392          4         17          0          0         92   __printf_flags_ss_wp.o
        14          0          0          0          0         68   __printf_wp.o
         0          0          0          0          0          0   __rtentry.o
        12          0          0          0          0          0   __rtentry2.o
         6          0          0          0          0          0   __rtentry4.o
        94          8          0          0          0          0   __scatter.o
        26          0          0          0          0          0   __scatter_copy.o
        28          0          0          0          0          0   __scatter_zi.o
        72          0          0          0          0         96   _c16rtomb.o
         6          0          0          0          0          0   _printf_a.o
         6          0          0          0          0          0   _printf_c.o
        44          0          0          0          0        108   _printf_char.o
        48          6          0          0          0         96   _printf_char_common.o
        40          0          0          0          0         68   _printf_charcount.o
         6          0          0          0          0          0   _printf_d.o
       120         16          0          0          0         92   _printf_dec.o
         6          0          0          0          0          0   _printf_e.o
         6          0          0          0          0          0   _printf_f.o
      1052          0          0          0          0        148   _printf_fp_dec.o
       764          8         38          0          0        100   _printf_fp_hex.o
       128         16          0          0          0         84   _printf_fp_infnan.o
         6          0          0          0          0          0   _printf_g.o
       148          4         40          0          0        160   _printf_hex_int_ll_ptr.o
         6          0          0          0          0          0   _printf_i.o
       178          0          0          0          0         88   _printf_intcommon.o
        10          0          0          0          0          0   _printf_l.o
         6          0          0          0          0          0   _printf_lc.o
        10          0          0          0          0          0   _printf_ll.o
         6          0          0          0          0          0   _printf_lld.o
         6          0          0          0          0          0   _printf_lli.o
         6          0          0          0          0          0   _printf_llo.o
         6          0          0          0          0          0   _printf_llu.o
         6          0          0          0          0          0   _printf_llx.o
       124         16          0          0          0         92   _printf_longlong_dec.o
         6          0          0          0          0          0   _printf_ls.o
         6          0          0          0          0          0   _printf_n.o
         6          0          0          0          0          0   _printf_o.o
       112          8          0          0          0        124   _printf_oct_int_ll.o
         6          0          0          0          0          0   _printf_p.o
        78          0          0          0          0        108   _printf_pad.o
         0          0          0          0          0          0   _printf_percent.o
         4          0          0          0          0          0   _printf_percent_end.o
         6          0          0          0          0          0   _printf_s.o
        82          0          0          0          0         80   _printf_str.o
        36          0          0          0          0         84   _printf_truncate.o
         6          0          0          0          0          0   _printf_u.o
        44          0          0          0          0        108   _printf_wchar.o
       188          6          8          0          0         92   _printf_wctomb.o
         6          0          0          0          0          0   _printf_x.o
        16          0          0          0          0         68   _snputc.o
       228          4        148          0          0         96   bigflt0.o
      1936        128          0          0          0        668   btod.o
        18          0          0          0          0         80   exit.o
         6          0          0          0          0        152   heapauxi.o
         0          0          0          0          0          0   indicate_semi.o
        44         10        272          0          0         76   lc_ctype_c.o
        44         10         28          0          0         76   lc_numeric_c.o
         2          0          0          0          0          0   libinit.o
        30          0          0          0          0          0   libinit2.o
         2          0          0          0          0          0   libshutdown.o
         2          0          0          0          0          0   libshutdown2.o
         8          4          0          0         96         68   libspace.o
       138          0          0          0          0         80   lludiv10.o
        16          4          0          0          0         76   rt_ctype_table.o
         8          4          0          0          0         68   rt_locale_intlibspace.o
         2          0          0          0          0          0   rtexit.o
        10          0          0          0          0          0   rtexit2.o
       128          0          0          0          0         68   strcmpv7m.o
        12          4          0          0          0         68   sys_exit.o
        74          0          0          0          0         80   sys_stackheap_outer.o
         2          0          0          0          0         68   use_no_semi.o
        60          4          0          0          0         80   vsnprintf.o
         4          0          0          0          0         68   printf1.o
         4          0          0          0          0         68   printf2.o
         0          0          0          0          0          0   usenofp.o
        40          0          0          0          0         68   fpclassify.o

    ----------------------------------------------------------------------
      6834        264        552          0         96       4032   Library Totals
        18          0          1          0          0          0   (incl. Padding)

    ----------------------------------------------------------------------

      Code (inc. data)   RO Data    RW Data    ZI Data      Debug   Library Name

      6768        264        551          0         96       3828   c_w.l
         8          0          0          0          0        136   fz_ws.l
        40          0          0          0          0         68   m_ws.l

    ----------------------------------------------------------------------
      6834        264        552          0         96       4032   Library Totals

    ----------------------------------------------------------------------

==============================================================================


      Code (inc. data)   RO Data    RW Data    ZI Data      Debug   

     16392        476        876         16       5848     250745   Grand Totals
     16392        476        876         16       5848     250745   ELF Image Totals
     16392        476        876         16          0          0   ROM Totals

==============================================================================

    Total RO  Size (Code + RO Data)                17268 (  16.86kB)
    Total RW  Size (RW Data + ZI Data)              5864 (   5.73kB)
    Total ROM Size (Code + RO Data + RW Data)      17284 (  16.88kB)

==============================================================================

