Component: Arm Compiler for Embedded 6.23 Tool: armlink [5f102400]

==============================================================================

Section Cross References

    startup_stm32f103xb.o(STACK) refers (Special) to heapauxi.o(.text) for __use_two_region_memory
    startup_stm32f103xb.o(HEAP) refers (Special) to heapauxi.o(.text) for __use_two_region_memory
    startup_stm32f103xb.o(RESET) refers (Special) to heapauxi.o(.text) for __use_two_region_memory
    startup_stm32f103xb.o(RESET) refers to startup_stm32f103xb.o(STACK) for __initial_sp
    startup_stm32f103xb.o(RESET) refers to startup_stm32f103xb.o(.text) for Reset_Handler
    startup_stm32f103xb.o(RESET) refers to stm32f1xx_it.o(.text.NMI_Handler) for NMI_Handler
    startup_stm32f103xb.o(RESET) refers to stm32f1xx_it.o(.text.HardFault_Handler) for HardFault_Handler
    startup_stm32f103xb.o(RESET) refers to stm32f1xx_it.o(.text.MemManage_Handler) for MemManage_Handler
    startup_stm32f103xb.o(RESET) refers to stm32f1xx_it.o(.text.BusFault_Handler) for BusFault_Handler
    startup_stm32f103xb.o(RESET) refers to stm32f1xx_it.o(.text.UsageFault_Handler) for UsageFault_Handler
    startup_stm32f103xb.o(RESET) refers to port.o(.text.SVC_Handler) for SVC_Handler
    startup_stm32f103xb.o(RESET) refers to stm32f1xx_it.o(.text.DebugMon_Handler) for DebugMon_Handler
    startup_stm32f103xb.o(RESET) refers to port.o(.text.PendSV_Handler) for PendSV_Handler
    startup_stm32f103xb.o(RESET) refers to port.o(.text.SysTick_Handler) for SysTick_Handler
    startup_stm32f103xb.o(RESET) refers to stm32f1xx_it.o(.text.TIM4_IRQHandler) for TIM4_IRQHandler
    startup_stm32f103xb.o(.text) refers (Special) to heapauxi.o(.text) for __use_two_region_memory
    startup_stm32f103xb.o(.text) refers to system_stm32f1xx.o(.text.SystemInit) for SystemInit
    startup_stm32f103xb.o(.text) refers to __main.o(!!!main) for __main
    startup_stm32f103xb.o(.text) refers to startup_stm32f103xb.o(HEAP) for Heap_Mem
    startup_stm32f103xb.o(.text) refers to startup_stm32f103xb.o(STACK) for Stack_Mem
    main.o(.text.mPrint) refers to main.o(.bss..L_MergedGlobals) for .L_MergedGlobals
    main.o(.text.mPrint) refers to vsnprintf.o(.text) for vsnprintf
    main.o(.text.mPrint) refers to main.o(.bss.huart1) for huart1
    main.o(.text.mPrint) refers to stm32f1xx_hal_uart.o(.text.HAL_UART_Transmit) for HAL_UART_Transmit
    main.o(.ARM.exidx.text.mPrint) refers to main.o(.text.mPrint) for [Anonymous Symbol]
    main.o(.text.main) refers to stm32f1xx_hal.o(.text.HAL_Init) for HAL_Init
    main.o(.text.main) refers to stm32f1xx_hal_rcc.o(.text.HAL_RCC_OscConfig) for HAL_RCC_OscConfig
    main.o(.text.main) refers to stm32f1xx_hal_rcc.o(.text.HAL_RCC_ClockConfig) for HAL_RCC_ClockConfig
    main.o(.text.main) refers to main.o(.bss.huart1) for huart1
    main.o(.text.main) refers to stm32f1xx_hal_uart.o(.text.HAL_UART_Init) for HAL_UART_Init
    main.o(.text.main) refers to cmsis_os.o(.text.osMessageCreate) for osMessageCreate
    main.o(.text.main) refers to main.o(.bss..L_MergedGlobals) for .L_MergedGlobals
    main.o(.text.main) refers to cmsis_os.o(.text.osThreadCreate) for osThreadCreate
    main.o(.text.main) refers to cmsis_os.o(.text.osKernelStart) for osKernelStart
    main.o(.text.main) refers to main.o(.rodata.str1.1) for [Anonymous Symbol]
    main.o(.text.main) refers to main.o(.text.StartTask02) for StartTask02
    main.o(.text.main) refers to main.o(.text.StartTask01) for StartTask01
    main.o(.ARM.exidx.text.main) refers to main.o(.text.main) for [Anonymous Symbol]
    main.o(.text.SystemClock_Config) refers to stm32f1xx_hal_rcc.o(.text.HAL_RCC_OscConfig) for HAL_RCC_OscConfig
    main.o(.text.SystemClock_Config) refers to stm32f1xx_hal_rcc.o(.text.HAL_RCC_ClockConfig) for HAL_RCC_ClockConfig
    main.o(.ARM.exidx.text.SystemClock_Config) refers to main.o(.text.SystemClock_Config) for [Anonymous Symbol]
    main.o(.text.StartTask02) refers to main.o(.bss..L_MergedGlobals) for .L_MergedGlobals
    main.o(.text.StartTask02) refers to main.o(.text.mPrint) for mPrint
    main.o(.text.StartTask02) refers to cmsis_os.o(.text.osMessageGet) for osMessageGet
    main.o(.text.StartTask02) refers to cmsis_os.o(.text.osDelay) for osDelay
    main.o(.ARM.exidx.text.StartTask02) refers to main.o(.text.StartTask02) for [Anonymous Symbol]
    main.o(.text.StartTask01) refers to main.o(.bss..L_MergedGlobals) for .L_MergedGlobals
    main.o(.text.StartTask01) refers to main.o(.data.mData) for mData
    main.o(.text.StartTask01) refers to main.o(.text.mPrint) for mPrint
    main.o(.text.StartTask01) refers to cmsis_os.o(.text.osDelay) for osDelay
    main.o(.text.StartTask01) refers to cmsis_os.o(.text.osMessagePut) for osMessagePut
    main.o(.ARM.exidx.text.StartTask01) refers to main.o(.text.StartTask01) for [Anonymous Symbol]
    main.o(.ARM.exidx.text.Error_Handler) refers to main.o(.text.Error_Handler) for [Anonymous Symbol]
[...]
    prvTaskExitError                         0x08002d69   Thumb Code    62  port.o(.text.prvTaskExitError)
    [Anonymous Symbol]                       0x08002d68   Section        0  port.o(.text.prvTaskExitError)
    prvUnlockQueue                           0x08002da9   Thumb Code   116  queue.o(.text.prvUnlockQueue)
    [Anonymous Symbol]                       0x08002da8   Section        0  queue.o(.text.prvUnlockQueue)
    [Anonymous Symbol]                       0x08002e1c   Section        0  heap_4.o(.text.pvPortMalloc)
    [Anonymous Symbol]                       0x08002fe8   Section        0  port.o(.text.pxPortInitialiseStack)
    [Anonymous Symbol]                       0x08003008   Section        0  list.o(.text.uxListRemove)
    [Anonymous Symbol]                       0x08003028   Section        0  tasks.o(.text.uxTaskGetNumberOfTasks)
    [Anonymous Symbol]                       0x08003034   Section        0  freertos.o(.text.vApplicationGetIdleTaskMemory)
    [Anonymous Symbol]                       0x08003050   Section        0  list.o(.text.vListInitialise)
    [Anonymous Symbol]                       0x08003068   Section        0  list.o(.text.vListInitialiseItem)
    [Anonymous Symbol]                       0x08003070   Section        0  list.o(.text.vListInsert)
    [Anonymous Symbol]                       0x080030d4   Section        0  port.o(.text.vPortEnterCritical)
    [Anonymous Symbol]                       0x0800311c   Section        0  port.o(.text.vPortExitCritical)
    [Anonymous Symbol]                       0x0800314c   Section        0  heap_4.o(.text.vPortFree)
    [Anonymous Symbol]                       0x08003274   Section        0  port.o(.text.vPortSetupTimerInterrupt)
    [Anonymous Symbol]                       0x080032a8   Section        0  port.o(.text.vPortValidateInterruptPriority)
    [Anonymous Symbol]                       0x08003308   Section        0  tasks.o(.text.vTaskDelay)
    [Anonymous Symbol]                       0x080033c0   Section        0  tasks.o(.text.vTaskInternalSetTimeOutState)
    [Anonymous Symbol]                       0x080033d4   Section        0  tasks.o(.text.vTaskMissedYield)
    [Anonymous Symbol]                       0x080033e4   Section        0  tasks.o(.text.vTaskPlaceOnEventList)
    [Anonymous Symbol]                       0x0800341c   Section        0  tasks.o(.text.vTaskStartScheduler)
    [Anonymous Symbol]                       0x08003510   Section        0  tasks.o(.text.vTaskSuspendAll)
    __tagsym$$used.0                         0x08003520   Number         0  tasks.o(.text.vTaskSwitchContext)
    [Anonymous Symbol]                       0x08003520   Section        0  tasks.o(.text.vTaskSwitchContext)
    [Anonymous Symbol]                       0x08003590   Section        0  port.o(.text.xPortStartScheduler)
    [Anonymous Symbol]                       0x08003744   Section        0  queue.o(.text.xQueueGenericCreate)
    [Anonymous Symbol]                       0x080037d4   Section        0  queue.o(.text.xQueueGenericCreateStatic)
    [Anonymous Symbol]                       0x080038a0   Section        0  queue.o(.text.xQueueGenericSend)
    [Anonymous Symbol]                       0x08003b60   Section        0  queue.o(.text.xQueueGenericSendFromISR)
    [Anonymous Symbol]                       0x08003cb8   Section        0  queue.o(.text.xQueueReceive)
    [Anonymous Symbol]                       0x08003ef8   Section        0  queue.o(.text.xQueueReceiveFromISR)
    [Anonymous Symbol]                       0x08003ff8   Section        0  tasks.o(.text.xTaskCheckForTimeOut)
    [Anonymous Symbol]                       0x08004094   Section        0  tasks.o(.text.xTaskCreate)
    [Anonymous Symbol]                       0x080040f4   Section        0  tasks.o(.text.xTaskCreateStatic)
    [Anonymous Symbol]                       0x0800418c   Section        0  tasks.o(.text.xTaskGetSchedulerState)
    [Anonymous Symbol]                       0x080041ac   Section        0  tasks.o(.text.xTaskIncrementTick)
    [Anonymous Symbol]                       0x0800432c   Section        0  tasks.o(.text.xTaskPriorityDisinherit)
    [Anonymous Symbol]                       0x080043fc   Section        0  tasks.o(.text.xTaskRemoveFromEventList)
    [Anonymous Symbol]                       0x080044e0   Section        0  tasks.o(.text.xTaskResumeAll)
    CL$$btod_d2e                             0x08004622   Section       62  btod.o(CL$$btod_d2e)
    CL$$btod_d2e_denorm_low                  0x08004660   Section       70  btod.o(CL$$btod_d2e_denorm_low)
    CL$$btod_d2e_norm_op1                    0x080046a6   Section       96  btod.o(CL$$btod_d2e_norm_op1)
    CL$$btod_div_common                      0x08004708   Section      824  btod.o(CL$$btod_div_common)
    CL$$btod_e2e                             0x08004a40   Section      220  btod.o(CL$$btod_e2e)
    CL$$btod_ediv                            0x08004b1c   Section       42  btod.o(CL$$btod_ediv)
    CL$$btod_emul                            0x08004b46   Section       42  btod.o(CL$$btod_emul)
    CL$$btod_mult_common                     0x08004b70   Section      580  btod.o(CL$$btod_mult_common)
    i.__ARM_fpclassify                       0x08004db4   Section        0  fpclassify.o(i.__ARM_fpclassify)
    i._is_digit                              0x08004ddc   Section        0  __printf_wp.o(i._is_digit)
    locale$$code                             0x08004dec   Section       44  lc_numeric_c.o(locale$$code)
    locale$$code                             0x08004e18   Section       44  lc_ctype_c.o(locale$$code)
    x$fpl$printf1                            0x08004e44   Section        4  printf1.o(x$fpl$printf1)
    x$fpl$printf2                            0x08004e48   Section        4  printf2.o(x$fpl$printf2)
    initial_mbstate                          0x08004e4c   Data           8  _printf_wctomb.o(.constdata)
    .constdata                               0x08004e4c   Section        8  _printf_wctomb.o(.constdata)
    x$fpl$usenofp                            0x08004e4c   Section        0  usenofp.o(x$fpl$usenofp)
    uc_hextab                                0x08004e54   Data          20  _printf_hex_int_ll_ptr.o(.constdata)
    .constdata                               0x08004e54   Section       40  _printf_hex_int_ll_ptr.o(.constdata)
    lc_hextab                                0x08004e68   Data          20  _printf_hex_int_ll_ptr.o(.constdata)
    maptable                                 0x08004e7c   Data          17  __printf_flags_ss_wp.o(.constdata)
    .constdata                               0x08004e7c   Section       17  __printf_flags_ss_wp.o(.constdata)
    lc_hextab                                0x08004e8d   Data          19  _printf_fp_hex.o(.constdata)
    .constdata                               0x08004e8d   Section       38  _printf_fp_hex.o(.constdata)
    uc_hextab                                0x08004ea0   Data          19  _printf_fp_hex.o(.constdata)
    tenpwrs_x                                0x08004eb4   Data          60  bigflt0.o(.constdata)
    .constdata                               0x08004eb4   Section      148  bigflt0.o(.constdata)
    tenpwrs_i                                0x08004ef0   Data          64  bigflt0.o(.constdata)
    HAL_RCC_GetSysClockFreq.aPredivFactorTable 0x08004f60   Data           2  stm32f1xx_hal_rcc.o(.rodata.HAL_RCC_GetSysClockFreq.aPredivFactorTable)
    [Anonymous Symbol]                       0x08004f60   Section        0  stm32f1xx_hal_rcc.o(.rodata.HAL_RCC_GetSysClockFreq.aPredivFactorTable)
    HAL_RCC_GetSysClockFreq.aPLLMULFactorTable 0x08004f62   Data          16  stm32f1xx_hal_rcc.o(.rodata.cst16)
    [Anonymous Symbol]                       0x08004f62   Section        0  stm32f1xx_hal_rcc.o(.rodata.cst16)
    [Anonymous Symbol]                       0x08004f72   Section        0  main.o(.rodata.str1.1)
    uxTopUsedPriority                        0x08004f80   Data           4  tasks.o(.rodata.uxTopUsedPriority)
    [Anonymous Symbol]                       0x08004f80   Section        0  tasks.o(.rodata.uxTopUsedPriority)
    locale$$data                             0x08004fa4   Section       28  lc_numeric_c.o(locale$$data)
    __lcnum_c_name                           0x08004fa8   Data           2  lc_numeric_c.o(locale$$data)
    __lcnum_c_start                          0x08004fb0   Data           0  lc_numeric_c.o(locale$$data)
    __lcnum_c_point                          0x08004fbc   Data           0  lc_numeric_c.o(locale$$data)
    __lcnum_c_thousands                      0x08004fbe   Data           0  lc_numeric_c.o(locale$$data)
    __lcnum_c_grouping                       0x08004fbf   Data           0  lc_numeric_c.o(locale$$data)
    __lcnum_c_end                            0x08004fc0   Data           0  lc_numeric_c.o(locale$$data)
    locale$$data                             0x08004fc0   Section      272  lc_ctype_c.o(locale$$data)
    __lcctype_c_name                         0x08004fc4   Data           2  lc_ctype_c.o(locale$$data)
    __lcctype_c_start                        0x08004fcc   Data           0  lc_ctype_c.o(locale$$data)
    __lcctype_c_end                          0x080050d0   Data           0  lc_ctype_c.o(locale$$data)
    .L_MergedGlobals                         0x20000000   Data           8  stm32f1xx_hal.o(.data..L_MergedGlobals)
    [Anonymous Symbol]                       0x20000000   Section        0  stm32f1xx_hal.o(.data..L_MergedGlobals)
    uxCriticalNesting                        0x20000010   Data           4  port.o(.data.uxCriticalNesting)
    [Anonymous Symbol]                       0x20000010   Section        0  port.o(.data.uxCriticalNesting)
    .bss                                     0x20000018   Section       96  libspace.o(.bss)
    .L_MergedGlobals                         0x20000078   Data          64  main.o(.bss..L_MergedGlobals)
    [Anonymous Symbol]                       0x20000078   Section        0  main.o(.bss..L_MergedGlobals)
    .L_MergedGlobals                         0x200000b8   Data           8  port.o(.bss..L_MergedGlobals)
    ucMaxSysCallPriority                     0x200000b8   Data           1  port.o(.bss..L_MergedGlobals)
    [Anonymous Symbol]                       0x200000b8   Section        0  port.o(.bss..L_MergedGlobals)
    ulMaxPRIGROUPValue                       0x200000bc   Data           4  port.o(.bss..L_MergedGlobals)
    .L_MergedGlobals                         0x200000c0   Data         116  tasks.o(.bss..L_MergedGlobals)
    uxTopReadyPriority                       0x200000c0   Data           4  tasks.o(.bss..L_MergedGlobals)
    [Anonymous Symbol]                       0x200000c0   Section        0  tasks.o(.bss..L_MergedGlobals)
    uxTaskNumber                             0x200000c4   Data           4  tasks.o(.bss..L_MergedGlobals)
    xSchedulerRunning                        0x200000c8   Data           4  tasks.o(.bss..L_MergedGlobals)
    uxDeletedTasksWaitingCleanUp             0x200000cc   Data           4  tasks.o(.bss..L_MergedGlobals)
    uxCurrentNumberOfTasks                   0x200000d0   Data           4  tasks.o(.bss..L_MergedGlobals)
    uxSchedulerSuspended                     0x200000d4   Data           4  tasks.o(.bss..L_MergedGlobals)
    pxDelayedTaskList                        0x200000d8   Data           4  tasks.o(.bss..L_MergedGlobals)
    pxOverflowDelayedTaskList                0x200000dc   Data           4  tasks.o(.bss..L_MergedGlobals)
    xYieldPendings                           0x200000e0   Data           4  tasks.o(.bss..L_MergedGlobals)
    xNextTaskUnblockTime                     0x200000e4   Data           4  tasks.o(.bss..L_MergedGlobals)
    xTickCount                               0x200000e8   Data           4  tasks.o(.bss..L_MergedGlobals)
    xIdleTaskHandles.0                       0x200000ec   Data           4  tasks.o(.bss..L_MergedGlobals)
    xPendedTicks                             0x200000f0   Data           4  tasks.o(.bss..L_MergedGlobals)
    xNumOfOverflows                          0x200000f4   Data           4  tasks.o(.bss..L_MergedGlobals)
    xTasksWaitingTermination                 0x200000f8   Data          20  tasks.o(.bss..L_MergedGlobals)
    xPendingReadyList                        0x2000010c   Data          20  tasks.o(.bss..L_MergedGlobals)
    xSuspendedTaskList                       0x20000120   Data          20  tasks.o(.bss..L_MergedGlobals)
    .L_MergedGlobals                         0x20000134   Data          28  heap_4.o(.bss..L_MergedGlobals)
    pxEnd                                    0x20000134   Data           4  heap_4.o(.bss..L_MergedGlobals)
    [Anonymous Symbol]                       0x20000134   Section        0  heap_4.o(.bss..L_MergedGlobals)
    xFreeBytesRemaining                      0x20000138   Data           4  heap_4.o(.bss..L_MergedGlobals)
    xMinimumEverFreeBytesRemaining           0x2000013c   Data           4  heap_4.o(.bss..L_MergedGlobals)
    xNumberOfSuccessfulAllocations           0x20000140   Data           4  heap_4.o(.bss..L_MergedGlobals)
    xNumberOfSuccessfulFrees                 0x20000144   Data           4  heap_4.o(.bss..L_MergedGlobals)
    xStart                                   0x20000148   Data           8  heap_4.o(.bss..L_MergedGlobals)
    .L_MergedGlobals.2                       0x20000150   Data          40  tasks.o(.bss..L_MergedGlobals.2)
    xDelayedTaskList1                        0x20000150   Data          20  tasks.o(.bss..L_MergedGlobals.2)
    [Anonymous Symbol]                       0x20000150   Section        0  tasks.o(.bss..L_MergedGlobals.2)
    xDelayedTaskList2                        0x20000164   Data          20  tasks.o(.bss..L_MergedGlobals.2)
    __tagsym$$used.1                         0x20000208   Number         0  tasks.o(.bss.pxCurrentTCB)
    pxReadyTasksLists                        0x2000020c   Data         140  tasks.o(.bss.pxReadyTasksLists)
    [Anonymous Symbol]                       0x2000020c   Section        0  tasks.o(.bss.pxReadyTasksLists)
    ucHeap                                   0x20000298   Data        3072  heap_4.o(.bss.ucHeap)
    [Anonymous Symbol]                       0x20000298   Section        0  heap_4.o(.bss.ucHeap)
    xIdleStack                               0x20000e9c   Data         512  freertos.o(.bss.xIdleStack)
    [Anonymous Symbol]                       0x20000e9c   Section        0  freertos.o(.bss.xIdleStack)
    xIdleTaskTCBBuffer                       0x2000109c   Data          84  freertos.o(.bss.xIdleTaskTCBBuffer)
    [Anonymous Symbol]                       0x2000109c   Section        0  freertos.o(.bss.xIdleTaskTCBBuffer)
    Heap_Mem                                 0x200010f0   Data         512  startup_stm32f103xb.o(HEAP)
    HEAP                                     0x200010f0   Section      512  startup_stm32f103xb.o(HEAP)
    Stack_Mem                                0x200012f0   Data        1024  startup_stm32f103xb.o(STACK)
    STACK                                    0x200012f0   Section     1024  startup_stm32f103xb.o(STACK)
    __initial_sp                             0x200016f0   Data           0  startup_stm32f103xb.o(STACK)

    Global Symbols

    Symbol Name                              Value     Ov Type        Size  Object(Section)

    BuildAttributes$$THM_ISAv4$P$D$K$B$S$PE$A:L22UL41UL21$X:L11$S22US41US21$IEEE1$IW$~IW$USESV6$~STKCKD$USESV7$~SHL$OTIME$ROPI$IEEEJ$EBA8$UX$STANDARDLIB$REQ8$PRES8$EABIv2 0x00000000   Number         0  anon$$obj.o ABSOLUTE
    __fp_init_empty                          0x00000000   Number         0  fpinit_empty.o ABSOLUTE
    _printf_flags                            0x00000000   Number         0  printf_stubs.o ABSOLUTE
    _printf_return_value                     0x00000000   Number         0  printf_stubs.o ABSOLUTE
    _printf_sizespec                         0x00000000   Number         0  printf_stubs.o ABSOLUTE
    _printf_widthprec                        0x00000000   Number         0  printf_stubs.o ABSOLUTE
    __ARM_exceptions_init                     - Undefined Weak Reference
    __alloca_initialize                       - Undefined Weak Reference
    __arm_preinit_                            - Undefined Weak Reference
    __arm_relocate_pie_                       - Undefined Weak Reference
    __cpp_initialize__aeabi_                  - Undefined Weak Reference
    __cxa_finalize                            - Undefined Weak Reference
    __sigvec_lookup                           - Undefined Weak Reference
    _atexit_init                              - Undefined Weak Reference
    _call_atexit_fns                          - Undefined Weak Reference
    _clock_init                               - Undefined Weak Reference
    _fp_trap_init                             - Undefined Weak Reference
    _fp_trap_shutdown                         - Undefined Weak Reference
    _get_lc_collate                           - Undefined Weak Reference
    _get_lc_monetary                          - Undefined Weak Reference
    _get_lc_time                              - Undefined Weak Reference
    _getenv_init                              - Undefined Weak Reference
    _handle_redirection                       - Undefined Weak Reference
    _init_alloc                               - Undefined Weak Reference
    _init_user_alloc                          - Undefined Weak Reference
    _initio                                   - Undefined Weak Reference
    _printf_mbtowc                            - Undefined Weak Reference
    _printf_wc                                - Undefined Weak Reference
    _rand_init                                - Undefined Weak Reference
    _signal_finish                            - Undefined Weak Reference
    _signal_init                              - Undefined Weak Reference
    _terminate_alloc                          - Undefined Weak Reference
    _terminate_user_alloc                     - Undefined Weak Reference
    _terminateio                              - Undefined Weak Reference
    __Vectors_Size                           0x000000ec   Number         0  startup_stm32f103xb.o ABSOLUTE
    __Vectors                                0x08000000   Data           4  startup_stm32f103xb.o(RESET)
    __Vectors_End                            0x080000ec   Data           0  startup_stm32f103xb.o(RESET)
    __main                                   0x080000ed   Thumb Code     8  __main.o(!!!main)
    __scatterload                            0x080000f5   Thumb Code     0  __scatter.o(!!!scatter)
    __scatterload_rt2                        0x080000f5   Thumb Code    84  __scatter.o(!!!scatter)
    __scatterload_rt2_thumb_only             0x080000f5   Thumb Code     0  __scatter.o(!!!scatter)
    __scatterload_loop                       0x080000ff   Thumb Code     0  __scatter.o(!!!scatter)
    __scatterload_copy                       0x08000151   Thumb Code    26  __scatter_copy.o(!!handler_copy)
    __scatterload_null                       0x0800016d   Thumb Code     2  __scatter.o(!!handler_null)
    __scatterload_zeroinit                   0x08000171   Thumb Code    28  __scatter_zi.o(!!handler_zi)
    _printf_n                                0x0800018d   Thumb Code     0  _printf_n.o(.ARM.Collect$$_printf_percent$$00000001)
    _printf_percent                          0x0800018d   Thumb Code     0  _printf_percent.o(.ARM.Collect$$_printf_percent$$00000000)
    _printf_p                                0x08000193   Thumb Code     0  _printf_p.o(.ARM.Collect$$_printf_percent$$00000002)
    _printf_f                                0x08000199   Thumb Code     0  _printf_f.o(.ARM.Collect$$_printf_percent$$00000003)
    _printf_e                                0x0800019f   Thumb Code     0  _printf_e.o(.ARM.Collect$$_printf_percent$$00000004)
    _printf_g                                0x080001a5   Thumb Code     0  _printf_g.o(.ARM.Collect$$_printf_percent$$00000005)
    _printf_a                                0x080001ab   Thumb Code     0  _printf_a.o(.ARM.Collect$$_printf_percent$$00000006)
    _printf_ll                               0x080001b1   Thumb Code     0  _printf_ll.o(.ARM.Collect$$_printf_percent$$00000007)
    _printf_i                                0x080001bb   Thumb Code     0  _printf_i.o(.ARM.Collect$$_printf_percent$$00000008)
    _printf_d                                0x080001c1   Thumb Code     0  _printf_d.o(.ARM.Collect$$_printf_percent$$00000009)
    _printf_u                                0x080001c7   Thumb Code     0  _printf_u.o(.ARM.Collect$$_printf_percent$$0000000A)
    _printf_o                                0x080001cd   Thumb Code     0  _printf_o.o(.ARM.Collect$$_printf_percent$$0000000B)
    _printf_x                                0x080001d3   Thumb Code     0  _printf_x.o(.ARM.Collect$$_printf_percent$$0000000C)
    _printf_lli                              0x080001d9   Thumb Code     0  _printf_lli.o(.ARM.Collect$$_printf_percent$$0000000D)
    _printf_lld                              0x080001df   Thumb Code     0  _printf_lld.o(.ARM.Collect$$_printf_percent$$0000000E)
    _printf_llu                              0x080001e5   Thumb Code     0  _printf_llu.o(.ARM.Collect$$_printf_percent$$0000000F)
    _printf_llo                              0x080001eb   Thumb Code     0  _printf_llo.o(.ARM.Collect$$_printf_percent$$00000010)
    _printf_llx                              0x080001f1   Thumb Code     0  _printf_llx.o(.ARM.Collect$$_printf_percent$$00000011)
    _printf_l                                0x080001f7   Thumb Code     0  _printf_l.o(.ARM.Collect$$_printf_percent$$00000012)
    _printf_c                                0x08000201   Thumb Code     0  _printf_c.o(.ARM.Collect$$_printf_percent$$00000013)
    _printf_s                                0x08000207   Thumb Code     0  _printf_s.o(.ARM.Collect$$_printf_percent$$00000014)
    _printf_lc                               0x0800020d   Thumb Code     0  _printf_lc.o(.ARM.Collect$$_printf_percent$$00000015)
    _printf_ls                               0x08000213   Thumb Code     0  _printf_ls.o(.ARM.Collect$$_printf_percent$$00000016)
    _printf_percent_end                      0x08000219   Thumb Code     0  _printf_percent_end.o(.ARM.Collect$$_printf_percent$$00000017)
    __rt_lib_init                            0x0800021d   Thumb Code     0  libinit.o(.ARM.Collect$$libinit$$00000000)
    __rt_lib_init_fp_1                       0x0800021f   Thumb Code     0  libinit2.o(.ARM.Collect$$libinit$$00000002)
    __rt_lib_init_heap_1                     0x0800021f   Thumb Code     0  libinit2.o(.ARM.Collect$$libinit$$0000000C)
    __rt_lib_init_lc_common                  0x0800021f   Thumb Code     0  libinit2.o(.ARM.Collect$$libinit$$00000011)
    __rt_lib_init_preinit_1                  0x0800021f   Thumb Code     0  libinit2.o(.ARM.Collect$$libinit$$00000006)
    __rt_lib_init_rand_1                     0x0800021f   Thumb Code     0  libinit2.o(.ARM.Collect$$libinit$$00000010)
    __rt_lib_init_relocate_pie_1             0x0800021f   Thumb Code     0  libinit2.o(.ARM.Collect$$libinit$$00000004)
    __rt_lib_init_user_alloc_1               0x0800021f   Thumb Code     0  libinit2.o(.ARM.Collect$$libinit$$0000000E)
    __rt_lib_init_lc_collate_1               0x08000225   Thumb Code     0  libinit2.o(.ARM.Collect$$libinit$$00000013)
    __rt_lib_init_lc_ctype_2                 0x08000225   Thumb Code     0  libinit2.o(.ARM.Collect$$libinit$$00000014)
    __rt_lib_init_lc_ctype_1                 0x08000231   Thumb Code     0  libinit2.o(.ARM.Collect$$libinit$$00000015)
    __rt_lib_init_lc_monetary_1              0x08000231   Thumb Code     0  libinit2.o(.ARM.Collect$$libinit$$00000017)
    __rt_lib_init_lc_numeric_2               0x08000231   Thumb Code     0  libinit2.o(.ARM.Collect$$libinit$$00000018)
    __rt_lib_init_alloca_1                   0x0800023b   Thumb Code     0  libinit2.o(.ARM.Collect$$libinit$$00000030)
    __rt_lib_init_argv_1                     0x0800023b   Thumb Code     0  libinit2.o(.ARM.Collect$$libinit$$0000002E)
    __rt_lib_init_atexit_1                   0x0800023b   Thumb Code     0  libinit2.o(.ARM.Collect$$libinit$$0000001D)
    __rt_lib_init_clock_1                    0x0800023b   Thumb Code     0  libinit2.o(.ARM.Collect$$libinit$$00000023)
    __rt_lib_init_cpp_1                      0x0800023b   Thumb Code     0  libinit2.o(.ARM.Collect$$libinit$$00000034)
    __rt_lib_init_exceptions_1               0x0800023b   Thumb Code     0  libinit2.o(.ARM.Collect$$libinit$$00000032)
    __rt_lib_init_fp_trap_1                  0x0800023b   Thumb Code     0  libinit2.o(.ARM.Collect$$libinit$$00000021)
    __rt_lib_init_getenv_1                   0x0800023b   Thumb Code     0  libinit2.o(.ARM.Collect$$libinit$$00000025)
    __rt_lib_init_lc_numeric_1               0x0800023b   Thumb Code     0  libinit2.o(.ARM.Collect$$libinit$$00000019)
    __rt_lib_init_lc_time_1                  0x0800023b   Thumb Code     0  libinit2.o(.ARM.Collect$$libinit$$0000001B)
    __rt_lib_init_return                     0x0800023b   Thumb Code     0  libinit2.o(.ARM.Collect$$libinit$$00000035)
    __rt_lib_init_signal_1                   0x0800023b   Thumb Code     0  libinit2.o(.ARM.Collect$$libinit$$0000001F)
    __rt_lib_init_stdio_1                    0x0800023b   Thumb Code     0  libinit2.o(.ARM.Collect$$libinit$$00000027)
    __rt_lib_shutdown                        0x0800023d   Thumb Code     0  libshutdown.o(.ARM.Collect$$libshutdown$$00000000)
    __rt_lib_shutdown_cpp_1                  0x0800023f   Thumb Code     0  libshutdown2.o(.ARM.Collect$$libshutdown$$00000002)
    __rt_lib_shutdown_fp_trap_1              0x0800023f   Thumb Code     0  libshutdown2.o(.ARM.Collect$$libshutdown$$00000007)
    __rt_lib_shutdown_heap_1                 0x0800023f   Thumb Code     0  libshutdown2.o(.ARM.Collect$$libshutdown$$0000000F)
    __rt_lib_shutdown_return                 0x0800023f   Thumb Code     0  libshutdown2.o(.ARM.Collect$$libshutdown$$00000010)
    __rt_lib_shutdown_signal_1               0x0800023f   Thumb Code     0  libshutdown2.o(.ARM.Collect$$libshutdown$$0000000A)
    __rt_lib_shutdown_stdio_1                0x0800023f   Thumb Code     0  libshutdown2.o(.ARM.Collect$$libshutdown$$00000004)
    __rt_lib_shutdown_user_alloc_1           0x0800023f   Thumb Code     0  libshutdown2.o(.ARM.Collect$$libshutdown$$0000000C)
    __rt_entry                               0x08000241   Thumb Code     0  __rtentry.o(.ARM.Collect$$rtentry$$00000000)
    __rt_entry_presh_1                       0x08000241   Thumb Code     0  __rtentry2.o(.ARM.Collect$$rtentry$$00000002)
    __rt_entry_sh                            0x08000241   Thumb Code     0  __rtentry4.o(.ARM.Collect$$rtentry$$00000004)
    __rt_entry_li                            0x08000247   Thumb Code     0  __rtentry2.o(.ARM.Collect$$rtentry$$0000000A)
    __rt_entry_postsh_1                      0x08000247   Thumb Code     0  __rtentry2.o(.ARM.Collect$$rtentry$$00000009)
    __rt_entry_main                          0x0800024b   Thumb Code     0  __rtentry2.o(.ARM.Collect$$rtentry$$0000000D)
    __rt_entry_postli_1                      0x0800024b   Thumb Code     0  __rtentry2.o(.ARM.Collect$$rtentry$$0000000C)
    __rt_exit                                0x08000253   Thumb Code     0  rtexit.o(.ARM.Collect$$rtexit$$00000000)
    __rt_exit_ls                             0x08000255   Thumb Code     0  rtexit2.o(.ARM.Collect$$rtexit$$00000003)
    __rt_exit_prels_1                        0x08000255   Thumb Code     0  rtexit2.o(.ARM.Collect$$rtexit$$00000002)
    __rt_exit_exit                           0x08000259   Thumb Code     0  rtexit2.o(.ARM.Collect$$rtexit$$00000004)
    Reset_Handler                            0x08000261   Thumb Code     8  startup_stm32f103xb.o(.text)
    ADC1_2_IRQHandler                        0x0800027b   Thumb Code     0  startup_stm32f103xb.o(.text)
    CAN1_RX1_IRQHandler                      0x0800027b   Thumb Code     0  startup_stm32f103xb.o(.text)
    CAN1_SCE_IRQHandler                      0x0800027b   Thumb Code     0  startup_stm32f103xb.o(.text)
    DMA1_Channel1_IRQHandler                 0x0800027b   Thumb Code     0  startup_stm32f103xb.o(.text)
    DMA1_Channel2_IRQHandler                 0x0800027b   Thumb Code     0  startup_stm32f103xb.o(.text)
    DMA1_Channel3_IRQHandler                 0x0800027b   Thumb Code     0  startup_stm32f103xb.o(.text)
    DMA1_Channel4_IRQHandler                 0x0800027b   Thumb Code     0  startup_stm32f103xb.o(.text)
    DMA1_Channel5_IRQHandler                 0x0800027b   Thumb Code     0  startup_stm32f103xb.o(.text)
    DMA1_Channel6_IRQHandler                 0x0800027b   Thumb Code     0  startup_stm32f103xb.o(.text)
    DMA1_Channel7_IRQHandler                 0x0800027b   Thumb Code     0  startup_stm32f103xb.o(.text)
    EXTI0_IRQHandler                         0x0800027b   Thumb Code     0  startup_stm32f103xb.o(.text)
    EXTI15_10_IRQHandler                     0x0800027b   Thumb Code     0  startup_stm32f103xb.o(.text)
    EXTI1_IRQHandler                         0x0800027b   Thumb Code     0  startup_stm32f103xb.o(.text)
    EXTI2_IRQHandler                         0x0800027b   Thumb Code     0  startup_stm32f103xb.o(.text)
    EXTI3_IRQHandler                         0x0800027b   Thumb Code     0  startup_stm32f103xb.o(.text)
    EXTI4_IRQHandler                         0x0800027b   Thumb Code     0  startup_stm32f103xb.o(.text)
    EXTI9_5_IRQHandler                       0x0800027b   Thumb Code     0  startup_stm32f103xb.o(.text)
    FLASH_IRQHandler                         0x0800027b   Thumb Code     0  startup_stm32f103xb.o(.text)
    I2C1_ER_IRQHandler                       0x0800027b   Thumb Code     0  startup_stm32f103xb.o(.text)
    I2C1_EV_IRQHandler                       0x0800027b   Thumb Code     0  startup_stm32f103xb.o(.text)
    I2C2_ER_IRQHandler                       0x0800027b   Thumb Code     0  startup_stm32f103xb.o(.text)
    I2C2_EV_IRQHandler                       0x0800027b   Thumb Code     0  startup_stm32f103xb.o(.text)
    PVD_IRQHandler                           0x0800027b   Thumb Code     0  startup_stm32f103xb.o(.text)
    RCC_IRQHandler                           0x0800027b   Thumb Code     0  startup_stm32f103xb.o(.text)
    RTC_Alarm_IRQHandler                     0x0800027b   Thumb Code     0  startup_stm32f103xb.o(.text)
    RTC_IRQHandler                           0x0800027b   Thumb Code     0  startup_stm32f103xb.o(.text)
    SPI1_IRQHandler                          0x0800027b   Thumb Code     0  startup_stm32f103xb.o(.text)
    SPI2_IRQHandler                          0x0800027b   Thumb Code     0  startup_stm32f103xb.o(.text)
    TAMPER_IRQHandler                        0x0800027b   Thumb Code     0  startup_stm32f103xb.o(.text)
    TIM1_BRK_IRQHandler                      0x0800027b   Thumb Code     0  startup_stm32f103xb.o(.text)
    TIM1_CC_IRQHandler                       0x0800027b   Thumb Code     0  startup_stm32f103xb.o(.text)
    TIM1_TRG_COM_IRQHandler                  0x0800027b   Thumb Code     0  startup_stm32f103xb.o(.text)
    TIM1_UP_IRQHandler                       0x0800027b   Thumb Code     0  startup_stm32f103xb.o(.text)
    TIM2_IRQHandler                          0x0800027b   Thumb Code     0  startup_stm32f103xb.o(.text)
    TIM3_IRQHandler                          0x0800027b   Thumb Code     0  startup_stm32f103xb.o(.text)
    USART1_IRQHandler                        0x0800027b   Thumb Code     0  startup_stm32f103xb.o(.text)
    USART2_IRQHandler                        0x0800027b   Thumb Code     0  startup_stm32f103xb.o(.text)
    USART3_IRQHandler                        0x0800027b   Thumb Code     0  startup_stm32f103xb.o(.text)
    USBWakeUp_IRQHandler                     0x0800027b   Thumb Code     0  startup_stm32f103xb.o(.text)
    USB_HP_CAN1_TX_IRQHandler                0x0800027b   Thumb Code     0  startup_stm32f103xb.o(.text)
    USB_LP_CAN1_RX0_IRQHandler               0x0800027b   Thumb Code     0  startup_stm32f103xb.o(.text)
    WWDG_IRQHandler                          0x0800027b   Thumb Code     0  startup_stm32f103xb.o(.text)
    __user_initial_stackheap                 0x0800027d   Thumb Code     0  startup_stm32f103xb.o(.text)
    vsnprintf                                0x080002a1   Thumb Code    56  vsnprintf.o(.text)
    __aeabi_memcpy                           0x080002dd   Thumb Code     0  rt_memcpy_v6.o(.text)
    __rt_memcpy                              0x080002dd   Thumb Code   138  rt_memcpy_v6.o(.text)
    _memcpy_lastbytes                        0x08000343   Thumb Code     0  rt_memcpy_v6.o(.text)
    __aeabi_memclr                           0x08000367   Thumb Code     0  rt_memclr.o(.text)
    __rt_memclr                              0x08000367   Thumb Code     0  rt_memclr.o(.text)
    _memset                                  0x0800036b   Thumb Code    64  rt_memclr.o(.text)
    __aeabi_memclr4                          0x080003ab   Thumb Code     0  rt_memclr_w.o(.text)
    __aeabi_memclr8                          0x080003ab   Thumb Code     0  rt_memclr_w.o(.text)
    __rt_memclr_w                            0x080003ab   Thumb Code     0  rt_memclr_w.o(.text)
    _memset_w                                0x080003af   Thumb Code    74  rt_memclr_w.o(.text)
    __use_two_region_memory                  0x080003f9   Thumb Code     2  heapauxi.o(.text)
    __rt_heap_escrow$2region                 0x080003fb   Thumb Code     2  heapauxi.o(.text)
    __rt_heap_expand$2region                 0x080003fd   Thumb Code     2  heapauxi.o(.text)
    _printf_pre_padding                      0x080003ff   Thumb Code    44  _printf_pad.o(.text)
    _printf_post_padding                     0x0800042b   Thumb Code    34  _printf_pad.o(.text)
    _printf_truncate_signed                  0x0800044d   Thumb Code    18  _printf_truncate.o(.text)
    _printf_truncate_unsigned                0x0800045f   Thumb Code    18  _printf_truncate.o(.text)
    _printf_str                              0x08000471   Thumb Code    82  _printf_str.o(.text)
    _printf_int_dec                          0x080004c5   Thumb Code   104  _printf_dec.o(.text)
    _printf_charcount                        0x0800053d   Thumb Code    40  _printf_charcount.o(.text)
    _printf_char_common                      0x0800056f   Thumb Code    32  _printf_char_common.o(.text)
    _snputc                                  0x08000595   Thumb Code    16  _snputc.o(.text)
    _printf_wctomb                           0x080005a5   Thumb Code   182  _printf_wctomb.o(.text)
    _printf_longlong_dec                     0x08000661   Thumb Code   108  _printf_longlong_dec.o(.text)
    _printf_longlong_oct                     0x080006dd   Thumb Code    68  _printf_oct_int_ll.o(.text)
    _printf_int_oct                          0x08000721   Thumb Code    24  _printf_oct_int_ll.o(.text)
    _printf_ll_oct                           0x08000739   Thumb Code    12  _printf_oct_int_ll.o(.text)
    _printf_longlong_hex                     0x0800074d   Thumb Code    86  _printf_hex_int_ll_ptr.o(.text)
    _printf_int_hex                          0x080007a3   Thumb Code    28  _printf_hex_int_ll_ptr.o(.text)
    _printf_ll_hex                           0x080007bf   Thumb Code    12  _printf_hex_int_ll_ptr.o(.text)
    _printf_hex_ptr                          0x080007cb   Thumb Code    18  _printf_hex_int_ll_ptr.o(.text)
    __printf                                 0x080007e1   Thumb Code   388  __printf_flags_ss_wp.o(.text)
    __aeabi_memcpy4                          0x08000969   Thumb Code     0  rt_memcpy_w.o(.text)
    __aeabi_memcpy8                          0x08000969   Thumb Code     0  rt_memcpy_w.o(.text)
    __rt_memcpy_w                            0x08000969   Thumb Code   100  rt_memcpy_w.o(.text)
    _memcpy_lastbytes_aligned                0x080009b1   Thumb Code     0  rt_memcpy_w.o(.text)
    _ll_udiv10                               0x080009cd   Thumb Code   138  lludiv10.o(.text)
    _printf_int_common                       0x08000a57   Thumb Code   178  _printf_intcommon.o(.text)
    _printf_fp_dec_real                      0x08000cb9   Thumb Code   620  _printf_fp_dec.o(.text)
    _printf_fp_hex_real                      0x08000f25   Thumb Code   756  _printf_fp_hex.o(.text)
    _printf_cs_common                        0x08001221   Thumb Code    20  _printf_char.o(.text)
    _printf_char                             0x08001235   Thumb Code    16  _printf_char.o(.text)
    _printf_string                           0x08001245   Thumb Code     8  _printf_char.o(.text)
    _printf_lcs_common                       0x0800124d   Thumb Code    20  _printf_wchar.o(.text)
    _printf_wchar                            0x08001261   Thumb Code    16  _printf_wchar.o(.text)
    _printf_wstring                          0x08001271   Thumb Code     8  _printf_wchar.o(.text)
    _c16rtomb                                0x08001279   Thumb Code    72  _c16rtomb.o(.text)
    _wcrtomb                                 0x08001279   Thumb Code     0  _c16rtomb.o(.text)
    __user_setup_stackheap                   0x080012c1   Thumb Code    74  sys_stackheap_outer.o(.text)
    __rt_ctype_table                         0x0800130d   Thumb Code    16  rt_ctype_table.o(.text)
    __rt_locale                              0x0800131d   Thumb Code     8  rt_locale_intlibspace.o(.text)
    _printf_fp_infnan                        0x08001325   Thumb Code   112  _printf_fp_infnan.o(.text)
    _btod_etento                             0x080013a5   Thumb Code   224  bigflt0.o(.text)
    exit                                     0x08001489   Thumb Code    18  exit.o(.text)
    __user_libspace                          0x0800149d   Thumb Code     8  libspace.o(.text)
    __user_perproc_libspace                  0x0800149d   Thumb Code     0  libspace.o(.text)
    __user_perthread_libspace                0x0800149d   Thumb Code     0  libspace.o(.text)
    strcmp                                   0x080014a5   Thumb Code   128  strcmpv7m.o(.text)
    _sys_exit                                0x08001525   Thumb Code     8  sys_exit.o(.text)
    __I$use$semihosting                      0x08001531   Thumb Code     0  use_no_semi.o(.text)
    __use_no_semihosting_swi                 0x08001531   Thumb Code     2  use_no_semi.o(.text)
    __semihosting_library_function           0x08001533   Thumb Code     0  indicate_semi.o(.text)
    BusFault_Handler                         0x08001535   Thumb Code     2  stm32f1xx_it.o(.text.BusFault_Handler)
    DebugMon_Handler                         0x08001539   Thumb Code     2  stm32f1xx_it.o(.text.DebugMon_Handler)
    HAL_GPIO_Init                            0x0800153d   Thumb Code   526  stm32f1xx_hal_gpio.o(.text.HAL_GPIO_Init)
    HAL_GetTick                              0x0800174d   Thumb Code    12  stm32f1xx_hal.o(.text.HAL_GetTick)
    HAL_IncTick                              0x08001759   Thumb Code    26  stm32f1xx_hal.o(.text.HAL_IncTick)
    HAL_Init                                 0x08001775   Thumb Code    38  stm32f1xx_hal.o(.text.HAL_Init)
    HAL_InitTick                             0x0800179d   Thumb Code   178  stm32f1xx_hal_timebase_tim.o(.text.HAL_InitTick)
    HAL_MspInit                              0x08001851   Thumb Code    80  stm32f1xx_hal_msp.o(.text.HAL_MspInit)
    HAL_NVIC_EnableIRQ                       0x080018a1   Thumb Code    34  stm32f1xx_hal_cortex.o(.text.HAL_NVIC_EnableIRQ)
    HAL_NVIC_SetPriority                     0x080018c5   Thumb Code    86  stm32f1xx_hal_cortex.o(.text.HAL_NVIC_SetPriority)
    HAL_NVIC_SetPriorityGrouping             0x0800191d   Thumb Code    32  stm32f1xx_hal_cortex.o(.text.HAL_NVIC_SetPriorityGrouping)
    HAL_RCC_ClockConfig                      0x0800193d   Thumb Code   442  stm32f1xx_hal_rcc.o(.text.HAL_RCC_ClockConfig)
    HAL_RCC_GetClockConfig                   0x08001af9   Thumb Code    66  stm32f1xx_hal_rcc.o(.text.HAL_RCC_GetClockConfig)
    HAL_RCC_GetPCLK1Freq                     0x08001b3d   Thumb Code    38  stm32f1xx_hal_rcc.o(.text.HAL_RCC_GetPCLK1Freq)
    HAL_RCC_GetPCLK2Freq                     0x08001b65   Thumb Code    38  stm32f1xx_hal_rcc.o(.text.HAL_RCC_GetPCLK2Freq)
    HAL_RCC_OscConfig                        0x08001b8d   Thumb Code  1024  stm32f1xx_hal_rcc.o(.text.HAL_RCC_OscConfig)
    HAL_TIMEx_BreakCallback                  0x08001f8d   Thumb Code     2  stm32f1xx_hal_tim_ex.o(.text.HAL_TIMEx_BreakCallback)
    HAL_TIMEx_CommutCallback                 0x08001f91   Thumb Code     2  stm32f1xx_hal_tim_ex.o(.text.HAL_TIMEx_CommutCallback)
    HAL_TIM_Base_Init                        0x08001f95   Thumb Code   250  stm32f1xx_hal_tim.o(.text.HAL_TIM_Base_Init)
    HAL_TIM_Base_MspInit                     0x08002091   Thumb Code     2  stm32f1xx_hal_tim.o(.text.HAL_TIM_Base_MspInit)
    HAL_TIM_Base_Start_IT                    0x08002095   Thumb Code   110  stm32f1xx_hal_tim.o(.text.HAL_TIM_Base_Start_IT)
    HAL_TIM_IC_CaptureCallback               0x08002105   Thumb Code     2  stm32f1xx_hal_tim.o(.text.HAL_TIM_IC_CaptureCallback)
    HAL_TIM_IRQHandler                       0x08002109   Thumb Code   334  stm32f1xx_hal_tim.o(.text.HAL_TIM_IRQHandler)
    HAL_TIM_OC_DelayElapsedCallback          0x08002259   Thumb Code     2  stm32f1xx_hal_tim.o(.text.HAL_TIM_OC_DelayElapsedCallback)
    HAL_TIM_PWM_PulseFinishedCallback        0x0800225d   Thumb Code     2  stm32f1xx_hal_tim.o(.text.HAL_TIM_PWM_PulseFinishedCallback)
    HAL_TIM_PeriodElapsedCallback            0x08002261   Thumb Code    20  main.o(.text.HAL_TIM_PeriodElapsedCallback)
    HAL_TIM_TriggerCallback                  0x08002275   Thumb Code     2  stm32f1xx_hal_tim.o(.text.HAL_TIM_TriggerCallback)
    HAL_UART_Init                            0x08002279   Thumb Code   226  stm32f1xx_hal_uart.o(.text.HAL_UART_Init)
    HAL_UART_MspInit                         0x0800235d   Thumb Code   126  stm32f1xx_hal_msp.o(.text.HAL_UART_MspInit)
    HAL_UART_Transmit                        0x080023dd   Thumb Code   402  stm32f1xx_hal_uart.o(.text.HAL_UART_Transmit)
    HardFault_Handler                        0x08002571   Thumb Code     2  stm32f1xx_it.o(.text.HardFault_Handler)
    MemManage_Handler                        0x08002575   Thumb Code     2  stm32f1xx_it.o(.text.MemManage_Handler)
    NMI_Handler                              0x08002579   Thumb Code     2  stm32f1xx_it.o(.text.NMI_Handler)
    PendSV_Handler                           0x0800257d   Thumb Code    68  port.o(.text.PendSV_Handler)
    SVC_Handler                              0x080025c1   Thumb Code    36  port.o(.text.SVC_Handler)
    StartTask01                              0x080025e5   Thumb Code    48  main.o(.text.StartTask01)
    StartTask02                              0x08002629   Thumb Code    60  main.o(.text.StartTask02)
    SysTick_Handler                          0x08002685   Thumb Code    46  port.o(.text.SysTick_Handler)
    SystemInit                               0x080026b5   Thumb Code     2  system_stm32f1xx.o(.text.SystemInit)
    TIM4_IRQHandler                          0x080026b9   Thumb Code    12  stm32f1xx_it.o(.text.TIM4_IRQHandler)
    UsageFault_Handler                       0x080026c5   Thumb Code     2  stm32f1xx_it.o(.text.UsageFault_Handler)
    mPrint                                   0x080026c9   Thumb Code    68  main.o(.text.mPrint)
    main                                     0x0800270d   Thumb Code   312  main.o(.text.main)
    osDelay                                  0x0800288d   Thumb Code    16  cmsis_os.o(.text.osDelay)
    osKernelStart                            0x0800289d   Thumb Code    10  cmsis_os.o(.text.osKernelStart)
    osMessageCreate                          0x080028a9   Thumb Code    40  cmsis_os.o(.text.osMessageCreate)
    osMessageGet                             0x080028d1   Thumb Code   118  cmsis_os.o(.text.osMessageGet)
    osMessagePut                             0x08002949   Thumb Code    94  cmsis_os.o(.text.osMessagePut)
    osThreadCreate                           0x080029a9   Thumb Code    92  cmsis_os.o(.text.osThreadCreate)
    pvPortMalloc                             0x08002e1d   Thumb Code   460  heap_4.o(.text.pvPortMalloc)
    pxPortInitialiseStack                    0x08002fe9   Thumb Code    32  port.o(.text.pxPortInitialiseStack)
    uxListRemove                             0x08003009   Thumb Code    32  list.o(.text.uxListRemove)
    uxTaskGetNumberOfTasks                   0x08003029   Thumb Code    12  tasks.o(.text.uxTaskGetNumberOfTasks)
    vApplicationGetIdleTaskMemory            0x08003035   Thumb Code    26  freertos.o(.text.vApplicationGetIdleTaskMemory)
    vListInitialise                          0x08003051   Thumb Code    22  list.o(.text.vListInitialise)
    vListInitialiseItem                      0x08003069   Thumb Code     6  list.o(.text.vListInitialiseItem)
    vListInsert                              0x08003071   Thumb Code    98  list.o(.text.vListInsert)
    vPortEnterCritical                       0x080030d5   Thumb Code    70  port.o(.text.vPortEnterCritical)
    vPortExitCritical                        0x0800311d   Thumb Code    46  port.o(.text.vPortExitCritical)
    vPortFree                                0x0800314d   Thumb Code   296  heap_4.o(.text.vPortFree)
    vPortSetupTimerInterrupt                 0x08003275   Thumb Code    52  port.o(.text.vPortSetupTimerInterrupt)
    vPortValidateInterruptPriority           0x080032a9   Thumb Code    94  port.o(.text.vPortValidateInterruptPriority)
    vTaskDelay                               0x08003309   Thumb Code   184  tasks.o(.text.vTaskDelay)
    vTaskInternalSetTimeOutState             0x080033c1   Thumb Code    18  tasks.o(.text.vTaskInternalSetTimeOutState)
    vTaskMissedYield                         0x080033d5   Thumb Code    14  tasks.o(.text.vTaskMissedYield)
    vTaskPlaceOnEventList                    0x080033e5   Thumb Code    54  tasks.o(.text.vTaskPlaceOnEventList)
    vTaskStartScheduler                      0x0800341d   Thumb Code   242  tasks.o(.text.vTaskStartScheduler)
    vTaskSuspendAll                          0x08003511   Thumb Code    16  tasks.o(.text.vTaskSuspendAll)
    vTaskSwitchContext                       0x08003521   Thumb Code   110  tasks.o(.text.vTaskSwitchContext)
    xPortStartScheduler                      0x08003591   Thumb Code   434  port.o(.text.xPortStartScheduler)
    xQueueGenericCreate                      0x08003745   Thumb Code   142  queue.o(.text.xQueueGenericCreate)
    xQueueGenericCreateStatic                0x080037d5   Thumb Code   204  queue.o(.text.xQueueGenericCreateStatic)
    xQueueGenericSend                        0x080038a1   Thumb Code   704  queue.o(.text.xQueueGenericSend)
    xQueueGenericSendFromISR                 0x08003b61   Thumb Code   344  queue.o(.text.xQueueGenericSendFromISR)
    xQueueReceive                            0x08003cb9   Thumb Code   574  queue.o(.text.xQueueReceive)
    xQueueReceiveFromISR                     0x08003ef9   Thumb Code   256  queue.o(.text.xQueueReceiveFromISR)
    xTaskCheckForTimeOut                     0x08003ff9   Thumb Code   154  tasks.o(.text.xTaskCheckForTimeOut)
    xTaskCreate                              0x08004095   Thumb Code    96  tasks.o(.text.xTaskCreate)
    xTaskCreateStatic                        0x080040f5   Thumb Code   150  tasks.o(.text.xTaskCreateStatic)
    xTaskGetSchedulerState                   0x0800418d   Thumb Code    30  tasks.o(.text.xTaskGetSchedulerState)
    xTaskIncrementTick                       0x080041ad   Thumb Code   382  tasks.o(.text.xTaskIncrementTick)
    xTaskPriorityDisinherit                  0x0800432d   Thumb Code   206  tasks.o(.text.xTaskPriorityDisinherit)
    xTaskRemoveFromEventList                 0x080043fd   Thumb Code   226  tasks.o(.text.xTaskRemoveFromEventList)
    xTaskResumeAll                           0x080044e1   Thumb Code   322  tasks.o(.text.xTaskResumeAll)
    _btod_d2e                                0x08004623   Thumb Code    62  btod.o(CL$$btod_d2e)
    _d2e_denorm_low                          0x08004661   Thumb Code    70  btod.o(CL$$btod_d2e_denorm_low)
    _d2e_norm_op1                            0x080046a7   Thumb Code    96  btod.o(CL$$btod_d2e_norm_op1)
    __btod_div_common                        0x08004709   Thumb Code   696  btod.o(CL$$btod_div_common)
    _e2e                                     0x08004a41   Thumb Code   220  btod.o(CL$$btod_e2e)
    _btod_ediv                               0x08004b1d   Thumb Code    42  btod.o(CL$$btod_ediv)
    _btod_emul                               0x08004b47   Thumb Code    42  btod.o(CL$$btod_emul)
    __btod_mult_common                       0x08004b71   Thumb Code   580  btod.o(CL$$btod_mult_common)
    __ARM_fpclassify                         0x08004db5   Thumb Code    40  fpclassify.o(i.__ARM_fpclassify)
    _is_digit                                0x08004ddd   Thumb Code    14  __printf_wp.o(i._is_digit)
    _get_lc_numeric                          0x08004ded   Thumb Code    44  lc_numeric_c.o(locale$$code)
    _get_lc_ctype                            0x08004e19   Thumb Code    44  lc_ctype_c.o(locale$$code)
    _printf_fp_dec                           0x08004e45   Thumb Code     4  printf1.o(x$fpl$printf1)
    _printf_fp_hex                           0x08004e49   Thumb Code     4  printf2.o(x$fpl$printf2)
    __I$use$fp                               0x08004e4c   Number         0  usenofp.o(x$fpl$usenofp)
    AHBPrescTable                            0x08004f48   Data          16  system_stm32f1xx.o(.rodata.AHBPrescTable)
    APBPrescTable                            0x08004f58   Data           8  system_stm32f1xx.o(.rodata.APBPrescTable)
    Region$$Table$$Base                      0x08004f84   Number         0  anon$$obj.o(Region$$Table)
    Region$$Table$$Limit                     0x08004fa4   Number         0  anon$$obj.o(Region$$Table)
    __ctype                                  0x08004fcd   Data           0  lc_ctype_c.o(locale$$data)
    uwTickFreq                               0x20000000   Data           1  stm32f1xx_hal.o(.data..L_MergedGlobals)
    uwTickPrio                               0x20000004   Data           4  stm32f1xx_hal.o(.data..L_MergedGlobals)
    SystemCoreClock                          0x20000008   Data           4  system_stm32f1xx.o(.data.SystemCoreClock)
    mData                                    0x2000000c   Data           4  main.o(.data.mData)
    __libspace_start                         0x20000018   Data          96  libspace.o(.bss)
    __temporary_stack_top$libspace           0x20000078   Data           0  libspace.o(.bss)
    myQueue01Handle                          0x20000078   Data           4  main.o(.bss..L_MergedGlobals)
    Task02Handle                             0x2000007c   Data           4  main.o(.bss..L_MergedGlobals)
    Task01Handle                             0x20000080   Data           4  main.o(.bss..L_MergedGlobals)
    receive_task1_data                       0x20000084   Data          12  main.o(.bss..L_MergedGlobals)
    buff                                     0x20000090   Data          40  main.o(.bss..L_MergedGlobals)
    htim4                                    0x20000178   Data          72  stm32f1xx_hal_timebase_tim.o(.bss.htim4)
    huart1                                   0x200001c0   Data          72  main.o(.bss.huart1)
    pxCurrentTCB                             0x20000208   Data           4  tasks.o(.bss.pxCurrentTCB)
    uwTick                                   0x20000e98   Data           4  stm32f1xx_hal.o(.bss.uwTick)



==============================================================================

Memory Map of the image

  Image Entry point : 0x080000ed

  Load Region LR_IROM1 (Base: 0x08000000, Size: 0x000050e8, Max: 0x00010000, ABSOLUTE)

    Execution Region ER_IROM1 (Exec base: 0x08000000, Load base: 0x08000000, Size: 0x000050d0, Max: 0x00010000, ABSOLUTE)

    Exec Addr    Load Addr    Size         Type   Attr      Idx    E Section Name        Object

    0x08000000   0x08000000   0x000000ec   Data   RO            3    RESET               startup_stm32f103xb.o
    0x080000ec   0x080000ec   0x00000008   Code   RO         1373  * !!!main             c_w.l(__main.o)
    0x080000f4   0x080000f4   0x0000005c   Code   RO         1712    !!!scatter          c_w.l(__scatter.o)
    0x08000150   0x08000150   0x0000001a   Code   RO         1716    !!handler_copy      c_w.l(__scatter_copy.o)
    0x0800016a   0x0800016a   0x00000002   PAD
    0x0800016c   0x0800016c   0x00000002   Code   RO         1713    !!handler_null      c_w.l(__scatter.o)
    0x0800016e   0x0800016e   0x00000002   PAD
    0x08000170   0x08000170   0x0000001c   Code   RO         1718    !!handler_zi        c_w.l(__scatter_zi.o)
    0x0800018c   0x0800018c   0x00000000   Code   RO         1457    .ARM.Collect$$_printf_percent$$00000000  c_w.l(_printf_percent.o)
    0x0800018c   0x0800018c   0x00000006   Code   RO         1446    .ARM.Collect$$_printf_percent$$00000001  c_w.l(_printf_n.o)
    0x08000192   0x08000192   0x00000006   Code   RO         1448    .ARM.Collect$$_printf_percent$$00000002  c_w.l(_printf_p.o)
    0x08000198   0x08000198   0x00000006   Code   RO         1453    .ARM.Collect$$_printf_percent$$00000003  c_w.l(_printf_f.o)
    0x0800019e   0x0800019e   0x00000006   Code   RO         1454    .ARM.Collect$$_printf_percent$$00000004  c_w.l(_printf_e.o)
    0x080001a4   0x080001a4   0x00000006   Code   RO         1455    .ARM.Collect$$_printf_percent$$00000005  c_w.l(_printf_g.o)
    0x080001aa   0x080001aa   0x00000006   Code   RO         1456    .ARM.Collect$$_printf_percent$$00000006  c_w.l(_printf_a.o)
    0x080001b0   0x080001b0   0x0000000a   Code   RO         1461    .ARM.Collect$$_printf_percent$$00000007  c_w.l(_printf_ll.o)
    0x080001ba   0x080001ba   0x00000006   Code   RO         1450    .ARM.Collect$$_printf_percent$$00000008  c_w.l(_printf_i.o)
    0x080001c0   0x080001c0   0x00000006   Code   RO         1451    .ARM.Collect$$_printf_percent$$00000009  c_w.l(_printf_d.o)
    0x080001c6   0x080001c6   0x00000006   Code   RO         1452    .ARM.Collect$$_printf_percent$$0000000A  c_w.l(_printf_u.o)
    0x080001cc   0x080001cc   0x00000006   Code   RO         1449    .ARM.Collect$$_printf_percent$$0000000B  c_w.l(_printf_o.o)
    0x080001d2   0x080001d2   0x00000006   Code   RO         1447    .ARM.Collect$$_printf_percent$$0000000C  c_w.l(_printf_x.o)
    0x080001d8   0x080001d8   0x00000006   Code   RO         1458    .ARM.Collect$$_printf_percent$$0000000D  c_w.l(_printf_lli.o)
    0x080001de   0x080001de   0x00000006   Code   RO         1459    .ARM.Collect$$_printf_percent$$0000000E  c_w.l(_printf_lld.o)
    0x080001e4   0x080001e4   0x00000006   Code   RO         1460    .ARM.Collect$$_printf_percent$$0000000F  c_w.l(_printf_llu.o)
    0x080001ea   0x080001ea   0x00000006   Code   RO         1465    .ARM.Collect$$_printf_percent$$00000010  c_w.l(_printf_llo.o)
    0x080001f0   0x080001f0   0x00000006   Code   RO         1466    .ARM.Collect$$_printf_percent$$00000011  c_w.l(_printf_llx.o)
    0x080001f6   0x080001f6   0x0000000a   Code   RO         1462    .ARM.Collect$$_printf_percent$$00000012  c_w.l(_printf_l.o)
    0x08000200   0x08000200   0x00000006   Code   RO         1444    .ARM.Collect$$_printf_percent$$00000013  c_w.l(_printf_c.o)
    0x08000206   0x08000206   0x00000006   Code   RO         1445    .ARM.Collect$$_printf_percent$$00000014  c_w.l(_printf_s.o)
    0x0800020c   0x0800020c   0x00000006   Code   RO         1463    .ARM.Collect$$_printf_percent$$00000015  c_w.l(_printf_lc.o)
    0x08000212   0x08000212   0x00000006   Code   RO         1464    .ARM.Collect$$_printf_percent$$00000016  c_w.l(_printf_ls.o)
    0x08000218   0x08000218   0x00000004   Code   RO         1509    .ARM.Collect$$_printf_percent$$00000017  c_w.l(_printf_percent_end.o)
    0x0800021c   0x0800021c   0x00000002   Code   RO         1560    .ARM.Collect$$libinit$$00000000  c_w.l(libinit.o)
    0x0800021e   0x0800021e   0x00000000   Code   RO         1579    .ARM.Collect$$libinit$$00000002  c_w.l(libinit2.o)
    0x0800021e   0x0800021e   0x00000000   Code   RO         1581    .ARM.Collect$$libinit$$00000004  c_w.l(libinit2.o)
    0x0800021e   0x0800021e   0x00000000   Code   RO         1583    .ARM.Collect$$libinit$$00000006  c_w.l(libinit2.o)
    0x0800021e   0x0800021e   0x00000000   Code   RO         1586    .ARM.Collect$$libinit$$0000000C  c_w.l(libinit2.o)
    0x0800021e   0x0800021e   0x00000000   Code   RO         1588    .ARM.Collect$$libinit$$0000000E  c_w.l(libinit2.o)
    0x0800021e   0x0800021e   0x00000000   Code   RO         1590    .ARM.Collect$$libinit$$00000010  c_w.l(libinit2.o)
    0x0800021e   0x0800021e   0x00000006   Code   RO         1591    .ARM.Collect$$libinit$$00000011  c_w.l(libinit2.o)
    0x08000224   0x08000224   0x00000000   Code   RO         1593    .ARM.Collect$$libinit$$00000013  c_w.l(libinit2.o)
    0x08000224   0x08000224   0x0000000c   Code   RO         1594    .ARM.Collect$$libinit$$00000014  c_w.l(libinit2.o)
    0x08000230   0x08000230   0x00000000   Code   RO         1595    .ARM.Collect$$libinit$$00000015  c_w.l(libinit2.o)
    0x08000230   0x08000230   0x00000000   Code   RO         1597    .ARM.Collect$$libinit$$00000017  c_w.l(libinit2.o)
    0x08000230   0x08000230   0x0000000a   Code   RO         1598    .ARM.Collect$$libinit$$00000018  c_w.l(libinit2.o)
    0x0800023a   0x0800023a   0x00000000   Code   RO         1599    .ARM.Collect$$libinit$$00000019  c_w.l(libinit2.o)
    0x0800023a   0x0800023a   0x00000000   Code   RO         1601    .ARM.Collect$$libinit$$0000001B  c_w.l(libinit2.o)
    0x0800023a   0x0800023a   0x00000000   Code   RO         1603    .ARM.Collect$$libinit$$0000001D  c_w.l(libinit2.o)
    0x0800023a   0x0800023a   0x00000000   Code   RO         1605    .ARM.Collect$$libinit$$0000001F  c_w.l(libinit2.o)
    0x0800023a   0x0800023a   0x00000000   Code   RO         1607    .ARM.Collect$$libinit$$00000021  c_w.l(libinit2.o)
    0x0800023a   0x0800023a   0x00000000   Code   RO         1609    .ARM.Collect$$libinit$$00000023  c_w.l(libinit2.o)
    0x0800023a   0x0800023a   0x00000000   Code   RO         1611    .ARM.Collect$$libinit$$00000025  c_w.l(libinit2.o)
    0x0800023a   0x0800023a   0x00000000   Code   RO         1613    .ARM.Collect$$libinit$$00000027  c_w.l(libinit2.o)
    0x0800023a   0x0800023a   0x00000000   Code   RO         1617    .ARM.Collect$$libinit$$0000002E  c_w.l(libinit2.o)
    0x0800023a   0x0800023a   0x00000000   Code   RO         1619    .ARM.Collect$$libinit$$00000030  c_w.l(libinit2.o)
    0x0800023a   0x0800023a   0x00000000   Code   RO         1621    .ARM.Collect$$libinit$$00000032  c_w.l(libinit2.o)
    0x0800023a   0x0800023a   0x00000000   Code   RO         1623    .ARM.Collect$$libinit$$00000034  c_w.l(libinit2.o)
    0x0800023a   0x0800023a   0x00000002   Code   RO         1624    .ARM.Collect$$libinit$$00000035  c_w.l(libinit2.o)
    0x0800023c   0x0800023c   0x00000002   Code   RO         1648    .ARM.Collect$$libshutdown$$00000000  c_w.l(libshutdown.o)
    0x0800023e   0x0800023e   0x00000000   Code   RO         1663    .ARM.Collect$$libshutdown$$00000002  c_w.l(libshutdown2.o)
    0x0800023e   0x0800023e   0x00000000   Code   RO         1665    .ARM.Collect$$libshutdown$$00000004  c_w.l(libshutdown2.o)
    0x0800023e   0x0800023e   0x00000000   Code   RO         1668    .ARM.Collect$$libshutdown$$00000007  c_w.l(libshutdown2.o)
    0x0800023e   0x0800023e   0x00000000   Code   RO         1671    .ARM.Collect$$libshutdown$$0000000A  c_w.l(libshutdown2.o)
    0x0800023e   0x0800023e   0x00000000   Code   RO         1673    .ARM.Collect$$libshutdown$$0000000C  c_w.l(libshutdown2.o)
    0x0800023e   0x0800023e   0x00000000   Code   RO         1676    .ARM.Collect$$libshutdown$$0000000F  c_w.l(libshutdown2.o)
    0x0800023e   0x0800023e   0x00000002   Code   RO         1677    .ARM.Collect$$libshutdown$$00000010  c_w.l(libshutdown2.o)
    0x08000240   0x08000240   0x00000000   Code   RO         1375    .ARM.Collect$$rtentry$$00000000  c_w.l(__rtentry.o)
    0x08000240   0x08000240   0x00000000   Code   RO         1478    .ARM.Collect$$rtentry$$00000002  c_w.l(__rtentry2.o)
    0x08000240   0x08000240   0x00000006   Code   RO         1490    .ARM.Collect$$rtentry$$00000004  c_w.l(__rtentry4.o)
    0x08000246   0x08000246   0x00000000   Code   RO         1480    .ARM.Collect$$rtentry$$00000009  c_w.l(__rtentry2.o)
    0x08000246   0x08000246   0x00000004   Code   RO         1481    .ARM.Collect$$rtentry$$0000000A  c_w.l(__rtentry2.o)
    0x0800024a   0x0800024a   0x00000000   Code   RO         1483    .ARM.Collect$$rtentry$$0000000C  c_w.l(__rtentry2.o)
    0x0800024a   0x0800024a   0x00000008   Code   RO         1484    .ARM.Collect$$rtentry$$0000000D  c_w.l(__rtentry2.o)
    0x08000252   0x08000252   0x00000002   Code   RO         1569    .ARM.Collect$$rtexit$$00000000  c_w.l(rtexit.o)
    0x08000254   0x08000254   0x00000000   Code   RO         1626    .ARM.Collect$$rtexit$$00000002  c_w.l(rtexit2.o)
    0x08000254   0x08000254   0x00000004   Code   RO         1627    .ARM.Collect$$rtexit$$00000003  c_w.l(rtexit2.o)
    0x08000258   0x08000258   0x00000006   Code   RO         1628    .ARM.Collect$$rtexit$$00000004  c_w.l(rtexit2.o)
    0x0800025e   0x0800025e   0x00000002   PAD
    0x08000260   0x08000260   0x00000040   Code   RO            4    .text               startup_stm32f103xb.o
    0x080002a0   0x080002a0   0x0000003c   Code   RO         1361    .text               c_w.l(vsnprintf.o)
    0x080002dc   0x080002dc   0x0000008a   Code   RO         1363    .text               c_w.l(rt_memcpy_v6.o)
    0x08000366   0x08000366   0x00000044   Code   RO         1367    .text               c_w.l(rt_memclr.o)
    0x080003aa   0x080003aa   0x0000004e   Code   RO         1369    .text               c_w.l(rt_memclr_w.o)
    0x080003f8   0x080003f8   0x00000006   Code   RO         1371    .text               c_w.l(heapauxi.o)
    0x080003fe   0x080003fe   0x0000004e   Code   RO         1378    .text               c_w.l(_printf_pad.o)
    0x0800044c   0x0800044c   0x00000024   Code   RO         1380    .text               c_w.l(_printf_truncate.o)
    0x08000470   0x08000470   0x00000052   Code   RO         1382    .text               c_w.l(_printf_str.o)
    0x080004c2   0x080004c2   0x00000002   PAD
    0x080004c4   0x080004c4   0x00000078   Code   RO         1384    .text               c_w.l(_printf_dec.o)
    0x0800053c   0x0800053c   0x00000028   Code   RO         1386    .text               c_w.l(_printf_charcount.o)
    0x08000564   0x08000564   0x00000030   Code   RO         1388    .text               c_w.l(_printf_char_common.o)
    0x08000594   0x08000594   0x00000010   Code   RO         1390    .text               c_w.l(_snputc.o)
    0x080005a4   0x080005a4   0x000000bc   Code   RO         1392    .text               c_w.l(_printf_wctomb.o)
    0x08000660   0x08000660   0x0000007c   Code   RO         1395    .text               c_w.l(_printf_longlong_dec.o)
    0x080006dc   0x080006dc   0x00000070   Code   RO         1401    .text               c_w.l(_printf_oct_int_ll.o)
    0x0800074c   0x0800074c   0x00000094   Code   RO         1421    .text               c_w.l(_printf_hex_int_ll_ptr.o)
    0x080007e0   0x080007e0   0x00000188   Code   RO         1441    .text               c_w.l(__printf_flags_ss_wp.o)
    0x08000968   0x08000968   0x00000064   Code   RO         1467    .text               c_w.l(rt_memcpy_w.o)
    0x080009cc   0x080009cc   0x0000008a   Code   RO         1492    .text               c_w.l(lludiv10.o)
    0x08000a56   0x08000a56   0x000000b2   Code   RO         1494    .text               c_w.l(_printf_intcommon.o)
    0x08000b08   0x08000b08   0x0000041c   Code   RO         1496    .text               c_w.l(_printf_fp_dec.o)
    0x08000f24   0x08000f24   0x000002fc   Code   RO         1500    .text               c_w.l(_printf_fp_hex.o)
    0x08001220   0x08001220   0x0000002c   Code   RO         1505    .text               c_w.l(_printf_char.o)
    0x0800124c   0x0800124c   0x0000002c   Code   RO         1507    .text               c_w.l(_printf_wchar.o)
    0x08001278   0x08001278   0x00000048   Code   RO         1510    .text               c_w.l(_c16rtomb.o)
    0x080012c0   0x080012c0   0x0000004a   Code   RO         1512    .text               c_w.l(sys_stackheap_outer.o)
    0x0800130a   0x0800130a   0x00000002   PAD
    0x0800130c   0x0800130c   0x00000010   Code   RO         1514    .text               c_w.l(rt_ctype_table.o)
    0x0800131c   0x0800131c   0x00000008   Code   RO         1519    .text               c_w.l(rt_locale_intlibspace.o)
    0x08001324   0x08001324   0x00000080   Code   RO         1521    .text               c_w.l(_printf_fp_infnan.o)
    0x080013a4   0x080013a4   0x000000e4   Code   RO         1523    .text               c_w.l(bigflt0.o)
    0x08001488   0x08001488   0x00000012   Code   RO         1553    .text               c_w.l(exit.o)
    0x0800149a   0x0800149a   0x00000002   PAD
    0x0800149c   0x0800149c   0x00000008   Code   RO         1566    .text               c_w.l(libspace.o)
    0x080014a4   0x080014a4   0x00000080   Code   RO         1576    .text               c_w.l(strcmpv7m.o)
    0x08001524   0x08001524   0x0000000c   Code   RO         1638    .text               c_w.l(sys_exit.o)
    0x08001530   0x08001530   0x00000002   Code   RO         1653    .text               c_w.l(use_no_semi.o)
    0x08001532   0x08001532   0x00000000   Code   RO         1655    .text               c_w.l(indicate_semi.o)
    0x08001532   0x08001532   0x00000002   PAD
    0x08001534   0x08001534   0x00000002   Code   RO           55    .text.BusFault_Handler  stm32f1xx_it.o
    0x08001536   0x08001536   0x00000002   PAD
    0x08001538   0x08001538   0x00000002   Code   RO           59    .text.DebugMon_Handler  stm32f1xx_it.o
    0x0800153a   0x0800153a   0x00000002   PAD
    0x0800153c   0x0800153c   0x0000020e   Code   RO          225    .text.HAL_GPIO_Init  stm32f1xx_hal_gpio.o
    0x0800174a   0x0800174a   0x00000002   PAD
    0x0800174c   0x0800174c   0x0000000c   Code   RO          125    .text.HAL_GetTick   stm32f1xx_hal.o
    0x08001758   0x08001758   0x0000001a   Code   RO          123    .text.HAL_IncTick   stm32f1xx_hal.o
    0x08001772   0x08001772   0x00000002   PAD
    0x08001774   0x08001774   0x00000026   Code   RO          113    .text.HAL_Init      stm32f1xx_hal.o
    0x0800179a   0x0800179a   0x00000002   PAD
    0x0800179c   0x0800179c   0x000000b2   Code   RO           84    .text.HAL_InitTick  stm32f1xx_hal_timebase_tim.o
    0x0800184e   0x0800184e   0x00000002   PAD
    0x08001850   0x08001850   0x00000050   Code   RO           70    .text.HAL_MspInit   stm32f1xx_hal_msp.o
    0x080018a0   0x080018a0   0x00000022   Code   RO          285    .text.HAL_NVIC_EnableIRQ  stm32f1xx_hal_cortex.o
    0x080018c2   0x080018c2   0x00000002   PAD
    0x080018c4   0x080018c4   0x00000056   Code   RO          283    .text.HAL_NVIC_SetPriority  stm32f1xx_hal_cortex.o
    0x0800191a   0x0800191a   0x00000002   PAD
    0x0800191c   0x0800191c   0x00000020   Code   RO          281    .text.HAL_NVIC_SetPriorityGrouping  stm32f1xx_hal_cortex.o
    0x0800193c   0x0800193c   0x000001ba   Code   RO          177    .text.HAL_RCC_ClockConfig  stm32f1xx_hal_rcc.o
    0x08001af6   0x08001af6   0x00000002   PAD
    0x08001af8   0x08001af8   0x00000042   Code   RO          195    .text.HAL_RCC_GetClockConfig  stm32f1xx_hal_rcc.o
    0x08001b3a   0x08001b3a   0x00000002   PAD
    0x08001b3c   0x08001b3c   0x00000026   Code   RO          189    .text.HAL_RCC_GetPCLK1Freq  stm32f1xx_hal_rcc.o
    0x08001b62   0x08001b62   0x00000002   PAD
    0x08001b64   0x08001b64   0x00000026   Code   RO          191    .text.HAL_RCC_GetPCLK2Freq  stm32f1xx_hal_rcc.o
    0x08001b8a   0x08001b8a   0x00000002   PAD
    0x08001b8c   0x08001b8c   0x00000400   Code   RO          175    .text.HAL_RCC_OscConfig  stm32f1xx_hal_rcc.o
    0x08001f8c   0x08001f8c   0x00000002   Code   RO          751    .text.HAL_TIMEx_BreakCallback  stm32f1xx_hal_tim_ex.o
    0x08001f8e   0x08001f8e   0x00000002   PAD
    0x08001f90   0x08001f90   0x00000002   Code   RO          747    .text.HAL_TIMEx_CommutCallback  stm32f1xx_hal_tim_ex.o
    0x08001f92   0x08001f92   0x00000002   PAD
    0x08001f94   0x08001f94   0x000000fa   Code   RO          446    .text.HAL_TIM_Base_Init  stm32f1xx_hal_tim.o
    0x0800208e   0x0800208e   0x00000002   PAD
    0x08002090   0x08002090   0x00000002   Code   RO          448    .text.HAL_TIM_Base_MspInit  stm32f1xx_hal_tim.o
    0x08002092   0x08002092   0x00000002   PAD
    0x08002094   0x08002094   0x0000006e   Code   RO          460    .text.HAL_TIM_Base_Start_IT  stm32f1xx_hal_tim.o
    0x08002102   0x08002102   0x00000002   PAD
    0x08002104   0x08002104   0x00000002   Code   RO          582    .text.HAL_TIM_IC_CaptureCallback  stm32f1xx_hal_tim.o
    0x08002106   0x08002106   0x00000002   PAD
    0x08002108   0x08002108   0x0000014e   Code   RO          580    .text.HAL_TIM_IRQHandler  stm32f1xx_hal_tim.o
    0x08002256   0x08002256   0x00000002   PAD
    0x08002258   0x08002258   0x00000002   Code   RO          584    .text.HAL_TIM_OC_DelayElapsedCallback  stm32f1xx_hal_tim.o
    0x0800225a   0x0800225a   0x00000002   PAD
    0x0800225c   0x0800225c   0x00000002   Code   RO          586    .text.HAL_TIM_PWM_PulseFinishedCallback  stm32f1xx_hal_tim.o
    0x0800225e   0x0800225e   0x00000002   PAD
    0x08002260   0x08002260   0x00000014   Code   RO           23    .text.HAL_TIM_PeriodElapsedCallback  main.o
    0x08002274   0x08002274   0x00000002   Code   RO          590    .text.HAL_TIM_TriggerCallback  stm32f1xx_hal_tim.o
    0x08002276   0x08002276   0x00000002   PAD
    0x08002278   0x08002278   0x000000e2   Code   RO          765    .text.HAL_UART_Init  stm32f1xx_hal_uart.o
    0x0800235a   0x0800235a   0x00000002   PAD
    0x0800235c   0x0800235c   0x0000007e   Code   RO           72    .text.HAL_UART_MspInit  stm32f1xx_hal_msp.o
    0x080023da   0x080023da   0x00000002   PAD
    0x080023dc   0x080023dc   0x00000192   Code   RO          779    .text.HAL_UART_Transmit  stm32f1xx_hal_uart.o
    0x0800256e   0x0800256e   0x00000002   PAD
    0x08002570   0x08002570   0x00000002   Code   RO           51    .text.HardFault_Handler  stm32f1xx_it.o
    0x08002572   0x08002572   0x00000002   PAD
    0x08002574   0x08002574   0x00000002   Code   RO           53    .text.MemManage_Handler  stm32f1xx_it.o
    0x08002576   0x08002576   0x00000002   PAD
    0x08002578   0x08002578   0x00000002   Code   RO           49    .text.NMI_Handler   stm32f1xx_it.o
    0x0800257a   0x0800257a   0x00000002   PAD
    0x0800257c   0x0800257c   0x00000044   Code   RO         1026    .text.PendSV_Handler  port.o
    0x080025c0   0x080025c0   0x00000024   Code   RO         1022    .text.SVC_Handler   port.o
    0x080025e4   0x080025e4   0x00000044   Code   RO           19    .text.StartTask01   main.o
    0x08002628   0x08002628   0x0000005c   Code   RO           17    .text.StartTask02   main.o
    0x08002684   0x08002684   0x0000002e   Code   RO         1038    .text.SysTick_Handler  port.o
    0x080026b2   0x080026b2   0x00000002   PAD
    0x080026b4   0x080026b4   0x00000002   Code   RO          885    .text.SystemInit    system_stm32f1xx.o
    0x080026b6   0x080026b6   0x00000002   PAD
    0x080026b8   0x080026b8   0x0000000c   Code   RO           61    .text.TIM4_IRQHandler  stm32f1xx_it.o
    0x080026c4   0x080026c4   0x00000002   Code   RO           57    .text.UsageFault_Handler  stm32f1xx_it.o
    0x080026c6   0x080026c6   0x00000002   PAD
    0x080026c8   0x080026c8   0x00000044   Code   RO           11    .text.mPrint        main.o
    0x0800270c   0x0800270c   0x00000180   Code   RO           13    .text.main          main.o
    0x0800288c   0x0800288c   0x00000010   Code   RO          918    .text.osDelay       cmsis_os.o
    0x0800289c   0x0800289c   0x0000000a   Code   RO          900    .text.osKernelStart  cmsis_os.o
    0x080028a6   0x080028a6   0x00000002   PAD
    0x080028a8   0x080028a8   0x00000028   Code   RO          956    .text.osMessageCreate  cmsis_os.o
    0x080028d0   0x080028d0   0x00000076   Code   RO          960    .text.osMessageGet  cmsis_os.o
    0x08002946   0x08002946   0x00000002   PAD
    0x08002948   0x08002948   0x0000005e   Code   RO          958    .text.osMessagePut  cmsis_os.o
    0x080029a6   0x080029a6   0x00000002   PAD
    0x080029a8   0x080029a8   0x0000005c   Code   RO          906    .text.osThreadCreate  cmsis_os.o
    0x08002a04   0x08002a04   0x000000a2   Code   RO         1224    .text.prvAddCurrentTaskToDelayedList  tasks.o
    0x08002aa6   0x08002aa6   0x00000002   PAD
    0x08002aa8   0x08002aa8   0x00000122   Code   RO         1214    .text.prvAddNewTaskToReadyList  tasks.o
    0x08002bca   0x08002bca   0x00000002   PAD
    0x08002bcc   0x08002bcc   0x00000086   Code   RO         1316    .text.prvIdleTask   tasks.o
    0x08002c52   0x08002c52   0x00000002   PAD
    0x08002c54   0x08002c54   0x000000f4   Code   RO         1314    .text.prvInitialiseNewTask  tasks.o
    0x08002d48   0x08002d48   0x00000020   Code   RO         1030    .text.prvPortStartFirstTask  port.o
    0x08002d68   0x08002d68   0x0000003e   Code   RO         1020    .text.prvTaskExitError  port.o
    0x08002da6   0x08002da6   0x00000002   PAD
    0x08002da8   0x08002da8   0x00000074   Code   RO         1115    .text.prvUnlockQueue  queue.o
    0x08002e1c   0x08002e1c   0x000001cc   Code   RO         1332    .text.pvPortMalloc  heap_4.o
    0x08002fe8   0x08002fe8   0x00000020   Code   RO         1018    .text.pxPortInitialiseStack  port.o
    0x08003008   0x08003008   0x00000020   Code   RO         1091    .text.uxListRemove  list.o
    0x08003028   0x08003028   0x0000000c   Code   RO         1258    .text.uxTaskGetNumberOfTasks  tasks.o
    0x08003034   0x08003034   0x0000001a   Code   RO           38    .text.vApplicationGetIdleTaskMemory  freertos.o
    0x0800304e   0x0800304e   0x00000002   PAD
    0x08003050   0x08003050   0x00000016   Code   RO         1083    .text.vListInitialise  list.o
    0x08003066   0x08003066   0x00000002   PAD
    0x08003068   0x08003068   0x00000006   Code   RO         1085    .text.vListInitialiseItem  list.o
    0x0800306e   0x0800306e   0x00000002   PAD
    0x08003070   0x08003070   0x00000062   Code   RO         1089    .text.vListInsert   list.o
    0x080030d2   0x080030d2   0x00000002   PAD
    0x080030d4   0x080030d4   0x00000046   Code   RO         1034    .text.vPortEnterCritical  port.o
    0x0800311a   0x0800311a   0x00000002   PAD
    0x0800311c   0x0800311c   0x0000002e   Code   RO         1036    .text.vPortExitCritical  port.o
    0x0800314a   0x0800314a   0x00000002   PAD
    0x0800314c   0x0800314c   0x00000128   Code   RO         1334    .text.vPortFree     heap_4.o
    0x08003274   0x08003274   0x00000034   Code   RO         1028    .text.vPortSetupTimerInterrupt  port.o
    0x080032a8   0x080032a8   0x0000005e   Code   RO         1040    .text.vPortValidateInterruptPriority  port.o
    0x08003306   0x08003306   0x00000002   PAD
    0x08003308   0x08003308   0x000000b8   Code   RO         1220    .text.vTaskDelay    tasks.o
    0x080033c0   0x080033c0   0x00000012   Code   RO         1276    .text.vTaskInternalSetTimeOutState  tasks.o
    0x080033d2   0x080033d2   0x00000002   PAD
    0x080033d4   0x080033d4   0x0000000e   Code   RO         1280    .text.vTaskMissedYield  tasks.o
    0x080033e2   0x080033e2   0x00000002   PAD
    0x080033e4   0x080033e4   0x00000036   Code   RO         1266    .text.vTaskPlaceOnEventList  tasks.o
    0x0800341a   0x0800341a   0x00000002   PAD
    0x0800341c   0x0800341c   0x000000f2   Code   RO         1248    .text.vTaskStartScheduler  tasks.o
    0x0800350e   0x0800350e   0x00000002   PAD
    0x08003510   0x08003510   0x00000010   Code   RO         1222    .text.vTaskSuspendAll  tasks.o
    0x08003520   0x08003520   0x0000006e   Code   RO         1242    .text.vTaskSwitchContext  tasks.o
    0x0800358e   0x0800358e   0x00000002   PAD
    0x08003590   0x08003590   0x000001b2   Code   RO         1024    .text.xPortStartScheduler  port.o
    0x08003742   0x08003742   0x00000002   PAD
    0x08003744   0x08003744   0x0000008e   Code   RO         1107    .text.xQueueGenericCreate  queue.o
    0x080037d2   0x080037d2   0x00000002   PAD
    0x080037d4   0x080037d4   0x000000cc   Code   RO         1103    .text.xQueueGenericCreateStatic  queue.o
    0x080038a0   0x080038a0   0x000002c0   Code   RO         1113    .text.xQueueGenericSend  queue.o
    0x08003b60   0x08003b60   0x00000158   Code   RO         1117    .text.xQueueGenericSendFromISR  queue.o
    0x08003cb8   0x08003cb8   0x0000023e   Code   RO         1121    .text.xQueueReceive  queue.o
    0x08003ef6   0x08003ef6   0x00000002   PAD
    0x08003ef8   0x08003ef8   0x00000100   Code   RO         1127    .text.xQueueReceiveFromISR  queue.o
    0x08003ff8   0x08003ff8   0x0000009a   Code   RO         1278    .text.xTaskCheckForTimeOut  tasks.o
    0x08004092   0x08004092   0x00000002   PAD
    0x08004094   0x08004094   0x00000060   Code   RO         1216    .text.xTaskCreate   tasks.o
    0x080040f4   0x080040f4   0x00000096   Code   RO         1212    .text.xTaskCreateStatic  tasks.o
    0x0800418a   0x0800418a   0x00000002   PAD
    0x0800418c   0x0800418c   0x0000001e   Code   RO         1286    .text.xTaskGetSchedulerState  tasks.o
    0x080041aa   0x080041aa   0x00000002   PAD
    0x080041ac   0x080041ac   0x0000017e   Code   RO         1252    .text.xTaskIncrementTick  tasks.o
    0x0800432a   0x0800432a   0x00000002   PAD
    0x0800432c   0x0800432c   0x000000ce   Code   RO         1290    .text.xTaskPriorityDisinherit  tasks.o
    0x080043fa   0x080043fa   0x00000002   PAD
    0x080043fc   0x080043fc   0x000000e2   Code   RO         1270    .text.xTaskRemoveFromEventList  tasks.o
    0x080044de   0x080044de   0x00000002   PAD
    0x080044e0   0x080044e0   0x00000142   Code   RO         1226    .text.xTaskResumeAll  tasks.o
    0x08004622   0x08004622   0x0000003e   Code   RO         1526    CL$$btod_d2e        c_w.l(btod.o)
    0x08004660   0x08004660   0x00000046   Code   RO         1528    CL$$btod_d2e_denorm_low  c_w.l(btod.o)
    0x080046a6   0x080046a6   0x00000060   Code   RO         1527    CL$$btod_d2e_norm_op1  c_w.l(btod.o)
    0x08004706   0x08004706   0x00000002   PAD
    0x08004708   0x08004708   0x00000338   Code   RO         1536    CL$$btod_div_common  c_w.l(btod.o)
    0x08004a40   0x08004a40   0x000000dc   Code   RO         1533    CL$$btod_e2e        c_w.l(btod.o)
    0x08004b1c   0x08004b1c   0x0000002a   Code   RO         1530    CL$$btod_ediv       c_w.l(btod.o)
    0x08004b46   0x08004b46   0x0000002a   Code   RO         1529    CL$$btod_emul       c_w.l(btod.o)
    0x08004b70   0x08004b70   0x00000244   Code   RO         1535    CL$$btod_mult_common  c_w.l(btod.o)
    0x08004db4   0x08004db4   0x00000028   Code   RO         1564    i.__ARM_fpclassify  m_ws.l(fpclassify.o)
    0x08004ddc   0x08004ddc   0x0000000e   Code   RO         1434    i._is_digit         c_w.l(__printf_wp.o)
    0x08004dea   0x08004dea   0x00000002   PAD
    0x08004dec   0x08004dec   0x0000002c   Code   RO         1551    locale$$code        c_w.l(lc_numeric_c.o)
    0x08004e18   0x08004e18   0x0000002c   Code   RO         1574    locale$$code        c_w.l(lc_ctype_c.o)
    0x08004e44   0x08004e44   0x00000004   Code   RO         1469    x$fpl$printf1       fz_ws.l(printf1.o)
    0x08004e48   0x08004e48   0x00000004   Code   RO         1471    x$fpl$printf2       fz_ws.l(printf2.o)
    0x08004e4c   0x08004e4c   0x00000000   Code   RO         1563    x$fpl$usenofp       fz_ws.l(usenofp.o)
    0x08004e4c   0x08004e4c   0x00000008   Data   RO         1393    .constdata          c_w.l(_printf_wctomb.o)
    0x08004e54   0x08004e54   0x00000028   Data   RO         1422    .constdata          c_w.l(_printf_hex_int_ll_ptr.o)
    0x08004e7c   0x08004e7c   0x00000011   Data   RO         1442    .constdata          c_w.l(__printf_flags_ss_wp.o)
    0x08004e8d   0x08004e8d   0x00000026   Data   RO         1501    .constdata          c_w.l(_printf_fp_hex.o)
    0x08004eb3   0x08004eb3   0x00000001   PAD
    0x08004eb4   0x08004eb4   0x00000094   Data   RO         1524    .constdata          c_w.l(bigflt0.o)
    0x08004f48   0x08004f48   0x00000010   Data   RO          890    .rodata.AHBPrescTable  system_stm32f1xx.o
    0x08004f58   0x08004f58   0x00000008   Data   RO          891    .rodata.APBPrescTable  system_stm32f1xx.o
    0x08004f60   0x08004f60   0x00000002   Data   RO          202    .rodata.HAL_RCC_GetSysClockFreq.aPredivFactorTable  stm32f1xx_hal_rcc.o
    0x08004f62   0x08004f62   0x00000010   Data   RO          201    .rodata.cst16       stm32f1xx_hal_rcc.o
    0x08004f72   0x08004f72   0x0000000e   Data   RO           27    .rodata.str1.1      main.o
    0x08004f80   0x08004f80   0x00000004   Data   RO         1320    .rodata.uxTopUsedPriority  tasks.o
    0x08004f84   0x08004f84   0x00000020   Data   RO         1711    Region$$Table       anon$$obj.o
    0x08004fa4   0x08004fa4   0x0000001c   Data   RO         1550    locale$$data        c_w.l(lc_numeric_c.o)
    0x08004fc0   0x08004fc0   0x00000110   Data   RO         1573    locale$$data        c_w.l(lc_ctype_c.o)


    Execution Region RW_IRAM1 (Exec base: 0x20000000, Load base: 0x080050d0, Size: 0x000016f0, Max: 0x00005000, ABSOLUTE)

    Exec Addr    Load Addr    Size         Type   Attr      Idx    E Section Name        Object

    0x20000000   0x080050d0   0x00000008   Data   RW          164    .data..L_MergedGlobals  stm32f1xx_hal.o
    0x20000008   0x080050d8   0x00000004   Data   RW          889    .data.SystemCoreClock  system_stm32f1xx.o
    0x2000000c   0x080050dc   0x00000004   Data   RW           25    .data.mData         main.o
    0x20000010   0x080050e0   0x00000004   Data   RW         1042    .data.uxCriticalNesting  port.o
    0x20000014   0x080050e4   0x00000004   PAD
    0x20000018        -       0x00000060   Zero   RW         1567    .bss                c_w.l(libspace.o)
    0x20000078        -       0x00000040   Zero   RW           29    .bss..L_MergedGlobals  main.o
    0x200000b8        -       0x00000008   Zero   RW         1043    .bss..L_MergedGlobals  port.o
    0x200000c0        -       0x00000074   Zero   RW         1321    .bss..L_MergedGlobals  tasks.o
    0x20000134        -       0x0000001c   Zero   RW         1351    .bss..L_MergedGlobals  heap_4.o
    0x20000150        -       0x00000028   Zero   RW         1322    .bss..L_MergedGlobals.2  tasks.o
    0x20000178        -       0x00000048   Zero   RW           90    .bss.htim4          stm32f1xx_hal_timebase_tim.o
    0x200001c0        -       0x00000048   Zero   RW           26    .bss.huart1         main.o
    0x20000208        -       0x00000004   Zero   RW         1318    .bss.pxCurrentTCB   tasks.o
    0x2000020c        -       0x0000008c   Zero   RW         1319    .bss.pxReadyTasksLists  tasks.o
    0x20000298        -       0x00000c00   Zero   RW         1350    .bss.ucHeap         heap_4.o
    0x20000e98        -       0x00000004   Zero   RW          163    .bss.uwTick         stm32f1xx_hal.o
    0x20000e9c        -       0x00000200   Zero   RW           41    .bss.xIdleStack     freertos.o
    0x2000109c        -       0x00000054   Zero   RW           40    .bss.xIdleTaskTCBBuffer  freertos.o
    0x200010f0        -       0x00000200   Zero   RW            2    HEAP                startup_stm32f103xb.o
    0x200012f0        -       0x00000400   Zero   RW            1    STACK               startup_stm32f103xb.o


==============================================================================

Image component sizes


      Code (inc. data)   RO Data    RW Data    ZI Data      Debug   Object Name

       370          0          0          0          0      25474   cmsis_os.o
        26          0          0          0        596       1630   freertos.o
       756          0          0          0       3100       6381   heap_4.o
       158          0          0          0          0       2283   list.o
       632        124         14          4        136      11354   main.o
       972         12          0          4          8       4562   port.o
      2340          0          0          0          0      27387   queue.o
        64         26        236          0       1536        784   startup_stm32f103xb.o
        76          0          0          8          4       5769   stm32f1xx_hal.o
       152          0          0          0          0       8424   stm32f1xx_hal_cortex.o
       526         22          0          0          0       4766   stm32f1xx_hal_gpio.o
       206          0          0          0          0       5591   stm32f1xx_hal_msp.o
      1608          0         18          0          0       8077   stm32f1xx_hal_rcc.o
       704          0          0          0          0      58581   stm32f1xx_hal_tim.o
         4          0          0          0          0      21222   stm32f1xx_hal_tim_ex.o
       178          0          0          0         72       5858   stm32f1xx_hal_timebase_tim.o
       628          0          0          0          0      33162   stm32f1xx_hal_uart.o
        24          0          0          0          0       3989   stm32f1xx_it.o
         2          0         24          4          0       1588   system_stm32f1xx.o
      3046          0          4          0        300      37822   tasks.o

    ----------------------------------------------------------------------
     12590        184        328         20       5756     274704   Object Totals
         0          0         32          0          0          0   (incl. Generated)
       118          0          0          0          4          0   (incl. Padding)

    ----------------------------------------------------------------------

      Code (inc. data)   RO Data    RW Data    ZI Data      Debug   Library Member Name

         8          0          0          0          0         68   __main.o
       392          4         17          0          0         92   __printf_flags_ss_wp.o
        14          0          0          0          0         68   __printf_wp.o
         0          0          0          0          0          0   __rtentry.o
        12          0          0          0          0          0   __rtentry2.o
         6          0          0          0          0          0   __rtentry4.o
        94          8          0          0          0          0   __scatter.o
        26          0          0          0          0          0   __scatter_copy.o
        28          0          0          0          0          0   __scatter_zi.o
        72          0          0          0          0         96   _c16rtomb.o
         6          0          0          0          0          0   _printf_a.o
         6          0          0          0          0          0   _printf_c.o
        44          0          0          0          0        108   _printf_char.o
        48          6          0          0          0         96   _printf_char_common.o
        40          0          0          0          0         68   _printf_charcount.o
         6          0          0          0          0          0   _printf_d.o
       120         16          0          0          0         92   _printf_dec.o
         6          0          0          0          0          0   _printf_e.o
         6          0          0          0          0          0   _printf_f.o
      1052          0          0          0          0        148   _printf_fp_dec.o
       764          8         38          0          0        100   _printf_fp_hex.o
       128         16          0          0          0         84   _printf_fp_infnan.o
         6          0          0          0          0          0   _printf_g.o
       148          4         40          0          0        160   _printf_hex_int_ll_ptr.o
         6          0          0          0          0          0   _printf_i.o
       178          0          0          0          0         88   _printf_intcommon.o
        10          0          0          0          0          0   _printf_l.o
         6          0          0          0          0          0   _printf_lc.o
        10          0          0          0          0          0   _printf_ll.o
         6          0          0          0          0          0   _printf_lld.o
         6          0          0          0          0          0   _printf_lli.o
         6          0          0          0          0          0   _printf_llo.o
         6          0          0          0          0          0   _printf_llu.o
         6          0          0          0          0          0   _printf_llx.o
       124         16          0          0          0         92   _printf_longlong_dec.o
         6          0          0          0          0          0   _printf_ls.o
         6          0          0          0          0          0   _printf_n.o
         6          0          0          0          0          0   _printf_o.o
       112          8          0          0          0        124   _printf_oct_int_ll.o
         6          0          0          0          0          0   _printf_p.o
        78          0          0          0          0        108   _printf_pad.o
         0          0          0          0          0          0   _printf_percent.o
         4          0          0          0          0          0   _printf_percent_end.o
         6          0          0          0          0          0   _printf_s.o
        82          0          0          0          0         80   _printf_str.o
        36          0          0          0          0         84   _printf_truncate.o
         6          0          0          0          0          0   _printf_u.o
        44          0          0          0          0        108   _printf_wchar.o
       188          6          8          0          0         92   _printf_wctomb.o
         6          0          0          0          0          0   _printf_x.o
        16          0          0          0          0         68   _snputc.o
       228          4        148          0          0         96   bigflt0.o
      1936        128          0          0          0        668   btod.o
        18          0          0          0          0         80   exit.o
         6          0          0          0          0        152   heapauxi.o
         0          0          0          0          0          0   indicate_semi.o
        44         10        272          0          0         76   lc_ctype_c.o
        44         10         28          0          0         76   lc_numeric_c.o
         2          0          0          0          0          0   libinit.o
        30          0          0          0          0          0   libinit2.o
         2          0          0          0          0          0   libshutdown.o
         2          0          0          0          0          0   libshutdown2.o
         8          4          0          0         96         68   libspace.o
       138          0          0          0          0         80   lludiv10.o
        16          4          0          0          0         76   rt_ctype_table.o
         8          4          0          0          0         68   rt_locale_intlibspace.o
        68          0          0          0          0         68   rt_memclr.o
        78          0          0          0          0         80   rt_memclr_w.o
       138          0          0          0          0         68   rt_memcpy_v6.o
       100          0          0          0          0         80   rt_memcpy_w.o
         2          0          0          0          0          0   rtexit.o
        10          0          0          0          0          0   rtexit2.o
       128          0          0          0          0         68   strcmpv7m.o
        12          4          0          0          0         68   sys_exit.o
        74          0          0          0          0         80   sys_stackheap_outer.o
         2          0          0          0          0         68   use_no_semi.o
        60          4          0          0          0         80   vsnprintf.o
         4          0          0          0          0         68   printf1.o
         4          0          0          0          0         68   printf2.o
         0          0          0          0          0          0   usenofp.o
        40          0          0          0          0         68   fpclassify.o

    ----------------------------------------------------------------------
      7218        264        552          0         96       4328   Library Totals
        18          0          1          0          0          0   (incl. Padding)

    ----------------------------------------------------------------------

      Code (inc. data)   RO Data    RW Data    ZI Data      Debug   Library Name

      7152        264        551          0         96       4124   c_w.l
         8          0          0          0          0        136   fz_ws.l
        40          0          0          0          0         68   m_ws.l

    ----------------------------------------------------------------------
      7218        264        552          0         96       4328   Library Totals

    ----------------------------------------------------------------------

==============================================================================


      Code (inc. data)   RO Data    RW Data    ZI Data      Debug   

     19808        448        880         20       5852     276396   Grand Totals
     19808        448        880         20       5852     276396   ELF Image Totals
     19808        448        880         20          0          0   ROM Totals

==============================================================================

    Total RO  Size (Code + RO Data)                20688 (  20.20kB)
    Total RW  Size (RW Data + ZI Data)              5872 (   5.73kB)
    Total ROM Size (Code + RO Data + RW Data)      20708 (  20.22kB)

==============================================================================

